Identity added: /home/jordanw7/.ssh/id_ed25519 (cluster_key)
2025-10-30 08:45:24.586838: I tensorflow/core/util/port.cc:153] oneDNN custom operations are on. You may see slightly different numerical results due to floating-point round-off errors from different computation orders. To turn them off, set the environment variable `TF_ENABLE_ONEDNN_OPTS=0`.
2025-10-30 08:45:24.600255: E external/local_xla/xla/stream_executor/cuda/cuda_fft.cc:477] Unable to register cuFFT factory: Attempting to register factory for plugin cuFFT when one has already been registered
WARNING: All log messages before absl::InitializeLog() is called are written to STDERR
E0000 00:00:1761813924.614770 2940412 cuda_dnn.cc:8310] Unable to register cuDNN factory: Attempting to register factory for plugin cuDNN when one has already been registered
E0000 00:00:1761813924.619102 2940412 cuda_blas.cc:1418] Unable to register cuBLAS factory: Attempting to register factory for plugin cuBLAS when one has already been registered
2025-10-30 08:45:24.634196: I tensorflow/core/platform/cpu_feature_guard.cc:210] This TensorFlow binary is optimized to use available CPU instructions in performance-critical operations.
To enable the following instructions: AVX2 AVX512F AVX512_VNNI FMA, in other operations, rebuild TensorFlow with the appropriate compiler flags.
I0000 00:00:1761813992.612402 2940412 gpu_device.cc:2022] Created device /job:localhost/replica:0/task:0/device:GPU:0 with 10293 MB memory:  -> device: 0, name: NVIDIA A30 MIG 2g.12gb, pci bus id: 0000:98:00.0, compute capability: 8.0
2025-10-30 08:46:37.692746: E tensorflow/core/util/util.cc:131] oneDNN supports DT_HALF only on platforms with AVX-512. Falling back to the default Eigen-based implementation if present.
WARNING: All log messages before absl::InitializeLog() is called are written to STDERR
I0000 00:00:1761814019.488540 2940448 service.cc:148] XLA service 0x14a7ac0265c0 initialized for platform CUDA (this does not guarantee that XLA will be used). Devices:
I0000 00:00:1761814019.488633 2940448 service.cc:156]   StreamExecutor device (0): NVIDIA A30 MIG 2g.12gb, Compute Capability 8.0
I0000 00:00:1761814019.551404 2940448 cuda_dnn.cc:529] Loaded cuDNN version 91301
I0000 00:00:1761814019.628384 2940448 device_compiler.h:188] Compiled cluster using XLA!  This line is logged at most once for the lifetime of the process.
2025-10-30 08:47:20.225814: I tensorflow/compiler/mlir/tensorflow/utils/dump_mlir_util.cc:268] disabling MLIR crash reproducer, set env var `MLIR_CRASH_REPRODUCER_DIRECTORY` to enable.
2025-10-30 08:47:36.691380: W external/local_xla/xla/tsl/framework/bfc_allocator.cc:306] Allocator (GPU_0_bfc) ran out of memory trying to allocate 7.64GiB with freed_by_count=0. The caller indicates that this is not a failure, but this may mean that there could be performance gains if more memory were available.
2025-10-30 08:47:36.691498: W external/local_xla/xla/tsl/framework/bfc_allocator.cc:306] Allocator (GPU_0_bfc) ran out of memory trying to allocate 7.64GiB with freed_by_count=0. The caller indicates that this is not a failure, but this may mean that there could be performance gains if more memory were available.
2025-10-30 08:47:37.691617: E external/local_xla/xla/service/slow_operation_alarm.cc:65] Trying algorithm eng27{k2=1,k5=3,k14=5} for conv (f16[64,500,500,32]{3,2,1,0}, u8[0]{0}) custom-call(f16[64,500,500,32]{3,2,1,0}, f16[32,3,3,1]{3,2,1,0}), window={size=3x3 pad=1_1x1_1}, dim_labels=b01f_o01i->b01f, feature_group_count=32, custom_call_target="__cudnn$convForward", backend_config={"cudnn_conv_backend_config":{"activation_mode":"kNone","conv_result_scale":1,"leakyrelu_alpha":0,"side_input_scale":0},"force_earliest_schedule":false,"operation_queue_id":"0","wait_on_operation_queues":[]} is taking a while...
2025-10-30 08:47:40.612839: E external/local_xla/xla/service/slow_operation_alarm.cc:133] The operation took 3.921298648s
Trying algorithm eng27{k2=1,k5=3,k14=5} for conv (f16[64,500,500,32]{3,2,1,0}, u8[0]{0}) custom-call(f16[64,500,500,32]{3,2,1,0}, f16[32,3,3,1]{3,2,1,0}), window={size=3x3 pad=1_1x1_1}, dim_labels=b01f_o01i->b01f, feature_group_count=32, custom_call_target="__cudnn$convForward", backend_config={"cudnn_conv_backend_config":{"activation_mode":"kNone","conv_result_scale":1,"leakyrelu_alpha":0,"side_input_scale":0},"force_earliest_schedule":false,"operation_queue_id":"0","wait_on_operation_queues":[]} is taking a while...
2025-10-30 08:47:45.734421: E external/local_xla/xla/service/slow_operation_alarm.cc:65] Trying algorithm eng45{k2=4,k5=3,k14=3} for conv (f16[64,500,500,16]{3,2,1,0}, u8[0]{0}) custom-call(f16[64,500,500,16]{3,2,1,0}, f16[16,3,3,1]{3,2,1,0}), window={size=3x3 pad=1_1x1_1}, dim_labels=b01f_o01i->b01f, feature_group_count=16, custom_call_target="__cudnn$convForward", backend_config={"cudnn_conv_backend_config":{"activation_mode":"kNone","conv_result_scale":1,"leakyrelu_alpha":0,"side_input_scale":0},"force_earliest_schedule":false,"operation_queue_id":"0","wait_on_operation_queues":[]} is taking a while...
2025-10-30 08:47:46.043519: E external/local_xla/xla/service/slow_operation_alarm.cc:133] The operation took 1.309167369s
Trying algorithm eng45{k2=4,k5=3,k14=3} for conv (f16[64,500,500,16]{3,2,1,0}, u8[0]{0}) custom-call(f16[64,500,500,16]{3,2,1,0}, f16[16,3,3,1]{3,2,1,0}), window={size=3x3 pad=1_1x1_1}, dim_labels=b01f_o01i->b01f, feature_group_count=16, custom_call_target="__cudnn$convForward", backend_config={"cudnn_conv_backend_config":{"activation_mode":"kNone","conv_result_scale":1,"leakyrelu_alpha":0,"side_input_scale":0},"force_earliest_schedule":false,"operation_queue_id":"0","wait_on_operation_queues":[]} is taking a while...
2025-10-30 08:47:47.043706: E external/local_xla/xla/service/slow_operation_alarm.cc:65] Trying algorithm eng45{k2=1,k5=3,k14=5} for conv (f16[64,500,500,16]{3,2,1,0}, u8[0]{0}) custom-call(f16[64,500,500,16]{3,2,1,0}, f16[16,3,3,1]{3,2,1,0}), window={size=3x3 pad=1_1x1_1}, dim_labels=b01f_o01i->b01f, feature_group_count=16, custom_call_target="__cudnn$convForward", backend_config={"cudnn_conv_backend_config":{"activation_mode":"kNone","conv_result_scale":1,"leakyrelu_alpha":0,"side_input_scale":0},"force_earliest_schedule":false,"operation_queue_id":"0","wait_on_operation_queues":[]} is taking a while...
2025-10-30 08:47:47.588792: E external/local_xla/xla/service/slow_operation_alarm.cc:133] The operation took 1.545162773s
Trying algorithm eng45{k2=1,k5=3,k14=5} for conv (f16[64,500,500,16]{3,2,1,0}, u8[0]{0}) custom-call(f16[64,500,500,16]{3,2,1,0}, f16[16,3,3,1]{3,2,1,0}), window={size=3x3 pad=1_1x1_1}, dim_labels=b01f_o01i->b01f, feature_group_count=16, custom_call_target="__cudnn$convForward", backend_config={"cudnn_conv_backend_config":{"activation_mode":"kNone","conv_result_scale":1,"leakyrelu_alpha":0,"side_input_scale":0},"force_earliest_schedule":false,"operation_queue_id":"0","wait_on_operation_queues":[]} is taking a while...
2025-10-30 08:47:48.588957: E external/local_xla/xla/service/slow_operation_alarm.cc:65] Trying algorithm eng45{k2=0,k5=3,k14=3} for conv (f16[64,500,500,16]{3,2,1,0}, u8[0]{0}) custom-call(f16[64,500,500,16]{3,2,1,0}, f16[16,3,3,1]{3,2,1,0}), window={size=3x3 pad=1_1x1_1}, dim_labels=b01f_o01i->b01f, feature_group_count=16, custom_call_target="__cudnn$convForward", backend_config={"cudnn_conv_backend_config":{"activation_mode":"kNone","conv_result_scale":1,"leakyrelu_alpha":0,"side_input_scale":0},"force_earliest_schedule":false,"operation_queue_id":"0","wait_on_operation_queues":[]} is taking a while...
2025-10-30 08:47:49.335428: E external/local_xla/xla/service/slow_operation_alarm.cc:133] The operation took 1.746535859s
Trying algorithm eng45{k2=0,k5=3,k14=3} for conv (f16[64,500,500,16]{3,2,1,0}, u8[0]{0}) custom-call(f16[64,500,500,16]{3,2,1,0}, f16[16,3,3,1]{3,2,1,0}), window={size=3x3 pad=1_1x1_1}, dim_labels=b01f_o01i->b01f, feature_group_count=16, custom_call_target="__cudnn$convForward", backend_config={"cudnn_conv_backend_config":{"activation_mode":"kNone","conv_result_scale":1,"leakyrelu_alpha":0,"side_input_scale":0},"force_earliest_schedule":false,"operation_queue_id":"0","wait_on_operation_queues":[]} is taking a while...
2025-10-30 08:47:50.335613: E external/local_xla/xla/service/slow_operation_alarm.cc:65] Trying algorithm eng27{k2=1,k5=3,k14=5} for conv (f16[64,500,500,16]{3,2,1,0}, u8[0]{0}) custom-call(f16[64,500,500,16]{3,2,1,0}, f16[16,3,3,1]{3,2,1,0}), window={size=3x3 pad=1_1x1_1}, dim_labels=b01f_o01i->b01f, feature_group_count=16, custom_call_target="__cudnn$convForward", backend_config={"cudnn_conv_backend_config":{"activation_mode":"kNone","conv_result_scale":1,"leakyrelu_alpha":0,"side_input_scale":0},"force_earliest_schedule":false,"operation_queue_id":"0","wait_on_operation_queues":[]} is taking a while...
2025-10-30 08:47:51.224087: E external/local_xla/xla/service/slow_operation_alarm.cc:133] The operation took 1.888544108s
Trying algorithm eng27{k2=1,k5=3,k14=5} for conv (f16[64,500,500,16]{3,2,1,0}, u8[0]{0}) custom-call(f16[64,500,500,16]{3,2,1,0}, f16[16,3,3,1]{3,2,1,0}), window={size=3x3 pad=1_1x1_1}, dim_labels=b01f_o01i->b01f, feature_group_count=16, custom_call_target="__cudnn$convForward", backend_config={"cudnn_conv_backend_config":{"activation_mode":"kNone","conv_result_scale":1,"leakyrelu_alpha":0,"side_input_scale":0},"force_earliest_schedule":false,"operation_queue_id":"0","wait_on_operation_queues":[]} is taking a while...
2025-10-30 08:47:52.224303: E external/local_xla/xla/service/slow_operation_alarm.cc:65] Trying algorithm eng45{k2=5,k5=3,k14=6} for conv (f16[64,500,500,16]{3,2,1,0}, u8[0]{0}) custom-call(f16[64,500,500,16]{3,2,1,0}, f16[16,3,3,1]{3,2,1,0}), window={size=3x3 pad=1_1x1_1}, dim_labels=b01f_o01i->b01f, feature_group_count=16, custom_call_target="__cudnn$convForward", backend_config={"cudnn_conv_backend_config":{"activation_mode":"kNone","conv_result_scale":1,"leakyrelu_alpha":0,"side_input_scale":0},"force_earliest_schedule":false,"operation_queue_id":"0","wait_on_operation_queues":[]} is taking a while...
2025-10-30 08:47:53.226532: E external/local_xla/xla/service/slow_operation_alarm.cc:133] The operation took 2.002300171s
Trying algorithm eng45{k2=5,k5=3,k14=6} for conv (f16[64,500,500,16]{3,2,1,0}, u8[0]{0}) custom-call(f16[64,500,500,16]{3,2,1,0}, f16[16,3,3,1]{3,2,1,0}), window={size=3x3 pad=1_1x1_1}, dim_labels=b01f_o01i->b01f, feature_group_count=16, custom_call_target="__cudnn$convForward", backend_config={"cudnn_conv_backend_config":{"activation_mode":"kNone","conv_result_scale":1,"leakyrelu_alpha":0,"side_input_scale":0},"force_earliest_schedule":false,"operation_queue_id":"0","wait_on_operation_queues":[]} is taking a while...
2025-10-30 08:47:54.226712: E external/local_xla/xla/service/slow_operation_alarm.cc:65] Trying algorithm eng45{k2=5,k5=4,k14=4} for conv (f16[64,500,500,16]{3,2,1,0}, u8[0]{0}) custom-call(f16[64,500,500,16]{3,2,1,0}, f16[16,3,3,1]{3,2,1,0}), window={size=3x3 pad=1_1x1_1}, dim_labels=b01f_o01i->b01f, feature_group_count=16, custom_call_target="__cudnn$convForward", backend_config={"cudnn_conv_backend_config":{"activation_mode":"kNone","conv_result_scale":1,"leakyrelu_alpha":0,"side_input_scale":0},"force_earliest_schedule":false,"operation_queue_id":"0","wait_on_operation_queues":[]} is taking a while...
2025-10-30 08:47:56.665896: E external/local_xla/xla/service/slow_operation_alarm.cc:133] The operation took 3.439260482s
Trying algorithm eng45{k2=5,k5=4,k14=4} for conv (f16[64,500,500,16]{3,2,1,0}, u8[0]{0}) custom-call(f16[64,500,500,16]{3,2,1,0}, f16[16,3,3,1]{3,2,1,0}), window={size=3x3 pad=1_1x1_1}, dim_labels=b01f_o01i->b01f, feature_group_count=16, custom_call_target="__cudnn$convForward", backend_config={"cudnn_conv_backend_config":{"activation_mode":"kNone","conv_result_scale":1,"leakyrelu_alpha":0,"side_input_scale":0},"force_earliest_schedule":false,"operation_queue_id":"0","wait_on_operation_queues":[]} is taking a while...
2025-10-30 08:47:57.666065: E external/local_xla/xla/service/slow_operation_alarm.cc:65] Trying algorithm eng45{k2=7,k5=4,k14=2} for conv (f16[64,500,500,16]{3,2,1,0}, u8[0]{0}) custom-call(f16[64,500,500,16]{3,2,1,0}, f16[16,3,3,1]{3,2,1,0}), window={size=3x3 pad=1_1x1_1}, dim_labels=b01f_o01i->b01f, feature_group_count=16, custom_call_target="__cudnn$convForward", backend_config={"cudnn_conv_backend_config":{"activation_mode":"kNone","conv_result_scale":1,"leakyrelu_alpha":0,"side_input_scale":0},"force_earliest_schedule":false,"operation_queue_id":"0","wait_on_operation_queues":[]} is taking a while...
2025-10-30 08:47:59.758963: E external/local_xla/xla/service/slow_operation_alarm.cc:133] The operation took 3.092971005s
Trying algorithm eng45{k2=7,k5=4,k14=2} for conv (f16[64,500,500,16]{3,2,1,0}, u8[0]{0}) custom-call(f16[64,500,500,16]{3,2,1,0}, f16[16,3,3,1]{3,2,1,0}), window={size=3x3 pad=1_1x1_1}, dim_labels=b01f_o01i->b01f, feature_group_count=16, custom_call_target="__cudnn$convForward", backend_config={"cudnn_conv_backend_config":{"activation_mode":"kNone","conv_result_scale":1,"leakyrelu_alpha":0,"side_input_scale":0},"force_earliest_schedule":false,"operation_queue_id":"0","wait_on_operation_queues":[]} is taking a while...
2025-10-30 08:48:00.759151: E external/local_xla/xla/service/slow_operation_alarm.cc:65] Trying algorithm eng45{k2=6,k5=3,k14=2} for conv (f16[64,500,500,16]{3,2,1,0}, u8[0]{0}) custom-call(f16[64,500,500,16]{3,2,1,0}, f16[16,3,3,1]{3,2,1,0}), window={size=3x3 pad=1_1x1_1}, dim_labels=b01f_o01i->b01f, feature_group_count=16, custom_call_target="__cudnn$convForward", backend_config={"cudnn_conv_backend_config":{"activation_mode":"kNone","conv_result_scale":1,"leakyrelu_alpha":0,"side_input_scale":0},"force_earliest_schedule":false,"operation_queue_id":"0","wait_on_operation_queues":[]} is taking a while...
2025-10-30 08:48:02.678095: E external/local_xla/xla/service/slow_operation_alarm.cc:133] The operation took 2.918998044s
Trying algorithm eng45{k2=6,k5=3,k14=2} for conv (f16[64,500,500,16]{3,2,1,0}, u8[0]{0}) custom-call(f16[64,500,500,16]{3,2,1,0}, f16[16,3,3,1]{3,2,1,0}), window={size=3x3 pad=1_1x1_1}, dim_labels=b01f_o01i->b01f, feature_group_count=16, custom_call_target="__cudnn$convForward", backend_config={"cudnn_conv_backend_config":{"activation_mode":"kNone","conv_result_scale":1,"leakyrelu_alpha":0,"side_input_scale":0},"force_earliest_schedule":false,"operation_queue_id":"0","wait_on_operation_queues":[]} is taking a while...
2025-10-30 08:48:03.678349: E external/local_xla/xla/service/slow_operation_alarm.cc:65] Trying algorithm eng45{k2=9,k5=3,k14=3} for conv (f16[64,500,500,16]{3,2,1,0}, u8[0]{0}) custom-call(f16[64,500,500,16]{3,2,1,0}, f16[16,3,3,1]{3,2,1,0}), window={size=3x3 pad=1_1x1_1}, dim_labels=b01f_o01i->b01f, feature_group_count=16, custom_call_target="__cudnn$convForward", backend_config={"cudnn_conv_backend_config":{"activation_mode":"kNone","conv_result_scale":1,"leakyrelu_alpha":0,"side_input_scale":0},"force_earliest_schedule":false,"operation_queue_id":"0","wait_on_operation_queues":[]} is taking a while...
2025-10-30 08:48:05.573957: E external/local_xla/xla/service/slow_operation_alarm.cc:133] The operation took 2.895677913s
Trying algorithm eng45{k2=9,k5=3,k14=3} for conv (f16[64,500,500,16]{3,2,1,0}, u8[0]{0}) custom-call(f16[64,500,500,16]{3,2,1,0}, f16[16,3,3,1]{3,2,1,0}), window={size=3x3 pad=1_1x1_1}, dim_labels=b01f_o01i->b01f, feature_group_count=16, custom_call_target="__cudnn$convForward", backend_config={"cudnn_conv_backend_config":{"activation_mode":"kNone","conv_result_scale":1,"leakyrelu_alpha":0,"side_input_scale":0},"force_earliest_schedule":false,"operation_queue_id":"0","wait_on_operation_queues":[]} is taking a while...
2025-10-30 08:48:06.574138: E external/local_xla/xla/service/slow_operation_alarm.cc:65] Trying algorithm eng45{k2=0,k5=4,k14=3} for conv (f16[64,500,500,16]{3,2,1,0}, u8[0]{0}) custom-call(f16[64,500,500,16]{3,2,1,0}, f16[16,3,3,1]{3,2,1,0}), window={size=3x3 pad=1_1x1_1}, dim_labels=b01f_o01i->b01f, feature_group_count=16, custom_call_target="__cudnn$convForward", backend_config={"cudnn_conv_backend_config":{"activation_mode":"kNone","conv_result_scale":1,"leakyrelu_alpha":0,"side_input_scale":0},"force_earliest_schedule":false,"operation_queue_id":"0","wait_on_operation_queues":[]} is taking a while...
2025-10-30 08:48:08.723308: E external/local_xla/xla/service/slow_operation_alarm.cc:133] The operation took 3.149240709s
Trying algorithm eng45{k2=0,k5=4,k14=3} for conv (f16[64,500,500,16]{3,2,1,0}, u8[0]{0}) custom-call(f16[64,500,500,16]{3,2,1,0}, f16[16,3,3,1]{3,2,1,0}), window={size=3x3 pad=1_1x1_1}, dim_labels=b01f_o01i->b01f, feature_group_count=16, custom_call_target="__cudnn$convForward", backend_config={"cudnn_conv_backend_config":{"activation_mode":"kNone","conv_result_scale":1,"leakyrelu_alpha":0,"side_input_scale":0},"force_earliest_schedule":false,"operation_queue_id":"0","wait_on_operation_queues":[]} is taking a while...
2025-10-30 08:48:09.723473: E external/local_xla/xla/service/slow_operation_alarm.cc:65] Trying algorithm eng45{k2=6,k5=4,k14=2} for conv (f16[64,500,500,16]{3,2,1,0}, u8[0]{0}) custom-call(f16[64,500,500,16]{3,2,1,0}, f16[16,3,3,1]{3,2,1,0}), window={size=3x3 pad=1_1x1_1}, dim_labels=b01f_o01i->b01f, feature_group_count=16, custom_call_target="__cudnn$convForward", backend_config={"cudnn_conv_backend_config":{"activation_mode":"kNone","conv_result_scale":1,"leakyrelu_alpha":0,"side_input_scale":0},"force_earliest_schedule":false,"operation_queue_id":"0","wait_on_operation_queues":[]} is taking a while...
2025-10-30 08:48:13.560641: E external/local_xla/xla/service/slow_operation_alarm.cc:133] The operation took 4.837239241s
Trying algorithm eng45{k2=6,k5=4,k14=2} for conv (f16[64,500,500,16]{3,2,1,0}, u8[0]{0}) custom-call(f16[64,500,500,16]{3,2,1,0}, f16[16,3,3,1]{3,2,1,0}), window={size=3x3 pad=1_1x1_1}, dim_labels=b01f_o01i->b01f, feature_group_count=16, custom_call_target="__cudnn$convForward", backend_config={"cudnn_conv_backend_config":{"activation_mode":"kNone","conv_result_scale":1,"leakyrelu_alpha":0,"side_input_scale":0},"force_earliest_schedule":false,"operation_queue_id":"0","wait_on_operation_queues":[]} is taking a while...
2025-10-30 08:48:15.082081: W external/local_xla/xla/tsl/framework/bfc_allocator.cc:378] Garbage collection: deallocate free memory regions (i.e., allocations) so that we can re-allocate a larger region to avoid OOM due to memory fragmentation. If you see this message frequently, you are running near the threshold of the available device memory and re-allocation may incur great performance overhead. You may try smaller batch sizes to observe the performance impact. Set TF_ENABLE_GPU_GARBAGE_COLLECTION=false if you'd like to disable this feature.
2025-10-30 08:48:21.445872: E external/local_xla/xla/service/slow_operation_alarm.cc:65] Trying algorithm eng0{} for conv (f16[64,250,250,96]{3,2,1,0}, u8[0]{0}) custom-call(f16[64,501,501,96]{3,2,1,0}, f16[96,3,3,1]{3,2,1,0}), window={size=3x3 stride=2x2}, dim_labels=b01f_o01i->b01f, feature_group_count=96, custom_call_target="__cudnn$convForward", backend_config={"cudnn_conv_backend_config":{"activation_mode":"kNone","conv_result_scale":1,"leakyrelu_alpha":0,"side_input_scale":0},"force_earliest_schedule":false,"operation_queue_id":"0","wait_on_operation_queues":[]} is taking a while...
2025-10-30 08:48:22.103345: E external/local_xla/xla/service/slow_operation_alarm.cc:133] The operation took 1.65757534s
Trying algorithm eng0{} for conv (f16[64,250,250,96]{3,2,1,0}, u8[0]{0}) custom-call(f16[64,501,501,96]{3,2,1,0}, f16[96,3,3,1]{3,2,1,0}), window={size=3x3 stride=2x2}, dim_labels=b01f_o01i->b01f, feature_group_count=96, custom_call_target="__cudnn$convForward", backend_config={"cudnn_conv_backend_config":{"activation_mode":"kNone","conv_result_scale":1,"leakyrelu_alpha":0,"side_input_scale":0},"force_earliest_schedule":false,"operation_queue_id":"0","wait_on_operation_queues":[]} is taking a while...
2025-10-30 08:48:23.103657: E external/local_xla/xla/service/slow_operation_alarm.cc:65] Trying algorithm eng28{k2=4,k3=0} for conv (f16[64,250,250,96]{3,2,1,0}, u8[0]{0}) custom-call(f16[64,501,501,96]{3,2,1,0}, f16[96,3,3,1]{3,2,1,0}), window={size=3x3 stride=2x2}, dim_labels=b01f_o01i->b01f, feature_group_count=96, custom_call_target="__cudnn$convForward", backend_config={"cudnn_conv_backend_config":{"activation_mode":"kNone","conv_result_scale":1,"leakyrelu_alpha":0,"side_input_scale":0},"force_earliest_schedule":false,"operation_queue_id":"0","wait_on_operation_queues":[]} is taking a while...
2025-10-30 08:48:23.204629: E external/local_xla/xla/service/slow_operation_alarm.cc:133] The operation took 1.101069076s
Trying algorithm eng28{k2=4,k3=0} for conv (f16[64,250,250,96]{3,2,1,0}, u8[0]{0}) custom-call(f16[64,501,501,96]{3,2,1,0}, f16[96,3,3,1]{3,2,1,0}), window={size=3x3 stride=2x2}, dim_labels=b01f_o01i->b01f, feature_group_count=96, custom_call_target="__cudnn$convForward", backend_config={"cudnn_conv_backend_config":{"activation_mode":"kNone","conv_result_scale":1,"leakyrelu_alpha":0,"side_input_scale":0},"force_earliest_schedule":false,"operation_queue_id":"0","wait_on_operation_queues":[]} is taking a while...
2025-10-30 08:48:59.254112: E external/local_xla/xla/service/slow_operation_alarm.cc:65] Trying algorithm eng0{} for conv (f16[64,253,253,144]{3,2,1,0}, u8[0]{0}) custom-call(f16[64,257,257,144]{3,2,1,0}, f16[144,5,5,1]{3,2,1,0}), window={size=5x5}, dim_labels=b01f_o01i->b01f, feature_group_count=144, custom_call_target="__cudnn$convForward", backend_config={"cudnn_conv_backend_config":{"activation_mode":"kNone","conv_result_scale":1,"leakyrelu_alpha":0,"side_input_scale":0},"force_earliest_schedule":false,"operation_queue_id":"0","wait_on_operation_queues":[]} is taking a while...
2025-10-30 08:48:59.331559: E external/local_xla/xla/service/slow_operation_alarm.cc:133] The operation took 1.077512631s
Trying algorithm eng0{} for conv (f16[64,253,253,144]{3,2,1,0}, u8[0]{0}) custom-call(f16[64,257,257,144]{3,2,1,0}, f16[144,5,5,1]{3,2,1,0}), window={size=5x5}, dim_labels=b01f_o01i->b01f, feature_group_count=144, custom_call_target="__cudnn$convForward", backend_config={"cudnn_conv_backend_config":{"activation_mode":"kNone","conv_result_scale":1,"leakyrelu_alpha":0,"side_input_scale":0},"force_earliest_schedule":false,"operation_queue_id":"0","wait_on_operation_queues":[]} is taking a while...
2025-10-30 08:49:02.013374: W external/local_xla/xla/tsl/framework/bfc_allocator.cc:306] Allocator (GPU_0_bfc) ran out of memory trying to allocate 2.89GiB with freed_by_count=0. The caller indicates that this is not a failure, but this may mean that there could be performance gains if more memory were available.
2025-10-30 08:49:02.265460: W tensorflow/core/framework/op_kernel.cc:1841] OP_REQUIRES failed at xla_ops.cc:577 : UNKNOWN: Failed to determine best cudnn convolution algorithm for:
%cudnn-conv.535 = (f16[64,501,501,96]{3,2,1,0}, u8[0]{0}) custom-call(f16[64,503,503,96]{3,2,1,0} %pad.191, f16[96,3,3,1]{3,2,1,0} %bitcast.115727), window={size=3x3}, dim_labels=b01f_o01i->b01f, feature_group_count=96, custom_call_target="__cudnn$convForward", metadata={op_type="DepthwiseConv2dNativeBackpropInput" op_name="gradient_tape/functional_1/efficientnetb1_1/block2a_dwconv_1/depthwise/DepthwiseConv2dNativeBackpropInput" source_file="/home/jordanw7/.conda/envs/ADSAenv/lib/python3.11/site-packages/tensorflow/python/framework/ops.py" source_line=1196}, backend_config={"operation_queue_id":"0","wait_on_operation_queues":[],"cudnn_conv_backend_config":{"conv_result_scale":1,"activation_mode":"kNone","side_input_scale":0,"leakyrelu_alpha":0},"force_earliest_schedule":false}

Original error: RESOURCE_EXHAUSTED: Out of memory while trying to allocate 3101077504 bytes.

To ignore this failure and try to use a fallback algorithm (which may have suboptimal performance), use XLA_FLAGS=--xla_gpu_strict_conv_algorithm_picker=false.  Please also file a bug for the root cause of failing autotuning.
2025-10-30 08:49:02.267735: I tensorflow/core/framework/local_rendezvous.cc:405] Local rendezvous is aborting with status: UNKNOWN: Failed to determine best cudnn convolution algorithm for:
%cudnn-conv.535 = (f16[64,501,501,96]{3,2,1,0}, u8[0]{0}) custom-call(f16[64,503,503,96]{3,2,1,0} %pad.191, f16[96,3,3,1]{3,2,1,0} %bitcast.115727), window={size=3x3}, dim_labels=b01f_o01i->b01f, feature_group_count=96, custom_call_target="__cudnn$convForward", metadata={op_type="DepthwiseConv2dNativeBackpropInput" op_name="gradient_tape/functional_1/efficientnetb1_1/block2a_dwconv_1/depthwise/DepthwiseConv2dNativeBackpropInput" source_file="/home/jordanw7/.conda/envs/ADSAenv/lib/python3.11/site-packages/tensorflow/python/framework/ops.py" source_line=1196}, backend_config={"operation_queue_id":"0","wait_on_operation_queues":[],"cudnn_conv_backend_config":{"conv_result_scale":1,"activation_mode":"kNone","side_input_scale":0,"leakyrelu_alpha":0},"force_earliest_schedule":false}

Original error: RESOURCE_EXHAUSTED: Out of memory while trying to allocate 3101077504 bytes.

To ignore this failure and try to use a fallback algorithm (which may have suboptimal performance), use XLA_FLAGS=--xla_gpu_strict_conv_algorithm_picker=false.  Please also file a bug for the root cause of failing autotuning.
	 [[{{node StatefulPartitionedCall}}]]
Traceback (most recent call last):
  File "/home/jordanw7/koa_scratch/ADSA-AI/ADSA-AI-JordanWang/ModelScripts/EfficientNetFamily/SurfaceTension/11v/ModelSurfaceTensionENFV11.py", line 213, in <module>
    main()
  File "/home/jordanw7/koa_scratch/ADSA-AI/ADSA-AI-JordanWang/ModelScripts/EfficientNetFamily/SurfaceTension/11v/ModelSurfaceTensionENFV11.py", line 125, in main
    history = model.fit(train_gen,
              ^^^^^^^^^^^^^^^^^^^^
  File "/home/jordanw7/.conda/envs/ADSAenv/lib/python3.11/site-packages/keras/src/utils/traceback_utils.py", line 122, in error_handler
    raise e.with_traceback(filtered_tb) from None
  File "/home/jordanw7/.conda/envs/ADSAenv/lib/python3.11/site-packages/tensorflow/python/eager/execute.py", line 53, in quick_execute
    tensors = pywrap_tfe.TFE_Py_Execute(ctx._handle, device_name, op_name,
  ^^^^^^^^^^^^^^^^^^^^^^^^^^^^^^^^^^^^^^^^^^^^^^^^^^^^^^^^^^^^^^^^^^^^^^^^
tensorflow.python.framework.errors_impl.UnknownError: Graph execution error:

Detected at node StatefulPartitionedCall defined at (most recent call last):
  File "/home/jordanw7/koa_scratch/ADSA-AI/ADSA-AI-JordanWang/ModelScripts/EfficientNetFamily/SurfaceTension/11v/ModelSurfaceTensionENFV11.py", line 213, in <module>

  File "/home/jordanw7/koa_scratch/ADSA-AI/ADSA-AI-JordanWang/ModelScripts/EfficientNetFamily/SurfaceTension/11v/ModelSurfaceTensionENFV11.py", line 125, in main

  File "/home/jordanw7/.conda/envs/ADSAenv/lib/python3.11/site-packages/keras/src/utils/traceback_utils.py", line 117, in error_handler

  File "/home/jordanw7/.conda/envs/ADSAenv/lib/python3.11/site-packages/keras/src/backend/tensorflow/trainer.py", line 371, in fit

  File "/home/jordanw7/.conda/envs/ADSAenv/lib/python3.11/site-packages/keras/src/backend/tensorflow/trainer.py", line 219, in function

  File "/home/jordanw7/.conda/envs/ADSAenv/lib/python3.11/site-packages/keras/src/backend/tensorflow/trainer.py", line 132, in multi_step_on_iterator

Failed to determine best cudnn convolution algorithm for:
%cudnn-conv.535 = (f16[64,501,501,96]{3,2,1,0}, u8[0]{0}) custom-call(f16[64,503,503,96]{3,2,1,0} %pad.191, f16[96,3,3,1]{3,2,1,0} %bitcast.115727), window={size=3x3}, dim_labels=b01f_o01i->b01f, feature_group_count=96, custom_call_target="__cudnn$convForward", metadata={op_type="DepthwiseConv2dNativeBackpropInput" op_name="gradient_tape/functional_1/efficientnetb1_1/block2a_dwconv_1/depthwise/DepthwiseConv2dNativeBackpropInput" source_file="/home/jordanw7/.conda/envs/ADSAenv/lib/python3.11/site-packages/tensorflow/python/framework/ops.py" source_line=1196}, backend_config={"operation_queue_id":"0","wait_on_operation_queues":[],"cudnn_conv_backend_config":{"conv_result_scale":1,"activation_mode":"kNone","side_input_scale":0,"leakyrelu_alpha":0},"force_earliest_schedule":false}

Original error: RESOURCE_EXHAUSTED: Out of memory while trying to allocate 3101077504 bytes.

To ignore this failure and try to use a fallback algorithm (which may have suboptimal performance), use XLA_FLAGS=--xla_gpu_strict_conv_algorithm_picker=false.  Please also file a bug for the root cause of failing autotuning.
	 [[{{node StatefulPartitionedCall}}]] [Op:__inference_multi_step_on_iterator_81179]
