Agent pid 912145
Already up to date.
Image directory path: /tmp/DataSetCombined/Edges
Output CSV path: /tmp/DataSetCombined/output_params.csv
Base model input shape: (None, 800, 800, 3)
Epoch 1/50
<<<<<<< HEAD
=======
[main c8d2cd1] Predictions saved for job 8749258
 Committer: Jordan Wang <jordanw7@gn-16-26-00.mana.ci.its.hawaii.edu>
Your name and email address were configured automatically based
on your username and hostname. Please check that they are accurate.
You can suppress this message by setting them explicitly. Run the
following command and follow the instructions in your editor to edit
your configuration file:

    git config --global --edit

After doing this, you may fix the identity used for this commit with:

    git commit --amend --reset-author

 15 files changed, 756 insertions(+), 1 deletion(-)
 create mode 100644 ModelScripts/EfficientNetFamily/SurfaceTension/5v/best_SurfaceTensinoENFv5.keras
 create mode 100644 ModelScripts/EfficientNetFamily/SurfaceTension/5v/model-8749241.err
 create mode 100644 ModelScripts/EfficientNetFamily/SurfaceTension/5v/model-8749241.out
 create mode 100644 ModelScripts/EfficientNetFamily/SurfaceTension/6v/SurfaceTension_Model_Large_Cust_V6_stats.json
 create mode 100644 ModelScripts/EfficientNetFamily/SurfaceTension/6v/model-8749257.err
 create mode 100644 ModelScripts/EfficientNetFamily/SurfaceTension/6v/model-8749257.out
 create mode 100644 ModelScripts/EfficientNetFamily/SurfaceTension/7v/SurfaceTension_Model_Large_Cust_V7_stats.json
 create mode 100644 ModelScripts/EfficientNetFamily/SurfaceTension/7v/model-8749258.err
 create mode 100644 ModelScripts/EfficientNetFamily/SurfaceTension/7v/model-8749258.out
 create mode 100644 ModelScripts/EfficientNetFamily/SurfaceTension/8v/SurfaceTension_Model_Large_Cust_V8_stats.json
 create mode 100644 ModelScripts/EfficientNetFamily/SurfaceTension/8v/model-8749259.err
 create mode 100644 ModelScripts/EfficientNetFamily/SurfaceTension/8v/model-8749259.out
>>>>>>> 82f5d0634c2ad5837f8155ebd51d65efad0a9a30
