Identity added: /home/jordanw7/.ssh/id_ed25519 (cluster_key)
From github.com:JordanT-MWang/ADSA-AI-JordanWang
   58761dc..27a4a0b  main       -> origin/main
2025-11-17 09:20:13.974194: I tensorflow/core/util/port.cc:153] oneDNN custom operations are on. You may see slightly different numerical results due to floating-point round-off errors from different computation orders. To turn them off, set the environment variable `TF_ENABLE_ONEDNN_OPTS=0`.
2025-11-17 09:20:13.986360: E external/local_xla/xla/stream_executor/cuda/cuda_fft.cc:477] Unable to register cuFFT factory: Attempting to register factory for plugin cuFFT when one has already been registered
WARNING: All log messages before absl::InitializeLog() is called are written to STDERR
E0000 00:00:1763371213.999808 2666681 cuda_dnn.cc:8310] Unable to register cuDNN factory: Attempting to register factory for plugin cuDNN when one has already been registered
E0000 00:00:1763371214.003854 2666681 cuda_blas.cc:1418] Unable to register cuBLAS factory: Attempting to register factory for plugin cuBLAS when one has already been registered
2025-11-17 09:20:14.017523: I tensorflow/core/platform/cpu_feature_guard.cc:210] This TensorFlow binary is optimized to use available CPU instructions in performance-critical operations.
To enable the following instructions: AVX2 AVX512F AVX512_VNNI FMA, in other operations, rebuild TensorFlow with the appropriate compiler flags.
I0000 00:00:1763371220.056197 2666681 gpu_device.cc:2022] Created device /job:localhost/replica:0/task:0/device:GPU:0 with 14271 MB memory:  -> device: 0, name: NVIDIA RTX A4000, pci bus id: 0000:23:00.0, compute capability: 8.6
2025-11-17 09:20:26.014719: E tensorflow/core/util/util.cc:131] oneDNN supports DT_HALF only on platforms with AVX-512. Falling back to the default Eigen-based implementation if present.
WARNING: All log messages before absl::InitializeLog() is called are written to STDERR
I0000 00:00:1763371227.287596 2666722 service.cc:148] XLA service 0x1512e0006370 initialized for platform CUDA (this does not guarantee that XLA will be used). Devices:
I0000 00:00:1763371227.287694 2666722 service.cc:156]   StreamExecutor device (0): NVIDIA RTX A4000, Compute Capability 8.6
I0000 00:00:1763371227.317000 2666722 cuda_dnn.cc:529] Loaded cuDNN version 91301
I0000 00:00:1763371227.352321 2666722 device_compiler.h:188] Compiled cluster using XLA!  This line is logged at most once for the lifetime of the process.
2025-11-17 09:20:28.705625: I tensorflow/compiler/mlir/tensorflow/utils/dump_mlir_util.cc:268] disabling MLIR crash reproducer, set env var `MLIR_CRASH_REPRODUCER_DIRECTORY` to enable.
E0000 00:00:1763371235.926064 2666723 buffer_comparator.cc:157] Difference at 0: 64480, expected 49216
E0000 00:00:1763371235.926177 2666723 buffer_comparator.cc:157] Difference at 1: 64064, expected 48768
E0000 00:00:1763371235.926187 2666723 buffer_comparator.cc:157] Difference at 2: 64320, expected 49056
E0000 00:00:1763371235.926194 2666723 buffer_comparator.cc:157] Difference at 3: 64640, expected 49312
E0000 00:00:1763371235.926201 2666723 buffer_comparator.cc:157] Difference at 4: 64352, expected 49088
E0000 00:00:1763371235.926207 2666723 buffer_comparator.cc:157] Difference at 5: 64608, expected 49280
E0000 00:00:1763371235.926213 2666723 buffer_comparator.cc:157] Difference at 6: 64288, expected 48992
E0000 00:00:1763371235.926219 2666723 buffer_comparator.cc:157] Difference at 7: 63840, expected 48640
E0000 00:00:1763371235.926225 2666723 buffer_comparator.cc:157] Difference at 8: 64096, expected 48928
E0000 00:00:1763371235.926231 2666723 buffer_comparator.cc:157] Difference at 9: 64160, expected 48928
2025-11-17 09:20:35.926254: E external/local_xla/xla/service/gpu/autotuning/conv_algorithm_picker.cc:771] Results mismatch between different convolution algorithms. This is likely a bug/unexpected loss of precision in cudnn.
(f16[8,3,3,1]{3,2,1,0}, u8[0]{0}) custom-call(f16[32,1000,800,1]{3,2,1,0}, f16[32,1000,800,8]{3,2,1,0}), window={size=3x3 pad=1_1x1_1}, dim_labels=b01f_o01i->b01f, custom_call_target="__cudnn$convBackwardFilter", backend_config={"cudnn_conv_backend_config":{"activation_mode":"kNone","conv_result_scale":1,"leakyrelu_alpha":0,"side_input_scale":0},"force_earliest_schedule":false,"operation_queue_id":"0","wait_on_operation_queues":[]} for eng39{k2=11,k6=0,k12=285,k13=1,k14=0,k15=0,k17=286,k22=3} vs eng9{k2=8,k13=1,k14=4,k18=1,k23=0}
2025-11-17 09:20:35.926310: E external/local_xla/xla/service/gpu/autotuning/conv_algorithm_picker.cc:325] Device: NVIDIA RTX A4000
2025-11-17 09:20:35.926320: E external/local_xla/xla/service/gpu/autotuning/conv_algorithm_picker.cc:326] Platform: Compute Capability 8.6
2025-11-17 09:20:35.926330: E external/local_xla/xla/service/gpu/autotuning/conv_algorithm_picker.cc:327] Driver: 12.9.0
2025-11-17 09:20:35.926338: E external/local_xla/xla/service/gpu/autotuning/conv_algorithm_picker.cc:328] Runtime: 12.2.0
2025-11-17 09:20:35.926349: E external/local_xla/xla/service/gpu/autotuning/conv_algorithm_picker.cc:333] cudnn version: 9.13.1
E0000 00:00:1763371236.762067 2666723 buffer_comparator.cc:157] Difference at 0: 64480, expected 49216
E0000 00:00:1763371236.762141 2666723 buffer_comparator.cc:157] Difference at 1: 64064, expected 48768
E0000 00:00:1763371236.762150 2666723 buffer_comparator.cc:157] Difference at 2: 64320, expected 49056
E0000 00:00:1763371236.762156 2666723 buffer_comparator.cc:157] Difference at 3: 64640, expected 49312
E0000 00:00:1763371236.762162 2666723 buffer_comparator.cc:157] Difference at 4: 64352, expected 49088
E0000 00:00:1763371236.762168 2666723 buffer_comparator.cc:157] Difference at 5: 64608, expected 49280
E0000 00:00:1763371236.762174 2666723 buffer_comparator.cc:157] Difference at 6: 64288, expected 48992
E0000 00:00:1763371236.762181 2666723 buffer_comparator.cc:157] Difference at 7: 63840, expected 48640
E0000 00:00:1763371236.762187 2666723 buffer_comparator.cc:157] Difference at 8: 64096, expected 48928
E0000 00:00:1763371236.762193 2666723 buffer_comparator.cc:157] Difference at 9: 64160, expected 48928
2025-11-17 09:20:36.762208: E external/local_xla/xla/service/gpu/autotuning/conv_algorithm_picker.cc:771] Results mismatch between different convolution algorithms. This is likely a bug/unexpected loss of precision in cudnn.
(f16[8,3,3,1]{3,2,1,0}, u8[0]{0}) custom-call(f16[32,1000,800,1]{3,2,1,0}, f16[32,1000,800,8]{3,2,1,0}), window={size=3x3 pad=1_1x1_1}, dim_labels=b01f_o01i->b01f, custom_call_target="__cudnn$convBackwardFilter", backend_config={"cudnn_conv_backend_config":{"activation_mode":"kNone","conv_result_scale":1,"leakyrelu_alpha":0,"side_input_scale":0},"force_earliest_schedule":false,"operation_queue_id":"0","wait_on_operation_queues":[]} for eng39{k2=11,k6=0,k12=285,k13=1,k14=0,k15=0,k17=286,k22=3} vs eng9{k2=1,k13=0,k14=4,k18=1,k23=0}
2025-11-17 09:20:36.762231: E external/local_xla/xla/service/gpu/autotuning/conv_algorithm_picker.cc:325] Device: NVIDIA RTX A4000
2025-11-17 09:20:36.762240: E external/local_xla/xla/service/gpu/autotuning/conv_algorithm_picker.cc:326] Platform: Compute Capability 8.6
2025-11-17 09:20:36.762248: E external/local_xla/xla/service/gpu/autotuning/conv_algorithm_picker.cc:327] Driver: 12.9.0
2025-11-17 09:20:36.762256: E external/local_xla/xla/service/gpu/autotuning/conv_algorithm_picker.cc:328] Runtime: 12.2.0
2025-11-17 09:20:36.762265: E external/local_xla/xla/service/gpu/autotuning/conv_algorithm_picker.cc:333] cudnn version: 9.13.1
E0000 00:00:1763371237.672774 2666723 buffer_comparator.cc:157] Difference at 0: 64480, expected 49216
E0000 00:00:1763371237.672848 2666723 buffer_comparator.cc:157] Difference at 1: 64064, expected 48768
E0000 00:00:1763371237.672856 2666723 buffer_comparator.cc:157] Difference at 2: 64320, expected 49056
E0000 00:00:1763371237.672862 2666723 buffer_comparator.cc:157] Difference at 3: 64640, expected 49312
E0000 00:00:1763371237.672868 2666723 buffer_comparator.cc:157] Difference at 4: 64352, expected 49088
E0000 00:00:1763371237.672874 2666723 buffer_comparator.cc:157] Difference at 5: 64608, expected 49280
E0000 00:00:1763371237.672880 2666723 buffer_comparator.cc:157] Difference at 6: 64288, expected 48992
E0000 00:00:1763371237.672899 2666723 buffer_comparator.cc:157] Difference at 7: 63840, expected 48640
E0000 00:00:1763371237.672908 2666723 buffer_comparator.cc:157] Difference at 8: 64096, expected 48928
E0000 00:00:1763371237.672914 2666723 buffer_comparator.cc:157] Difference at 9: 64160, expected 48928
2025-11-17 09:20:37.672932: E external/local_xla/xla/service/gpu/autotuning/conv_algorithm_picker.cc:771] Results mismatch between different convolution algorithms. This is likely a bug/unexpected loss of precision in cudnn.
(f16[8,3,3,1]{3,2,1,0}, u8[0]{0}) custom-call(f16[32,1000,800,1]{3,2,1,0}, f16[32,1000,800,8]{3,2,1,0}), window={size=3x3 pad=1_1x1_1}, dim_labels=b01f_o01i->b01f, custom_call_target="__cudnn$convBackwardFilter", backend_config={"cudnn_conv_backend_config":{"activation_mode":"kNone","conv_result_scale":1,"leakyrelu_alpha":0,"side_input_scale":0},"force_earliest_schedule":false,"operation_queue_id":"0","wait_on_operation_queues":[]} for eng39{k2=11,k6=0,k12=285,k13=1,k14=0,k15=0,k17=286,k22=3} vs eng9{k2=1,k13=1,k14=2,k18=1,k23=0}
2025-11-17 09:20:37.672957: E external/local_xla/xla/service/gpu/autotuning/conv_algorithm_picker.cc:325] Device: NVIDIA RTX A4000
2025-11-17 09:20:37.672965: E external/local_xla/xla/service/gpu/autotuning/conv_algorithm_picker.cc:326] Platform: Compute Capability 8.6
2025-11-17 09:20:37.672977: E external/local_xla/xla/service/gpu/autotuning/conv_algorithm_picker.cc:327] Driver: 12.9.0
2025-11-17 09:20:37.672985: E external/local_xla/xla/service/gpu/autotuning/conv_algorithm_picker.cc:328] Runtime: 12.2.0
2025-11-17 09:20:37.672996: E external/local_xla/xla/service/gpu/autotuning/conv_algorithm_picker.cc:333] cudnn version: 9.13.1
E0000 00:00:1763371238.671622 2666723 buffer_comparator.cc:157] Difference at 0: 64480, expected 49216
E0000 00:00:1763371238.671679 2666723 buffer_comparator.cc:157] Difference at 1: 64064, expected 48768
E0000 00:00:1763371238.671686 2666723 buffer_comparator.cc:157] Difference at 2: 64320, expected 49056
E0000 00:00:1763371238.671692 2666723 buffer_comparator.cc:157] Difference at 3: 64640, expected 49312
E0000 00:00:1763371238.671698 2666723 buffer_comparator.cc:157] Difference at 4: 64352, expected 49088
E0000 00:00:1763371238.671704 2666723 buffer_comparator.cc:157] Difference at 5: 64608, expected 49280
E0000 00:00:1763371238.671711 2666723 buffer_comparator.cc:157] Difference at 6: 64288, expected 48992
E0000 00:00:1763371238.671717 2666723 buffer_comparator.cc:157] Difference at 7: 63840, expected 48640
E0000 00:00:1763371238.671723 2666723 buffer_comparator.cc:157] Difference at 8: 64096, expected 48928
E0000 00:00:1763371238.671729 2666723 buffer_comparator.cc:157] Difference at 9: 64160, expected 48928
2025-11-17 09:20:38.671752: E external/local_xla/xla/service/gpu/autotuning/conv_algorithm_picker.cc:771] Results mismatch between different convolution algorithms. This is likely a bug/unexpected loss of precision in cudnn.
(f16[8,3,3,1]{3,2,1,0}, u8[0]{0}) custom-call(f16[32,1000,800,1]{3,2,1,0}, f16[32,1000,800,8]{3,2,1,0}), window={size=3x3 pad=1_1x1_1}, dim_labels=b01f_o01i->b01f, custom_call_target="__cudnn$convBackwardFilter", backend_config={"cudnn_conv_backend_config":{"activation_mode":"kNone","conv_result_scale":1,"leakyrelu_alpha":0,"side_input_scale":0},"force_earliest_schedule":false,"operation_queue_id":"0","wait_on_operation_queues":[]} for eng39{k2=11,k6=0,k12=285,k13=1,k14=0,k15=0,k17=286,k22=3} vs eng9{k2=7,k13=0,k14=4,k18=1,k23=0}
2025-11-17 09:20:38.671777: E external/local_xla/xla/service/gpu/autotuning/conv_algorithm_picker.cc:325] Device: NVIDIA RTX A4000
2025-11-17 09:20:38.671786: E external/local_xla/xla/service/gpu/autotuning/conv_algorithm_picker.cc:326] Platform: Compute Capability 8.6
2025-11-17 09:20:38.671794: E external/local_xla/xla/service/gpu/autotuning/conv_algorithm_picker.cc:327] Driver: 12.9.0
2025-11-17 09:20:38.671802: E external/local_xla/xla/service/gpu/autotuning/conv_algorithm_picker.cc:328] Runtime: 12.2.0
2025-11-17 09:20:38.671812: E external/local_xla/xla/service/gpu/autotuning/conv_algorithm_picker.cc:333] cudnn version: 9.13.1
2025-11-17 09:20:39.672002: E external/local_xla/xla/service/slow_operation_alarm.cc:65] Trying algorithm eng9{k2=0,k13=0,k14=3,k18=1,k23=0} for conv (f16[8,3,3,1]{3,2,1,0}, u8[0]{0}) custom-call(f16[32,1000,800,1]{3,2,1,0}, f16[32,1000,800,8]{3,2,1,0}), window={size=3x3 pad=1_1x1_1}, dim_labels=b01f_o01i->b01f, custom_call_target="__cudnn$convBackwardFilter", backend_config={"cudnn_conv_backend_config":{"activation_mode":"kNone","conv_result_scale":1,"leakyrelu_alpha":0,"side_input_scale":0},"force_earliest_schedule":false,"operation_queue_id":"0","wait_on_operation_queues":[]} is taking a while...
E0000 00:00:1763371240.250063 2666723 buffer_comparator.cc:157] Difference at 0: 64480, expected 49216
E0000 00:00:1763371240.250126 2666723 buffer_comparator.cc:157] Difference at 1: 64064, expected 48768
E0000 00:00:1763371240.250134 2666723 buffer_comparator.cc:157] Difference at 2: 64320, expected 49056
E0000 00:00:1763371240.250140 2666723 buffer_comparator.cc:157] Difference at 3: 64640, expected 49312
E0000 00:00:1763371240.250146 2666723 buffer_comparator.cc:157] Difference at 4: 64352, expected 49088
E0000 00:00:1763371240.250152 2666723 buffer_comparator.cc:157] Difference at 5: 64608, expected 49280
E0000 00:00:1763371240.250159 2666723 buffer_comparator.cc:157] Difference at 6: 64288, expected 48992
E0000 00:00:1763371240.250165 2666723 buffer_comparator.cc:157] Difference at 7: 63840, expected 48640
E0000 00:00:1763371240.250171 2666723 buffer_comparator.cc:157] Difference at 8: 64096, expected 48928
E0000 00:00:1763371240.250177 2666723 buffer_comparator.cc:157] Difference at 9: 64160, expected 48928
2025-11-17 09:20:40.250196: E external/local_xla/xla/service/gpu/autotuning/conv_algorithm_picker.cc:771] Results mismatch between different convolution algorithms. This is likely a bug/unexpected loss of precision in cudnn.
(f16[8,3,3,1]{3,2,1,0}, u8[0]{0}) custom-call(f16[32,1000,800,1]{3,2,1,0}, f16[32,1000,800,8]{3,2,1,0}), window={size=3x3 pad=1_1x1_1}, dim_labels=b01f_o01i->b01f, custom_call_target="__cudnn$convBackwardFilter", backend_config={"cudnn_conv_backend_config":{"activation_mode":"kNone","conv_result_scale":1,"leakyrelu_alpha":0,"side_input_scale":0},"force_earliest_schedule":false,"operation_queue_id":"0","wait_on_operation_queues":[]} for eng39{k2=11,k6=0,k12=285,k13=1,k14=0,k15=0,k17=286,k22=3} vs eng9{k2=0,k13=0,k14=3,k18=1,k23=0}
2025-11-17 09:20:40.250219: E external/local_xla/xla/service/gpu/autotuning/conv_algorithm_picker.cc:325] Device: NVIDIA RTX A4000
2025-11-17 09:20:40.250227: E external/local_xla/xla/service/gpu/autotuning/conv_algorithm_picker.cc:326] Platform: Compute Capability 8.6
2025-11-17 09:20:40.250236: E external/local_xla/xla/service/gpu/autotuning/conv_algorithm_picker.cc:327] Driver: 12.9.0
2025-11-17 09:20:40.250243: E external/local_xla/xla/service/gpu/autotuning/conv_algorithm_picker.cc:328] Runtime: 12.2.0
2025-11-17 09:20:40.250254: E external/local_xla/xla/service/gpu/autotuning/conv_algorithm_picker.cc:333] cudnn version: 9.13.1
2025-11-17 09:20:40.250277: E external/local_xla/xla/service/slow_operation_alarm.cc:133] The operation took 1.578398495s
Trying algorithm eng9{k2=0,k13=0,k14=3,k18=1,k23=0} for conv (f16[8,3,3,1]{3,2,1,0}, u8[0]{0}) custom-call(f16[32,1000,800,1]{3,2,1,0}, f16[32,1000,800,8]{3,2,1,0}), window={size=3x3 pad=1_1x1_1}, dim_labels=b01f_o01i->b01f, custom_call_target="__cudnn$convBackwardFilter", backend_config={"cudnn_conv_backend_config":{"activation_mode":"kNone","conv_result_scale":1,"leakyrelu_alpha":0,"side_input_scale":0},"force_earliest_schedule":false,"operation_queue_id":"0","wait_on_operation_queues":[]} is taking a while...
2025-11-17 09:20:41.250400: E external/local_xla/xla/service/slow_operation_alarm.cc:65] Trying algorithm eng45{k2=3,k5=3,k14=2} for conv (f16[8,3,3,1]{3,2,1,0}, u8[0]{0}) custom-call(f16[32,1000,800,1]{3,2,1,0}, f16[32,1000,800,8]{3,2,1,0}), window={size=3x3 pad=1_1x1_1}, dim_labels=b01f_o01i->b01f, custom_call_target="__cudnn$convBackwardFilter", backend_config={"cudnn_conv_backend_config":{"activation_mode":"kNone","conv_result_scale":1,"leakyrelu_alpha":0,"side_input_scale":0},"force_earliest_schedule":false,"operation_queue_id":"0","wait_on_operation_queues":[]} is taking a while...
E0000 00:00:1763371243.093524 2666723 buffer_comparator.cc:157] Difference at 0: 64480, expected 49216
E0000 00:00:1763371243.093582 2666723 buffer_comparator.cc:157] Difference at 1: 64064, expected 48768
E0000 00:00:1763371243.093589 2666723 buffer_comparator.cc:157] Difference at 2: 64320, expected 49056
E0000 00:00:1763371243.093595 2666723 buffer_comparator.cc:157] Difference at 3: 64640, expected 49312
E0000 00:00:1763371243.093601 2666723 buffer_comparator.cc:157] Difference at 4: 64352, expected 49088
E0000 00:00:1763371243.093607 2666723 buffer_comparator.cc:157] Difference at 5: 64608, expected 49280
E0000 00:00:1763371243.093613 2666723 buffer_comparator.cc:157] Difference at 6: 64288, expected 48992
E0000 00:00:1763371243.093619 2666723 buffer_comparator.cc:157] Difference at 7: 63840, expected 48640
E0000 00:00:1763371243.093625 2666723 buffer_comparator.cc:157] Difference at 8: 64096, expected 48928
E0000 00:00:1763371243.093632 2666723 buffer_comparator.cc:157] Difference at 9: 64160, expected 48928
2025-11-17 09:20:43.093651: E external/local_xla/xla/service/gpu/autotuning/conv_algorithm_picker.cc:771] Results mismatch between different convolution algorithms. This is likely a bug/unexpected loss of precision in cudnn.
(f16[8,3,3,1]{3,2,1,0}, u8[0]{0}) custom-call(f16[32,1000,800,1]{3,2,1,0}, f16[32,1000,800,8]{3,2,1,0}), window={size=3x3 pad=1_1x1_1}, dim_labels=b01f_o01i->b01f, custom_call_target="__cudnn$convBackwardFilter", backend_config={"cudnn_conv_backend_config":{"activation_mode":"kNone","conv_result_scale":1,"leakyrelu_alpha":0,"side_input_scale":0},"force_earliest_schedule":false,"operation_queue_id":"0","wait_on_operation_queues":[]} for eng39{k2=11,k6=0,k12=285,k13=1,k14=0,k15=0,k17=286,k22=3} vs eng45{k2=3,k5=3,k14=2}
2025-11-17 09:20:43.093679: E external/local_xla/xla/service/gpu/autotuning/conv_algorithm_picker.cc:325] Device: NVIDIA RTX A4000
2025-11-17 09:20:43.093688: E external/local_xla/xla/service/gpu/autotuning/conv_algorithm_picker.cc:326] Platform: Compute Capability 8.6
2025-11-17 09:20:43.093696: E external/local_xla/xla/service/gpu/autotuning/conv_algorithm_picker.cc:327] Driver: 12.9.0
2025-11-17 09:20:43.093704: E external/local_xla/xla/service/gpu/autotuning/conv_algorithm_picker.cc:328] Runtime: 12.2.0
2025-11-17 09:20:43.093714: E external/local_xla/xla/service/gpu/autotuning/conv_algorithm_picker.cc:333] cudnn version: 9.13.1
2025-11-17 09:20:43.093731: E external/local_xla/xla/service/slow_operation_alarm.cc:133] The operation took 2.843423206s
Trying algorithm eng45{k2=3,k5=3,k14=2} for conv (f16[8,3,3,1]{3,2,1,0}, u8[0]{0}) custom-call(f16[32,1000,800,1]{3,2,1,0}, f16[32,1000,800,8]{3,2,1,0}), window={size=3x3 pad=1_1x1_1}, dim_labels=b01f_o01i->b01f, custom_call_target="__cudnn$convBackwardFilter", backend_config={"cudnn_conv_backend_config":{"activation_mode":"kNone","conv_result_scale":1,"leakyrelu_alpha":0,"side_input_scale":0},"force_earliest_schedule":false,"operation_queue_id":"0","wait_on_operation_queues":[]} is taking a while...
2025-11-17 09:20:44.093851: E external/local_xla/xla/service/slow_operation_alarm.cc:65] Trying algorithm eng9{k2=6,k13=0,k14=2,k18=1,k23=0} for conv (f16[8,3,3,1]{3,2,1,0}, u8[0]{0}) custom-call(f16[32,1000,800,1]{3,2,1,0}, f16[32,1000,800,8]{3,2,1,0}), window={size=3x3 pad=1_1x1_1}, dim_labels=b01f_o01i->b01f, custom_call_target="__cudnn$convBackwardFilter", backend_config={"cudnn_conv_backend_config":{"activation_mode":"kNone","conv_result_scale":1,"leakyrelu_alpha":0,"side_input_scale":0},"force_earliest_schedule":false,"operation_queue_id":"0","wait_on_operation_queues":[]} is taking a while...
E0000 00:00:1763371246.202324 2666723 buffer_comparator.cc:157] Difference at 0: 64480, expected 49216
E0000 00:00:1763371246.202397 2666723 buffer_comparator.cc:157] Difference at 1: 64064, expected 48768
E0000 00:00:1763371246.202415 2666723 buffer_comparator.cc:157] Difference at 2: 64320, expected 49056
E0000 00:00:1763371246.202423 2666723 buffer_comparator.cc:157] Difference at 3: 64640, expected 49312
E0000 00:00:1763371246.202429 2666723 buffer_comparator.cc:157] Difference at 4: 64352, expected 49088
E0000 00:00:1763371246.202435 2666723 buffer_comparator.cc:157] Difference at 5: 64608, expected 49280
E0000 00:00:1763371246.202441 2666723 buffer_comparator.cc:157] Difference at 6: 64288, expected 48992
E0000 00:00:1763371246.202448 2666723 buffer_comparator.cc:157] Difference at 7: 63840, expected 48640
E0000 00:00:1763371246.202454 2666723 buffer_comparator.cc:157] Difference at 8: 64096, expected 48928
E0000 00:00:1763371246.202460 2666723 buffer_comparator.cc:157] Difference at 9: 64160, expected 48928
2025-11-17 09:20:46.202479: E external/local_xla/xla/service/gpu/autotuning/conv_algorithm_picker.cc:771] Results mismatch between different convolution algorithms. This is likely a bug/unexpected loss of precision in cudnn.
(f16[8,3,3,1]{3,2,1,0}, u8[0]{0}) custom-call(f16[32,1000,800,1]{3,2,1,0}, f16[32,1000,800,8]{3,2,1,0}), window={size=3x3 pad=1_1x1_1}, dim_labels=b01f_o01i->b01f, custom_call_target="__cudnn$convBackwardFilter", backend_config={"cudnn_conv_backend_config":{"activation_mode":"kNone","conv_result_scale":1,"leakyrelu_alpha":0,"side_input_scale":0},"force_earliest_schedule":false,"operation_queue_id":"0","wait_on_operation_queues":[]} for eng39{k2=11,k6=0,k12=285,k13=1,k14=0,k15=0,k17=286,k22=3} vs eng9{k2=6,k13=0,k14=2,k18=1,k23=0}
2025-11-17 09:20:46.202506: E external/local_xla/xla/service/gpu/autotuning/conv_algorithm_picker.cc:325] Device: NVIDIA RTX A4000
2025-11-17 09:20:46.202514: E external/local_xla/xla/service/gpu/autotuning/conv_algorithm_picker.cc:326] Platform: Compute Capability 8.6
2025-11-17 09:20:46.202523: E external/local_xla/xla/service/gpu/autotuning/conv_algorithm_picker.cc:327] Driver: 12.9.0
2025-11-17 09:20:46.202531: E external/local_xla/xla/service/gpu/autotuning/conv_algorithm_picker.cc:328] Runtime: 12.2.0
2025-11-17 09:20:46.202542: E external/local_xla/xla/service/gpu/autotuning/conv_algorithm_picker.cc:333] cudnn version: 9.13.1
2025-11-17 09:20:46.202559: E external/local_xla/xla/service/slow_operation_alarm.cc:133] The operation took 3.10879232s
Trying algorithm eng9{k2=6,k13=0,k14=2,k18=1,k23=0} for conv (f16[8,3,3,1]{3,2,1,0}, u8[0]{0}) custom-call(f16[32,1000,800,1]{3,2,1,0}, f16[32,1000,800,8]{3,2,1,0}), window={size=3x3 pad=1_1x1_1}, dim_labels=b01f_o01i->b01f, custom_call_target="__cudnn$convBackwardFilter", backend_config={"cudnn_conv_backend_config":{"activation_mode":"kNone","conv_result_scale":1,"leakyrelu_alpha":0,"side_input_scale":0},"force_earliest_schedule":false,"operation_queue_id":"0","wait_on_operation_queues":[]} is taking a while...
2025-11-17 09:20:54.957545: E external/local_xla/xla/service/slow_operation_alarm.cc:65] Trying algorithm eng0{} for conv (f16[32,3,3,16]{3,2,1,0}, u8[0]{0}) custom-call(f16[32,250,200,16]{3,2,1,0}, f16[32,250,200,32]{3,2,1,0}), window={size=3x3 pad=1_1x1_1}, dim_labels=b01f_o01i->b01f, custom_call_target="__cudnn$convBackwardFilter", backend_config={"cudnn_conv_backend_config":{"activation_mode":"kNone","conv_result_scale":1,"leakyrelu_alpha":0,"side_input_scale":0},"force_earliest_schedule":false,"operation_queue_id":"0","wait_on_operation_queues":[]} is taking a while...
2025-11-17 09:20:56.690422: E external/local_xla/xla/service/slow_operation_alarm.cc:133] The operation took 2.732961345s
Trying algorithm eng0{} for conv (f16[32,3,3,16]{3,2,1,0}, u8[0]{0}) custom-call(f16[32,250,200,16]{3,2,1,0}, f16[32,250,200,32]{3,2,1,0}), window={size=3x3 pad=1_1x1_1}, dim_labels=b01f_o01i->b01f, custom_call_target="__cudnn$convBackwardFilter", backend_config={"cudnn_conv_backend_config":{"activation_mode":"kNone","conv_result_scale":1,"leakyrelu_alpha":0,"side_input_scale":0},"force_earliest_schedule":false,"operation_queue_id":"0","wait_on_operation_queues":[]} is taking a while...
2025-11-17 13:02:03.545836: I tensorflow/core/framework/local_rendezvous.cc:405] Local rendezvous is aborting with status: OUT_OF_RANGE: End of sequence
