Agent pid 2991079
Updating 6051148..f0b9c3d
Fast-forward
 ModelScripts/EfficientNetFamily/DataGenerator.py | 6 ++++--
 1 file changed, 4 insertions(+), 2 deletions(-)
Image directory path: /home/jordanw7/koa_scratch/ADSA-AI/DataSetCombined/Edges
Output CSV path: /home/jordanw7/koa_scratch/ADSA-AI/DataSetCombined/output_params.csv
[INFO] Computed normalization stats: mean=[9.9271584e-01 6.0119742e-04], std=[0.00061441 0.00056276]
[main e8ca1d1] Predictions saved for job 8743138
 Committer: Jordan Wang <jordanw7@gn-15-35-00.mana.ci.its.hawaii.edu>
Your name and email address were configured automatically based
on your username and hostname. Please check that they are accurate.
You can suppress this message by setting them explicitly. Run the
following command and follow the instructions in your editor to edit
your configuration file:

    git config --global --edit

After doing this, you may fix the identity used for this commit with:

    git commit --amend --reset-author

 6 files changed, 59 insertions(+), 1 deletion(-)
 create mode 100644 ModelScripts/EfficientNetFamily/SurfaceTension/1v/model-8743138.err
 create mode 100644 ModelScripts/EfficientNetFamily/SurfaceTension/1v/model-8743138.out
