Agent pid 2975963
Updating 7e750e6..0e705a9
Fast-forward
 ModelScripts/EfficientNetFamily/DataGenerator.py       |  4 ++--
 .../SurfaceTension/1v/ModelSurfaceTensionENFv1.py      | 18 +++++++++++-------
 .../SurfaceTension/v4/ModelSurfaceTensionCustV4.py     |  1 -
 3 files changed, 13 insertions(+), 10 deletions(-)
Image directory path: /home/jordanw7/koa_scratch/ADSA-AI/DataSetCombined/Edges
Output CSV path: /home/jordanw7/koa_scratch/ADSA-AI/DataSetCombined/output_params.csv
[INFO] Computed normalization stats: mean=[9.9271584e-01 6.0119742e-04], std=[0.00061441 0.00056276]
[main fde6852] Predictions saved for job 8742951
 Committer: Jordan Wang <jordanw7@gn-15-35-00.mana.ci.its.hawaii.edu>
Your name and email address were configured automatically based
on your username and hostname. Please check that they are accurate.
You can suppress this message by setting them explicitly. Run the
following command and follow the instructions in your editor to edit
your configuration file:

    git config --global --edit

After doing this, you may fix the identity used for this commit with:

    git commit --amend --reset-author

 7 files changed, 122 insertions(+), 1 deletion(-)
 create mode 100644 ModelScripts/EfficientNetFamily/SurfaceTension/1v/model-8742951.err
 create mode 100644 ModelScripts/EfficientNetFamily/SurfaceTension/1v/model-8742951.out
