
The following have been reloaded with a version change:
  1) compiler/GCCcore/14.2.0 => compiler/GCCcore/13.2.0
  2) devel/ncurses/6.5-GCCcore-14.2.0 => devel/ncurses/6.4-GCCcore-13.2.0
  3) lang/Perl/5.40.0-GCCcore-14.2.0 => lang/Perl/5.38.0-GCCcore-13.2.0
  4) lib/libiconv/1.18-GCCcore-14.2.0 => lib/libiconv/1.17-GCCcore-13.2.0
  5) lib/libxml2/2.13.4-GCCcore-14.2.0 => lib/libxml2/2.11.5-GCCcore-13.2.0
  6) lib/zlib/1.3.1-GCCcore-14.2.0 => lib/zlib/1.2.13-GCCcore-13.2.0
  7) system/OpenSSL/3 => system/OpenSSL/1.1
  8) tools/XZ/5.6.3-GCCcore-14.2.0 => tools/XZ/5.4.4-GCCcore-13.2.0
  9) tools/cURL/8.11.1-GCCcore-14.2.0 => tools/cURL/8.3.0-GCCcore-13.2.0
 10) tools/expat/2.6.4-GCCcore-14.2.0 => tools/expat/2.5.0-GCCcore-13.2.0
 11) tools/gettext/0.24-GCCcore-14.2.0 => tools/gettext/0.22-GCCcore-13.2.0
 12) tools/git/2.49.0-GCCcore-14.2.0 => tools/git/2.42.0-GCCcore-13.2.0

Identity added: /home/jordanw7/.ssh/id_ed25519 (cluster_key)
2025-10-27 23:28:03.176259: I tensorflow/core/util/port.cc:153] oneDNN custom operations are on. You may see slightly different numerical results due to floating-point round-off errors from different computation orders. To turn them off, set the environment variable `TF_ENABLE_ONEDNN_OPTS=0`.
2025-10-27 23:28:19.745196: I tensorflow/core/platform/cpu_feature_guard.cc:210] This TensorFlow binary is optimized to use available CPU instructions in performance-critical operations.
To enable the following instructions: AVX2 AVX512F AVX512_VNNI FMA, in other operations, rebuild TensorFlow with the appropriate compiler flags.
2025-10-27 23:28:57.464609: I tensorflow/core/util/port.cc:153] oneDNN custom operations are on. You may see slightly different numerical results due to floating-point round-off errors from different computation orders. To turn them off, set the environment variable `TF_ENABLE_ONEDNN_OPTS=0`.
WARNING: All log messages before absl::InitializeLog() is called are written to STDERR
I0000 00:00:1761608109.627164 3763488 gpu_device.cc:2020] Created device /job:localhost/replica:0/task:0/device:GPU:0 with 31134 MB memory:  -> device: 0, name: Tesla V100-SXM2-32GB, pci bus id: 0000:3a:00.0, compute capability: 7.0
2025-10-27 23:35:10.439753: E tensorflow/core/util/util.cc:131] oneDNN supports DT_HALF only on platforms with AVX-512. Falling back to the default Eigen-based implementation if present.
Traceback (most recent call last):
  File "/home/jordanw7/koa_scratch/ADSA-AI/ADSA-AI-JordanWang/ModelScripts/EfficientNetFamily/SurfaceTension/1v/ModelSurfaceTensionENFv1.py", line 196, in <module>
    main()
  File "/home/jordanw7/koa_scratch/ADSA-AI/ADSA-AI-JordanWang/ModelScripts/EfficientNetFamily/SurfaceTension/1v/ModelSurfaceTensionENFv1.py", line 85, in main
    model = create_model(input_image_shape=(500, 500, 3), input_param_size=2)
            ^^^^^^^^^^^^^^^^^^^^^^^^^^^^^^^^^^^^^^^^^^^^^^^^^^^^^^^^^^^^^^^^^
  File "/home/jordanw7/koa_scratch/ADSA-AI/ADSA-AI-JordanWang/ModelScripts/EfficientNetFamily/SurfaceTension/1v/ModelSurfaceTensionENFv1.py", line 40, in create_model
    base_model = EfficientNetB2(input_shape=input_image_shape, include_top=False, weights='imagenet')
                 ^^^^^^^^^^^^^^^^^^^^^^^^^^^^^^^^^^^^^^^^^^^^^^^^^^^^^^^^^^^^^^^^^^^^^^^^^^^^^^^^^^^^
  File "/home/jordanw7/.local/lib/python3.11/site-packages/keras/src/applications/efficientnet.py", line 637, in EfficientNetB2
    return EfficientNet(
           ^^^^^^^^^^^^^
  File "/home/jordanw7/.local/lib/python3.11/site-packages/keras/src/applications/efficientnet.py", line 434, in EfficientNet
    model.load_weights(weights_path)
  File "/home/jordanw7/.local/lib/python3.11/site-packages/keras/src/utils/traceback_utils.py", line 122, in error_handler
    raise e.with_traceback(filtered_tb) from None
  File "/home/jordanw7/.local/lib/python3.11/site-packages/keras/src/legacy/saving/legacy_h5_format.py", line 452, in _set_weights
    raise ValueError(
ValueError: Shape mismatch in layer #1 (named stem_conv)for weight stem_conv/kernel. Weight expects shape (3, 3, 1, 32). Received saved weight with shape (3, 3, 3, 32)
