Identity added: /home/jordanw7/.ssh/id_ed25519 (cluster_key)
2025-11-15 03:29:40.244249: I tensorflow/core/util/port.cc:153] oneDNN custom operations are on. You may see slightly different numerical results due to floating-point round-off errors from different computation orders. To turn them off, set the environment variable `TF_ENABLE_ONEDNN_OPTS=0`.
2025-11-15 03:29:40.256310: E external/local_xla/xla/stream_executor/cuda/cuda_fft.cc:477] Unable to register cuFFT factory: Attempting to register factory for plugin cuFFT when one has already been registered
WARNING: All log messages before absl::InitializeLog() is called are written to STDERR
E0000 00:00:1763177380.270260 2597606 cuda_dnn.cc:8310] Unable to register cuDNN factory: Attempting to register factory for plugin cuDNN when one has already been registered
E0000 00:00:1763177380.274505 2597606 cuda_blas.cc:1418] Unable to register cuBLAS factory: Attempting to register factory for plugin cuBLAS when one has already been registered
2025-11-15 03:29:40.288637: I tensorflow/core/platform/cpu_feature_guard.cc:210] This TensorFlow binary is optimized to use available CPU instructions in performance-critical operations.
To enable the following instructions: AVX2 AVX512F AVX512_VNNI FMA, in other operations, rebuild TensorFlow with the appropriate compiler flags.
I0000 00:00:1763177385.586966 2597606 gpu_device.cc:2022] Created device /job:localhost/replica:0/task:0/device:GPU:0 with 14271 MB memory:  -> device: 0, name: NVIDIA RTX A4000, pci bus id: 0000:23:00.0, compute capability: 8.6
2025-11-15 03:29:51.630602: E tensorflow/core/util/util.cc:131] oneDNN supports DT_HALF only on platforms with AVX-512. Falling back to the default Eigen-based implementation if present.
WARNING: All log messages before absl::InitializeLog() is called are written to STDERR
I0000 00:00:1763177393.153424 2597648 service.cc:148] XLA service 0x14fc30016550 initialized for platform CUDA (this does not guarantee that XLA will be used). Devices:
I0000 00:00:1763177393.153535 2597648 service.cc:156]   StreamExecutor device (0): NVIDIA RTX A4000, Compute Capability 8.6
I0000 00:00:1763177393.189648 2597648 cuda_dnn.cc:529] Loaded cuDNN version 91301
I0000 00:00:1763177393.233220 2597648 device_compiler.h:188] Compiled cluster using XLA!  This line is logged at most once for the lifetime of the process.
2025-11-15 03:29:54.859757: I tensorflow/compiler/mlir/tensorflow/utils/dump_mlir_util.cc:268] disabling MLIR crash reproducer, set env var `MLIR_CRASH_REPRODUCER_DIRECTORY` to enable.
E0000 00:00:1763177402.614101 2597648 buffer_comparator.cc:157] Difference at 0: 64352, expected 49120
E0000 00:00:1763177402.615331 2597648 buffer_comparator.cc:157] Difference at 1: 64512, expected 49152
E0000 00:00:1763177402.615355 2597648 buffer_comparator.cc:157] Difference at 2: 64032, expected 48768
E0000 00:00:1763177402.615362 2597648 buffer_comparator.cc:157] Difference at 3: 64096, expected 48896
E0000 00:00:1763177402.615369 2597648 buffer_comparator.cc:157] Difference at 4: 64384, expected 49120
E0000 00:00:1763177402.615375 2597648 buffer_comparator.cc:157] Difference at 5: 64512, expected 49248
E0000 00:00:1763177402.615382 2597648 buffer_comparator.cc:157] Difference at 6: 64192, expected 49024
E0000 00:00:1763177402.615388 2597648 buffer_comparator.cc:157] Difference at 7: 64096, expected 48768
E0000 00:00:1763177402.615394 2597648 buffer_comparator.cc:157] Difference at 8: 64256, expected 49024
E0000 00:00:1763177402.615400 2597648 buffer_comparator.cc:157] Difference at 9: 64352, expected 49024
2025-11-15 03:30:02.615431: E external/local_xla/xla/service/gpu/autotuning/conv_algorithm_picker.cc:771] Results mismatch between different convolution algorithms. This is likely a bug/unexpected loss of precision in cudnn.
(f16[4,3,3,1]{3,2,1,0}, u8[0]{0}) custom-call(f16[32,1000,800,1]{3,2,1,0}, f16[32,1000,800,4]{3,2,1,0}), window={size=3x3 pad=1_1x1_1}, dim_labels=b01f_o01i->b01f, custom_call_target="__cudnn$convBackwardFilter", backend_config={"cudnn_conv_backend_config":{"activation_mode":"kNone","conv_result_scale":1,"leakyrelu_alpha":0,"side_input_scale":0},"force_earliest_schedule":false,"operation_queue_id":"0","wait_on_operation_queues":[]} for eng39{k2=11,k6=0,k12=321,k13=1,k14=0,k15=0,k17=322,k22=3} vs eng9{k2=8,k13=1,k14=4,k18=1,k23=0}
2025-11-15 03:30:02.615472: E external/local_xla/xla/service/gpu/autotuning/conv_algorithm_picker.cc:325] Device: NVIDIA RTX A4000
2025-11-15 03:30:02.615482: E external/local_xla/xla/service/gpu/autotuning/conv_algorithm_picker.cc:326] Platform: Compute Capability 8.6
2025-11-15 03:30:02.615491: E external/local_xla/xla/service/gpu/autotuning/conv_algorithm_picker.cc:327] Driver: 12.9.0
2025-11-15 03:30:02.615499: E external/local_xla/xla/service/gpu/autotuning/conv_algorithm_picker.cc:328] Runtime: 12.2.0
2025-11-15 03:30:02.615511: E external/local_xla/xla/service/gpu/autotuning/conv_algorithm_picker.cc:333] cudnn version: 9.13.1
E0000 00:00:1763177403.466570 2597648 buffer_comparator.cc:157] Difference at 0: 64352, expected 49120
E0000 00:00:1763177403.466626 2597648 buffer_comparator.cc:157] Difference at 1: 64512, expected 49152
E0000 00:00:1763177403.466634 2597648 buffer_comparator.cc:157] Difference at 2: 64032, expected 48768
E0000 00:00:1763177403.466641 2597648 buffer_comparator.cc:157] Difference at 3: 64096, expected 48896
E0000 00:00:1763177403.466647 2597648 buffer_comparator.cc:157] Difference at 4: 64384, expected 49120
E0000 00:00:1763177403.466654 2597648 buffer_comparator.cc:157] Difference at 5: 64512, expected 49248
E0000 00:00:1763177403.466660 2597648 buffer_comparator.cc:157] Difference at 6: 64192, expected 49024
E0000 00:00:1763177403.466666 2597648 buffer_comparator.cc:157] Difference at 7: 64096, expected 48768
E0000 00:00:1763177403.466673 2597648 buffer_comparator.cc:157] Difference at 8: 64256, expected 49024
E0000 00:00:1763177403.466679 2597648 buffer_comparator.cc:157] Difference at 9: 64352, expected 49024
2025-11-15 03:30:03.466695: E external/local_xla/xla/service/gpu/autotuning/conv_algorithm_picker.cc:771] Results mismatch between different convolution algorithms. This is likely a bug/unexpected loss of precision in cudnn.
(f16[4,3,3,1]{3,2,1,0}, u8[0]{0}) custom-call(f16[32,1000,800,1]{3,2,1,0}, f16[32,1000,800,4]{3,2,1,0}), window={size=3x3 pad=1_1x1_1}, dim_labels=b01f_o01i->b01f, custom_call_target="__cudnn$convBackwardFilter", backend_config={"cudnn_conv_backend_config":{"activation_mode":"kNone","conv_result_scale":1,"leakyrelu_alpha":0,"side_input_scale":0},"force_earliest_schedule":false,"operation_queue_id":"0","wait_on_operation_queues":[]} for eng39{k2=11,k6=0,k12=321,k13=1,k14=0,k15=0,k17=322,k22=3} vs eng9{k2=1,k13=0,k14=4,k18=1,k23=0}
2025-11-15 03:30:03.466718: E external/local_xla/xla/service/gpu/autotuning/conv_algorithm_picker.cc:325] Device: NVIDIA RTX A4000
2025-11-15 03:30:03.466727: E external/local_xla/xla/service/gpu/autotuning/conv_algorithm_picker.cc:326] Platform: Compute Capability 8.6
2025-11-15 03:30:03.466735: E external/local_xla/xla/service/gpu/autotuning/conv_algorithm_picker.cc:327] Driver: 12.9.0
2025-11-15 03:30:03.466744: E external/local_xla/xla/service/gpu/autotuning/conv_algorithm_picker.cc:328] Runtime: 12.2.0
2025-11-15 03:30:03.466753: E external/local_xla/xla/service/gpu/autotuning/conv_algorithm_picker.cc:333] cudnn version: 9.13.1
E0000 00:00:1763177404.393865 2597648 buffer_comparator.cc:157] Difference at 0: 64352, expected 49120
E0000 00:00:1763177404.395127 2597648 buffer_comparator.cc:157] Difference at 1: 64512, expected 49152
E0000 00:00:1763177404.395155 2597648 buffer_comparator.cc:157] Difference at 2: 64032, expected 48768
E0000 00:00:1763177404.395162 2597648 buffer_comparator.cc:157] Difference at 3: 64096, expected 48896
E0000 00:00:1763177404.395169 2597648 buffer_comparator.cc:157] Difference at 4: 64384, expected 49120
E0000 00:00:1763177404.395176 2597648 buffer_comparator.cc:157] Difference at 5: 64512, expected 49248
E0000 00:00:1763177404.395182 2597648 buffer_comparator.cc:157] Difference at 6: 64192, expected 49024
E0000 00:00:1763177404.395189 2597648 buffer_comparator.cc:157] Difference at 7: 64096, expected 48768
E0000 00:00:1763177404.395201 2597648 buffer_comparator.cc:157] Difference at 8: 64256, expected 49024
E0000 00:00:1763177404.395208 2597648 buffer_comparator.cc:157] Difference at 9: 64352, expected 49024
2025-11-15 03:30:04.395231: E external/local_xla/xla/service/gpu/autotuning/conv_algorithm_picker.cc:771] Results mismatch between different convolution algorithms. This is likely a bug/unexpected loss of precision in cudnn.
(f16[4,3,3,1]{3,2,1,0}, u8[0]{0}) custom-call(f16[32,1000,800,1]{3,2,1,0}, f16[32,1000,800,4]{3,2,1,0}), window={size=3x3 pad=1_1x1_1}, dim_labels=b01f_o01i->b01f, custom_call_target="__cudnn$convBackwardFilter", backend_config={"cudnn_conv_backend_config":{"activation_mode":"kNone","conv_result_scale":1,"leakyrelu_alpha":0,"side_input_scale":0},"force_earliest_schedule":false,"operation_queue_id":"0","wait_on_operation_queues":[]} for eng39{k2=11,k6=0,k12=321,k13=1,k14=0,k15=0,k17=322,k22=3} vs eng9{k2=1,k13=1,k14=2,k18=1,k23=0}
2025-11-15 03:30:04.395260: E external/local_xla/xla/service/gpu/autotuning/conv_algorithm_picker.cc:325] Device: NVIDIA RTX A4000
2025-11-15 03:30:04.395269: E external/local_xla/xla/service/gpu/autotuning/conv_algorithm_picker.cc:326] Platform: Compute Capability 8.6
2025-11-15 03:30:04.395278: E external/local_xla/xla/service/gpu/autotuning/conv_algorithm_picker.cc:327] Driver: 12.9.0
2025-11-15 03:30:04.395286: E external/local_xla/xla/service/gpu/autotuning/conv_algorithm_picker.cc:328] Runtime: 12.2.0
2025-11-15 03:30:04.395299: E external/local_xla/xla/service/gpu/autotuning/conv_algorithm_picker.cc:333] cudnn version: 9.13.1
2025-11-15 03:30:05.395422: E external/local_xla/xla/service/slow_operation_alarm.cc:65] Trying algorithm eng9{k2=7,k13=0,k14=4,k18=1,k23=0} for conv (f16[4,3,3,1]{3,2,1,0}, u8[0]{0}) custom-call(f16[32,1000,800,1]{3,2,1,0}, f16[32,1000,800,4]{3,2,1,0}), window={size=3x3 pad=1_1x1_1}, dim_labels=b01f_o01i->b01f, custom_call_target="__cudnn$convBackwardFilter", backend_config={"cudnn_conv_backend_config":{"activation_mode":"kNone","conv_result_scale":1,"leakyrelu_alpha":0,"side_input_scale":0},"force_earliest_schedule":false,"operation_queue_id":"0","wait_on_operation_queues":[]} is taking a while...
E0000 00:00:1763177405.413428 2597648 buffer_comparator.cc:157] Difference at 0: 64352, expected 49120
E0000 00:00:1763177405.413469 2597648 buffer_comparator.cc:157] Difference at 1: 64512, expected 49152
E0000 00:00:1763177405.413477 2597648 buffer_comparator.cc:157] Difference at 2: 64032, expected 48768
E0000 00:00:1763177405.413484 2597648 buffer_comparator.cc:157] Difference at 3: 64096, expected 48896
E0000 00:00:1763177405.413490 2597648 buffer_comparator.cc:157] Difference at 4: 64384, expected 49120
E0000 00:00:1763177405.413496 2597648 buffer_comparator.cc:157] Difference at 5: 64512, expected 49248
E0000 00:00:1763177405.413502 2597648 buffer_comparator.cc:157] Difference at 6: 64192, expected 49024
E0000 00:00:1763177405.413508 2597648 buffer_comparator.cc:157] Difference at 7: 64096, expected 48768
E0000 00:00:1763177405.413514 2597648 buffer_comparator.cc:157] Difference at 8: 64256, expected 49024
E0000 00:00:1763177405.413520 2597648 buffer_comparator.cc:157] Difference at 9: 64352, expected 49024
2025-11-15 03:30:05.413535: E external/local_xla/xla/service/gpu/autotuning/conv_algorithm_picker.cc:771] Results mismatch between different convolution algorithms. This is likely a bug/unexpected loss of precision in cudnn.
(f16[4,3,3,1]{3,2,1,0}, u8[0]{0}) custom-call(f16[32,1000,800,1]{3,2,1,0}, f16[32,1000,800,4]{3,2,1,0}), window={size=3x3 pad=1_1x1_1}, dim_labels=b01f_o01i->b01f, custom_call_target="__cudnn$convBackwardFilter", backend_config={"cudnn_conv_backend_config":{"activation_mode":"kNone","conv_result_scale":1,"leakyrelu_alpha":0,"side_input_scale":0},"force_earliest_schedule":false,"operation_queue_id":"0","wait_on_operation_queues":[]} for eng39{k2=11,k6=0,k12=321,k13=1,k14=0,k15=0,k17=322,k22=3} vs eng9{k2=7,k13=0,k14=4,k18=1,k23=0}
2025-11-15 03:30:05.413554: E external/local_xla/xla/service/gpu/autotuning/conv_algorithm_picker.cc:325] Device: NVIDIA RTX A4000
2025-11-15 03:30:05.413572: E external/local_xla/xla/service/gpu/autotuning/conv_algorithm_picker.cc:326] Platform: Compute Capability 8.6
2025-11-15 03:30:05.413581: E external/local_xla/xla/service/gpu/autotuning/conv_algorithm_picker.cc:327] Driver: 12.9.0
2025-11-15 03:30:05.413590: E external/local_xla/xla/service/gpu/autotuning/conv_algorithm_picker.cc:328] Runtime: 12.2.0
2025-11-15 03:30:05.413600: E external/local_xla/xla/service/gpu/autotuning/conv_algorithm_picker.cc:333] cudnn version: 9.13.1
2025-11-15 03:30:05.413617: E external/local_xla/xla/service/slow_operation_alarm.cc:133] The operation took 1.018277376s
Trying algorithm eng9{k2=7,k13=0,k14=4,k18=1,k23=0} for conv (f16[4,3,3,1]{3,2,1,0}, u8[0]{0}) custom-call(f16[32,1000,800,1]{3,2,1,0}, f16[32,1000,800,4]{3,2,1,0}), window={size=3x3 pad=1_1x1_1}, dim_labels=b01f_o01i->b01f, custom_call_target="__cudnn$convBackwardFilter", backend_config={"cudnn_conv_backend_config":{"activation_mode":"kNone","conv_result_scale":1,"leakyrelu_alpha":0,"side_input_scale":0},"force_earliest_schedule":false,"operation_queue_id":"0","wait_on_operation_queues":[]} is taking a while...
2025-11-15 03:30:06.413720: E external/local_xla/xla/service/slow_operation_alarm.cc:65] Trying algorithm eng45{k2=3,k5=3,k14=2} for conv (f16[4,3,3,1]{3,2,1,0}, u8[0]{0}) custom-call(f16[32,1000,800,1]{3,2,1,0}, f16[32,1000,800,4]{3,2,1,0}), window={size=3x3 pad=1_1x1_1}, dim_labels=b01f_o01i->b01f, custom_call_target="__cudnn$convBackwardFilter", backend_config={"cudnn_conv_backend_config":{"activation_mode":"kNone","conv_result_scale":1,"leakyrelu_alpha":0,"side_input_scale":0},"force_earliest_schedule":false,"operation_queue_id":"0","wait_on_operation_queues":[]} is taking a while...
E0000 00:00:1763177408.288842 2597648 buffer_comparator.cc:157] Difference at 0: 64352, expected 49120
E0000 00:00:1763177408.290627 2597648 buffer_comparator.cc:157] Difference at 1: 64512, expected 49152
E0000 00:00:1763177408.290654 2597648 buffer_comparator.cc:157] Difference at 2: 64032, expected 48768
E0000 00:00:1763177408.290661 2597648 buffer_comparator.cc:157] Difference at 3: 64096, expected 48896
E0000 00:00:1763177408.290668 2597648 buffer_comparator.cc:157] Difference at 4: 64384, expected 49120
E0000 00:00:1763177408.290675 2597648 buffer_comparator.cc:157] Difference at 5: 64512, expected 49248
E0000 00:00:1763177408.290681 2597648 buffer_comparator.cc:157] Difference at 6: 64192, expected 49024
E0000 00:00:1763177408.290688 2597648 buffer_comparator.cc:157] Difference at 7: 64096, expected 48768
E0000 00:00:1763177408.290694 2597648 buffer_comparator.cc:157] Difference at 8: 64256, expected 49024
E0000 00:00:1763177408.290700 2597648 buffer_comparator.cc:157] Difference at 9: 64352, expected 49024
2025-11-15 03:30:08.290726: E external/local_xla/xla/service/gpu/autotuning/conv_algorithm_picker.cc:771] Results mismatch between different convolution algorithms. This is likely a bug/unexpected loss of precision in cudnn.
(f16[4,3,3,1]{3,2,1,0}, u8[0]{0}) custom-call(f16[32,1000,800,1]{3,2,1,0}, f16[32,1000,800,4]{3,2,1,0}), window={size=3x3 pad=1_1x1_1}, dim_labels=b01f_o01i->b01f, custom_call_target="__cudnn$convBackwardFilter", backend_config={"cudnn_conv_backend_config":{"activation_mode":"kNone","conv_result_scale":1,"leakyrelu_alpha":0,"side_input_scale":0},"force_earliest_schedule":false,"operation_queue_id":"0","wait_on_operation_queues":[]} for eng39{k2=11,k6=0,k12=321,k13=1,k14=0,k15=0,k17=322,k22=3} vs eng45{k2=3,k5=3,k14=2}
2025-11-15 03:30:08.290756: E external/local_xla/xla/service/gpu/autotuning/conv_algorithm_picker.cc:325] Device: NVIDIA RTX A4000
2025-11-15 03:30:08.290765: E external/local_xla/xla/service/gpu/autotuning/conv_algorithm_picker.cc:326] Platform: Compute Capability 8.6
2025-11-15 03:30:08.290775: E external/local_xla/xla/service/gpu/autotuning/conv_algorithm_picker.cc:327] Driver: 12.9.0
2025-11-15 03:30:08.290783: E external/local_xla/xla/service/gpu/autotuning/conv_algorithm_picker.cc:328] Runtime: 12.2.0
2025-11-15 03:30:08.290801: E external/local_xla/xla/service/gpu/autotuning/conv_algorithm_picker.cc:333] cudnn version: 9.13.1
2025-11-15 03:30:08.290823: E external/local_xla/xla/service/slow_operation_alarm.cc:133] The operation took 2.877178429s
Trying algorithm eng45{k2=3,k5=3,k14=2} for conv (f16[4,3,3,1]{3,2,1,0}, u8[0]{0}) custom-call(f16[32,1000,800,1]{3,2,1,0}, f16[32,1000,800,4]{3,2,1,0}), window={size=3x3 pad=1_1x1_1}, dim_labels=b01f_o01i->b01f, custom_call_target="__cudnn$convBackwardFilter", backend_config={"cudnn_conv_backend_config":{"activation_mode":"kNone","conv_result_scale":1,"leakyrelu_alpha":0,"side_input_scale":0},"force_earliest_schedule":false,"operation_queue_id":"0","wait_on_operation_queues":[]} is taking a while...
2025-11-15 06:02:45.533667: I tensorflow/core/framework/local_rendezvous.cc:405] Local rendezvous is aborting with status: OUT_OF_RANGE: End of sequence
