Identity added: /home/jordanw7/.ssh/id_ed25519 (cluster_key)
From github.com:JordanT-MWang/ADSA-AI-JordanWang
   b24489f..f8fe92a  main       -> origin/main
hint: You have divergent branches and need to specify how to reconcile them.
hint: You can do so by running one of the following commands sometime before
hint: your next pull:
hint: 
hint:   git config pull.rebase false  # merge
hint:   git config pull.rebase true   # rebase
hint:   git config pull.ff only       # fast-forward only
hint: 
hint: You can replace "git config" with "git config --global" to set a default
hint: preference for all repositories. You can also pass --rebase, --no-rebase,
hint: or --ff-only on the command line to override the configured default per
hint: invocation.
fatal: Need to specify how to reconcile divergent branches.
2025-11-10 22:58:14.008897: I tensorflow/core/util/port.cc:153] oneDNN custom operations are on. You may see slightly different numerical results due to floating-point round-off errors from different computation orders. To turn them off, set the environment variable `TF_ENABLE_ONEDNN_OPTS=0`.
2025-11-10 22:58:14.020745: E external/local_xla/xla/stream_executor/cuda/cuda_fft.cc:477] Unable to register cuFFT factory: Attempting to register factory for plugin cuFFT when one has already been registered
WARNING: All log messages before absl::InitializeLog() is called are written to STDERR
E0000 00:00:1762815494.033624 2171130 cuda_dnn.cc:8310] Unable to register cuDNN factory: Attempting to register factory for plugin cuDNN when one has already been registered
E0000 00:00:1762815494.037486 2171130 cuda_blas.cc:1418] Unable to register cuBLAS factory: Attempting to register factory for plugin cuBLAS when one has already been registered
2025-11-10 22:58:14.050541: I tensorflow/core/platform/cpu_feature_guard.cc:210] This TensorFlow binary is optimized to use available CPU instructions in performance-critical operations.
To enable the following instructions: AVX2 AVX512F AVX512_VNNI FMA, in other operations, rebuild TensorFlow with the appropriate compiler flags.
I0000 00:00:1762815501.340408 2171130 gpu_device.cc:2022] Created device /job:localhost/replica:0/task:0/device:GPU:0 with 14271 MB memory:  -> device: 0, name: NVIDIA RTX A4000, pci bus id: 0000:1e:00.0, compute capability: 8.6
2025-11-10 22:59:00.982346: E tensorflow/core/util/util.cc:131] oneDNN supports DT_HALF only on platforms with AVX-512. Falling back to the default Eigen-based implementation if present.
WARNING: All log messages before absl::InitializeLog() is called are written to STDERR
I0000 00:00:1762815542.298998 2171166 service.cc:148] XLA service 0x14b82c0060e0 initialized for platform CUDA (this does not guarantee that XLA will be used). Devices:
I0000 00:00:1762815542.299097 2171166 service.cc:156]   StreamExecutor device (0): NVIDIA RTX A4000, Compute Capability 8.6
I0000 00:00:1762815542.306853 2171166 cuda_dnn.cc:529] Loaded cuDNN version 91301
I0000 00:00:1762815542.377988 2171166 device_compiler.h:188] Compiled cluster using XLA!  This line is logged at most once for the lifetime of the process.
2025-11-10 22:59:04.802484: I tensorflow/compiler/mlir/tensorflow/utils/dump_mlir_util.cc:268] disabling MLIR crash reproducer, set env var `MLIR_CRASH_REPRODUCER_DIRECTORY` to enable.
2025-11-10 22:59:06.372445: W external/local_xla/xla/tsl/framework/bfc_allocator.cc:306] Allocator (GPU_0_bfc) ran out of memory trying to allocate 5.02GiB with freed_by_count=0. The caller indicates that this is not a failure, but this may mean that there could be performance gains if more memory were available.
2025-11-10 22:59:06.411597: W tensorflow/core/framework/op_kernel.cc:1841] OP_REQUIRES failed at xla_ops.cc:577 : UNKNOWN: Failed to determine best cudnn convolution algorithm for:
%cudnn-conv-bias-activation.12 = (f16[64,1280,1024,32]{3,2,1,0}, u8[0]{0}) custom-call(f16[64,1280,1024,1]{3,2,1,0} %arg0.1, f16[32,3,3,1]{3,2,1,0} %bitcast.13149, f16[32]{0} %convert.3565), window={size=3x3 pad=1_1x1_1}, dim_labels=b01f_o01i->b01f, custom_call_target="__cudnn$convBiasActivationForward", metadata={op_type="Conv2D" op_name="functional_1/conv2d_1/convolution" source_file="/home/jordanw7/.conda/envs/ADSAenv/lib/python3.11/site-packages/tensorflow/python/framework/ops.py" source_line=1196}, backend_config={"operation_queue_id":"0","wait_on_operation_queues":[],"cudnn_conv_backend_config":{"conv_result_scale":1,"activation_mode":"kNone","side_input_scale":0,"leakyrelu_alpha":0},"force_earliest_schedule":false}

Original error: RESOURCE_EXHAUSTED: Out of memory while trying to allocate 5385486336 bytes.

To ignore this failure and try to use a fallback algorithm (which may have suboptimal performance), use XLA_FLAGS=--xla_gpu_strict_conv_algorithm_picker=false.  Please also file a bug for the root cause of failing autotuning.
2025-11-10 22:59:06.412114: I tensorflow/core/framework/local_rendezvous.cc:405] Local rendezvous is aborting with status: UNKNOWN: Failed to determine best cudnn convolution algorithm for:
%cudnn-conv-bias-activation.12 = (f16[64,1280,1024,32]{3,2,1,0}, u8[0]{0}) custom-call(f16[64,1280,1024,1]{3,2,1,0} %arg0.1, f16[32,3,3,1]{3,2,1,0} %bitcast.13149, f16[32]{0} %convert.3565), window={size=3x3 pad=1_1x1_1}, dim_labels=b01f_o01i->b01f, custom_call_target="__cudnn$convBiasActivationForward", metadata={op_type="Conv2D" op_name="functional_1/conv2d_1/convolution" source_file="/home/jordanw7/.conda/envs/ADSAenv/lib/python3.11/site-packages/tensorflow/python/framework/ops.py" source_line=1196}, backend_config={"operation_queue_id":"0","wait_on_operation_queues":[],"cudnn_conv_backend_config":{"conv_result_scale":1,"activation_mode":"kNone","side_input_scale":0,"leakyrelu_alpha":0},"force_earliest_schedule":false}

Original error: RESOURCE_EXHAUSTED: Out of memory while trying to allocate 5385486336 bytes.

To ignore this failure and try to use a fallback algorithm (which may have suboptimal performance), use XLA_FLAGS=--xla_gpu_strict_conv_algorithm_picker=false.  Please also file a bug for the root cause of failing autotuning.
	 [[{{node StatefulPartitionedCall}}]]
Traceback (most recent call last):
  File "/mnt/lustre/koa/scratch/jordanw7/ADSA-AI/ADSANoPush/ADSA-AI-JordanWang/ModelScripts/customCNN/SurfaceTension/v8/ModelSurfaceTensionCustV8.py", line 225, in <module>
    main()
  File "/mnt/lustre/koa/scratch/jordanw7/ADSA-AI/ADSANoPush/ADSA-AI-JordanWang/ModelScripts/customCNN/SurfaceTension/v8/ModelSurfaceTensionCustV8.py", line 127, in main
    history = model.fit(train_gen,
              ^^^^^^^^^^^^^^^^^^^^
  File "/home/jordanw7/.conda/envs/ADSAenv/lib/python3.11/site-packages/keras/src/utils/traceback_utils.py", line 122, in error_handler
    raise e.with_traceback(filtered_tb) from None
  File "/home/jordanw7/.conda/envs/ADSAenv/lib/python3.11/site-packages/tensorflow/python/eager/execute.py", line 53, in quick_execute
    tensors = pywrap_tfe.TFE_Py_Execute(ctx._handle, device_name, op_name,
  ^^^^^^^^^^^^^^^^^^^^^^^^^^^^^^^^^^^^^^^^^^^^^^^^^^^^^^^^^^^^^^^^^^^^^^^^
tensorflow.python.framework.errors_impl.UnknownError: Graph execution error:

Detected at node StatefulPartitionedCall defined at (most recent call last):
  File "/mnt/lustre/koa/scratch/jordanw7/ADSA-AI/ADSANoPush/ADSA-AI-JordanWang/ModelScripts/customCNN/SurfaceTension/v8/ModelSurfaceTensionCustV8.py", line 225, in <module>

  File "/mnt/lustre/koa/scratch/jordanw7/ADSA-AI/ADSANoPush/ADSA-AI-JordanWang/ModelScripts/customCNN/SurfaceTension/v8/ModelSurfaceTensionCustV8.py", line 127, in main

  File "/home/jordanw7/.conda/envs/ADSAenv/lib/python3.11/site-packages/keras/src/utils/traceback_utils.py", line 117, in error_handler

  File "/home/jordanw7/.conda/envs/ADSAenv/lib/python3.11/site-packages/keras/src/backend/tensorflow/trainer.py", line 371, in fit

  File "/home/jordanw7/.conda/envs/ADSAenv/lib/python3.11/site-packages/keras/src/backend/tensorflow/trainer.py", line 219, in function

  File "/home/jordanw7/.conda/envs/ADSAenv/lib/python3.11/site-packages/keras/src/backend/tensorflow/trainer.py", line 132, in multi_step_on_iterator

Failed to determine best cudnn convolution algorithm for:
%cudnn-conv-bias-activation.12 = (f16[64,1280,1024,32]{3,2,1,0}, u8[0]{0}) custom-call(f16[64,1280,1024,1]{3,2,1,0} %arg0.1, f16[32,3,3,1]{3,2,1,0} %bitcast.13149, f16[32]{0} %convert.3565), window={size=3x3 pad=1_1x1_1}, dim_labels=b01f_o01i->b01f, custom_call_target="__cudnn$convBiasActivationForward", metadata={op_type="Conv2D" op_name="functional_1/conv2d_1/convolution" source_file="/home/jordanw7/.conda/envs/ADSAenv/lib/python3.11/site-packages/tensorflow/python/framework/ops.py" source_line=1196}, backend_config={"operation_queue_id":"0","wait_on_operation_queues":[],"cudnn_conv_backend_config":{"conv_result_scale":1,"activation_mode":"kNone","side_input_scale":0,"leakyrelu_alpha":0},"force_earliest_schedule":false}

Original error: RESOURCE_EXHAUSTED: Out of memory while trying to allocate 5385486336 bytes.

To ignore this failure and try to use a fallback algorithm (which may have suboptimal performance), use XLA_FLAGS=--xla_gpu_strict_conv_algorithm_picker=false.  Please also file a bug for the root cause of failing autotuning.
	 [[{{node StatefulPartitionedCall}}]] [Op:__inference_multi_step_on_iterator_6824]
2025-11-10 22:59:06.708773: I tensorflow/core/framework/local_rendezvous.cc:405] Local rendezvous is aborting with status: CANCELLED: RecvAsync is cancelled.
	 [[{{node random_translation_1/Add/_6}}]] [type.googleapis.com/tensorflow.DerivedStatus='']
2025-11-10 22:59:06.708855: I tensorflow/core/framework/local_rendezvous.cc:424] Local rendezvous recv item cancelled. Key hash: 16051584073424251050
2025-11-10 22:59:06.708871: I tensorflow/core/framework/local_rendezvous.cc:424] Local rendezvous recv item cancelled. Key hash: 6772638228886471975
2025-11-10 22:59:06.708881: I tensorflow/core/framework/local_rendezvous.cc:428] Local rendezvous send item cancelled. Key hash: 13931968292092665789
2025-11-10 22:59:06.708891: I tensorflow/core/framework/local_rendezvous.cc:424] Local rendezvous recv item cancelled. Key hash: 9609431508812906674
2025-11-10 22:59:06.708899: I tensorflow/core/framework/local_rendezvous.cc:428] Local rendezvous send item cancelled. Key hash: 10816269308713104468
2025-11-10 22:59:06.708916: I tensorflow/core/framework/local_rendezvous.cc:405] Local rendezvous is aborting with status: CANCELLED: RecvAsync is cancelled.
	 [[{{node random_translation_1/Add/_6}}]] [type.googleapis.com/tensorflow.DerivedStatus='']
2025-11-10 22:59:06.708927: I tensorflow/core/framework/local_rendezvous.cc:424] Local rendezvous recv item cancelled. Key hash: 16051584073424251050
2025-11-10 22:59:06.708935: I tensorflow/core/framework/local_rendezvous.cc:428] Local rendezvous send item cancelled. Key hash: 10816269308713104468
2025-11-10 22:59:06.708943: I tensorflow/core/framework/local_rendezvous.cc:428] Local rendezvous send item cancelled. Key hash: 13931968292092665789
