Agent pid 2797614
Already up to date.
Image directory path: /home/jordanw7/koa_scratch/ADSA-AI/DataSetCombined/Edges
Output CSV path: /home/jordanw7/koa_scratch/ADSA-AI/DataSetCombined/output_params.csv
[INFO] Computed normalization stats: mean=[9.9271584e-01 6.0119742e-04], std=[0.00061441 0.00056276]
Epoch 1/50
[main 47b9e20] Predictions saved for job 8722460
 Committer: Jordan Wang <jordanw7@gn-16-14-00.mana.ci.its.hawaii.edu>
Your name and email address were configured automatically based
on your username and hostname. Please check that they are accurate.
You can suppress this message by setting them explicitly. Run the
following command and follow the instructions in your editor to edit
your configuration file:

    git config --global --edit

After doing this, you may fix the identity used for this commit with:

    git commit --amend --reset-author

 7 files changed, 787 insertions(+), 211 deletions(-)
 delete mode 100644 ModelScripts/MobileNet/Area/model-8722429.err
 delete mode 100644 ModelScripts/MobileNet/Area/model-8722429.out
 delete mode 100644 ModelScripts/MobileNet/Area/model-8722440.err
 create mode 100644 ModelScripts/MobileNet/Area/model-8722460.err
 rename ModelScripts/MobileNet/Area/{model-8722440.out => model-8722460.out} (94%)
