Identity added: /home/jordanw7/.ssh/id_ed25519 (cluster_key)
From github.com:JordanT-MWang/ADSA-AI-JordanWang
   2613df0..408eaec  main       -> origin/main
2025-10-23 03:46:53.704996: I tensorflow/core/util/port.cc:153] oneDNN custom operations are on. You may see slightly different numerical results due to floating-point round-off errors from different computation orders. To turn them off, set the environment variable `TF_ENABLE_ONEDNN_OPTS=0`.
2025-10-23 03:46:53.752360: I tensorflow/core/platform/cpu_feature_guard.cc:210] This TensorFlow binary is optimized to use available CPU instructions in performance-critical operations.
To enable the following instructions: AVX2 AVX512F AVX512_VNNI FMA, in other operations, rebuild TensorFlow with the appropriate compiler flags.
2025-10-23 03:47:01.787614: I tensorflow/core/util/port.cc:153] oneDNN custom operations are on. You may see slightly different numerical results due to floating-point round-off errors from different computation orders. To turn them off, set the environment variable `TF_ENABLE_ONEDNN_OPTS=0`.
WARNING: All log messages before absl::InitializeLog() is called are written to STDERR
I0000 00:00:1761191606.932452 2801767 gpu_device.cc:2020] Created device /job:localhost/replica:0/task:0/device:GPU:0 with 31134 MB memory:  -> device: 0, name: Tesla V100-SXM2-32GB, pci bus id: 0000:15:00.0, compute capability: 7.0
2025-10-23 03:53:31.088728: I external/local_xla/xla/service/service.cc:163] XLA service 0x1529e0002f90 initialized for platform CUDA (this does not guarantee that XLA will be used). Devices:
2025-10-23 03:53:31.088798: I external/local_xla/xla/service/service.cc:171]   StreamExecutor device (0): Tesla V100-SXM2-32GB, Compute Capability 7.0
2025-10-23 03:53:31.171662: I tensorflow/compiler/mlir/tensorflow/utils/dump_mlir_util.cc:269] disabling MLIR crash reproducer, set env var `MLIR_CRASH_REPRODUCER_DIRECTORY` to enable.
2025-10-23 03:53:31.831718: I external/local_xla/xla/stream_executor/cuda/cuda_dnn.cc:473] Loaded cuDNN version 91301
2025-10-23 03:53:32.307206: W external/local_xla/xla/service/gpu/autotuning/conv_algorithm_picker.cc:848] None of the algorithms provided by cuDNN heuristics worked; trying fallback algorithms.
2025-10-23 03:53:32.307270: W external/local_xla/xla/service/gpu/autotuning/conv_algorithm_picker.cc:851] Conv: %cudnn-conv-bias-activation.21 = (f32[8,32,512,640]{3,2,1,0}, u8[0]{0}) custom-call(%bitcast.909, %bitcast.1118, %arg4.5), window={size=3x3 pad=1_1x1_1}, dim_labels=bf01_oi01->bf01, custom_call_target="__cudnn$convBiasActivationForward", metadata={op_type="Conv2D" op_name="functional_1/conv2d_1/convolution" source_file="/home/jordanw7/.conda/envs/ADSAenv/lib/python3.11/site-packages/tensorflow/python/framework/ops.py" source_line=1221}, backend_config={"operation_queue_id":"0","wait_on_operation_queues":[],"cudnn_conv_backend_config":{"activation_mode":"kNone","conv_result_scale":1,"side_input_scale":0,"leakyrelu_alpha":0},"force_earliest_schedule":false,"reification_cost":[]}
2025-10-23 03:53:32.312614: W external/local_xla/xla/service/gpu/autotuning/conv_algorithm_picker.cc:1077] Failed to determine best cudnn convolution algorithm for:
%cudnn-conv-bias-activation.21 = (f32[8,32,512,640]{3,2,1,0}, u8[0]{0}) custom-call(%bitcast.909, %bitcast.1118, %arg4.5), window={size=3x3 pad=1_1x1_1}, dim_labels=bf01_oi01->bf01, custom_call_target="__cudnn$convBiasActivationForward", metadata={op_type="Conv2D" op_name="functional_1/conv2d_1/convolution" source_file="/home/jordanw7/.conda/envs/ADSAenv/lib/python3.11/site-packages/tensorflow/python/framework/ops.py" source_line=1221}, backend_config={"operation_queue_id":"0","wait_on_operation_queues":[],"cudnn_conv_backend_config":{"activation_mode":"kNone","conv_result_scale":1,"side_input_scale":0,"leakyrelu_alpha":0},"force_earliest_schedule":false,"reification_cost":[]}

Original error: INTERNAL: All algorithms tried for (f32[8,32,512,640]{3,2,1,0}, u8[0]{0}) custom-call(f32[8,1,512,640]{3,2,1,0}, f32[32,1,3,3]{3,2,1,0}, f32[32]{0}), window={size=3x3 pad=1_1x1_1}, dim_labels=bf01_oi01->bf01, custom_call_target="__cudnn$convBiasActivationForward", backend_config={"cudnn_conv_backend_config":{"activation_mode":"kNone","conv_result_scale":1,"leakyrelu_alpha":0,"side_input_scale":0},"force_earliest_schedule":false,"operation_queue_id":"0","reification_cost":[],"wait_on_operation_queues":[]} failed. Falling back to default algorithm.  Per-algorithm errors:
  Profiling failure on cuDNN engine eng11{k2=3,k3=0}: UNKNOWN: CUDNN_STATUS_EXECUTION_FAILED
in external/local_xla/xla/stream_executor/cuda/cuda_dnn.cc(5308): 'status'
  Profiling failure on cuDNN engine eng35{k2=4,k3=0}: UNKNOWN: CUDNN_STATUS_EXECUTION_FAILED
in external/local_xla/xla/stream_executor/cuda/cuda_dnn.cc(5308): 'status'
  Profiling failure on cuDNN engine eng35{k2=1,k3=0}: UNKNOWN: CUDNN_STATUS_EXECUTION_FAILED
in external/local_xla/xla/stream_executor/cuda/cuda_dnn.cc(5308): 'status'
  Profiling failure on cuDNN engine eng35{k2=0,k3=0}: UNKNOWN: CUDNN_STATUS_EXECUTION_FAILED
in external/local_xla/xla/stream_executor/cuda/cuda_dnn.cc(5308): 'status'
  Profiling failure on cuDNN engine eng11{k2=0,k3=0}: UNKNOWN: CUDNN_STATUS_EXECUTION_FAILED
in external/local_xla/xla/stream_executor/cuda/cuda_dnn.cc(5308): 'status'
  Profiling failure on cuDNN engine eng36{k2=4,k3=0}: UNKNOWN: CUDNN_STATUS_EXECUTION_FAILED
in external/local_xla/xla/stream_executor/cuda/cuda_dnn.cc(5308): 'status'
  Profiling failure on cuDNN engine eng11{k2=1,k3=0}: UNKNOWN: CUDNN_STATUS_EXECUTION_FAILED
in external/local_xla/xla/stream_executor/cuda/cuda_dnn.cc(5308): 'status'
  Profiling failure on cuDNN engine eng36{k2=1,k3=0}: UNKNOWN: CUDNN_STATUS_EXECUTION_FAILED
in external/local_xla/xla/stream_executor/cuda/cuda_dnn.cc(5308): 'status'
  Profiling failure on cuDNN engine eng13{}: UNKNOWN: CUDNN_STATUS_EXECUTION_FAILED
in external/local_xla/xla/stream_executor/cuda/cuda_dnn.cc(5308): 'status'
  Profiling failure on cuDNN engine eng0{}: UNKNOWN: CUDNN_STATUS_EXECUTION_FAILED
in external/local_xla/xla/stream_executor/cuda/cuda_dnn.cc(5308): 'status'
  Profiling failure on cuDNN engine eng11{}: UNKNOWN: CUDNN_STATUS_EXECUTION_FAILED
in external/local_xla/xla/stream_executor/cuda/cuda_dnn.cc(5308): 'status'
  Profiling failure on cuDNN engine eng0{}: UNKNOWN: CUDNN_STATUS_EXECUTION_FAILED
in external/local_xla/xla/stream_executor/cuda/cuda_dnn.cc(5308): 'status'

As a result, convolution performance may be suboptimal.
2025-10-23 03:53:32.350592: W external/local_xla/xla/service/gpu/autotuning/conv_algorithm_picker.cc:848] None of the algorithms provided by cuDNN heuristics worked; trying fallback algorithms.
2025-10-23 03:53:32.350671: W external/local_xla/xla/service/gpu/autotuning/conv_algorithm_picker.cc:851] Conv: %cudnn-conv-bias-activation.22 = (f32[8,32,512,640]{3,2,1,0}, u8[0]{0}) custom-call(%add.657, %bitcast.1120, %arg10.11), window={size=3x3 pad=1_1x1_1}, dim_labels=bf01_oi01->bf01, custom_call_target="__cudnn$convBiasActivationForward", metadata={op_type="Conv2D" op_name="functional_1/conv2d_1_2/convolution" source_file="/home/jordanw7/.conda/envs/ADSAenv/lib/python3.11/site-packages/tensorflow/python/framework/ops.py" source_line=1221}, backend_config={"operation_queue_id":"0","wait_on_operation_queues":[],"cudnn_conv_backend_config":{"activation_mode":"kNone","conv_result_scale":1,"side_input_scale":0,"leakyrelu_alpha":0},"force_earliest_schedule":false,"reification_cost":[]}
2025-10-23 03:53:32.355417: W external/local_xla/xla/service/gpu/autotuning/conv_algorithm_picker.cc:1077] Failed to determine best cudnn convolution algorithm for:
%cudnn-conv-bias-activation.22 = (f32[8,32,512,640]{3,2,1,0}, u8[0]{0}) custom-call(%add.657, %bitcast.1120, %arg10.11), window={size=3x3 pad=1_1x1_1}, dim_labels=bf01_oi01->bf01, custom_call_target="__cudnn$convBiasActivationForward", metadata={op_type="Conv2D" op_name="functional_1/conv2d_1_2/convolution" source_file="/home/jordanw7/.conda/envs/ADSAenv/lib/python3.11/site-packages/tensorflow/python/framework/ops.py" source_line=1221}, backend_config={"operation_queue_id":"0","wait_on_operation_queues":[],"cudnn_conv_backend_config":{"activation_mode":"kNone","conv_result_scale":1,"side_input_scale":0,"leakyrelu_alpha":0},"force_earliest_schedule":false,"reification_cost":[]}

Original error: INTERNAL: All algorithms tried for (f32[8,32,512,640]{3,2,1,0}, u8[0]{0}) custom-call(f32[8,32,512,640]{3,2,1,0}, f32[32,32,3,3]{3,2,1,0}, f32[32]{0}), window={size=3x3 pad=1_1x1_1}, dim_labels=bf01_oi01->bf01, custom_call_target="__cudnn$convBiasActivationForward", backend_config={"cudnn_conv_backend_config":{"activation_mode":"kNone","conv_result_scale":1,"leakyrelu_alpha":0,"side_input_scale":0},"force_earliest_schedule":false,"operation_queue_id":"0","reification_cost":[],"wait_on_operation_queues":[]} failed. Falling back to default algorithm.  Per-algorithm errors:
  Profiling failure on cuDNN engine eng11{k2=3,k3=0}: UNKNOWN: CUDNN_STATUS_EXECUTION_FAILED
in external/local_xla/xla/stream_executor/cuda/cuda_dnn.cc(5308): 'status'
  Profiling failure on cuDNN engine eng35{k2=4,k3=0}: UNKNOWN: CUDNN_STATUS_EXECUTION_FAILED
in external/local_xla/xla/stream_executor/cuda/cuda_dnn.cc(5308): 'status'
  Profiling failure on cuDNN engine eng35{k2=1,k3=0}: UNKNOWN: CUDNN_STATUS_EXECUTION_FAILED
in external/local_xla/xla/stream_executor/cuda/cuda_dnn.cc(5308): 'status'
  Profiling failure on cuDNN engine eng35{k2=0,k3=0}: UNKNOWN: CUDNN_STATUS_EXECUTION_FAILED
in external/local_xla/xla/stream_executor/cuda/cuda_dnn.cc(5308): 'status'
  Profiling failure on cuDNN engine eng11{k2=0,k3=0}: UNKNOWN: CUDNN_STATUS_EXECUTION_FAILED
in external/local_xla/xla/stream_executor/cuda/cuda_dnn.cc(5308): 'status'
  Profiling failure on cuDNN engine eng36{k2=4,k3=0}: UNKNOWN: CUDNN_STATUS_EXECUTION_FAILED
in external/local_xla/xla/stream_executor/cuda/cuda_dnn.cc(5308): 'status'
  Profiling failure on cuDNN engine eng11{k2=1,k3=0}: UNKNOWN: CUDNN_STATUS_EXECUTION_FAILED
in external/local_xla/xla/stream_executor/cuda/cuda_dnn.cc(5308): 'status'
  Profiling failure on cuDNN engine eng36{k2=1,k3=0}: UNKNOWN: CUDNN_STATUS_EXECUTION_FAILED
in external/local_xla/xla/stream_executor/cuda/cuda_dnn.cc(5308): 'status'
  Profiling failure on cuDNN engine eng13{}: UNKNOWN: CUDNN_STATUS_EXECUTION_FAILED
in external/local_xla/xla/stream_executor/cuda/cuda_dnn.cc(5308): 'status'
  Profiling failure on cuDNN engine eng0{}: UNKNOWN: CUDNN_STATUS_EXECUTION_FAILED
in external/local_xla/xla/stream_executor/cuda/cuda_dnn.cc(5308): 'status'
  Profiling failure on cuDNN engine eng11{}: UNKNOWN: CUDNN_STATUS_EXECUTION_FAILED
in external/local_xla/xla/stream_executor/cuda/cuda_dnn.cc(5308): 'status'
  Profiling failure on cuDNN engine eng0{}: UNKNOWN: CUDNN_STATUS_EXECUTION_FAILED
in external/local_xla/xla/stream_executor/cuda/cuda_dnn.cc(5308): 'status'

As a result, convolution performance may be suboptimal.
2025-10-23 03:53:32.361875: I external/local_xla/xla/service/gpu/autotuning/conv_algorithm_picker.cc:546] Omitted potentially buggy algorithm eng14{k25=2} for conv (f32[8,64,256,320]{3,2,1,0}, u8[0]{0}) custom-call(f32[8,32,256,320]{3,2,1,0}, f32[64,32,3,3]{3,2,1,0}, f32[64]{0}), window={size=3x3 pad=1_1x1_1}, dim_labels=bf01_oi01->bf01, custom_call_target="__cudnn$convBiasActivationForward", backend_config={"operation_queue_id":"0","wait_on_operation_queues":[],"cudnn_conv_backend_config":{"activation_mode":"kNone","conv_result_scale":1,"side_input_scale":0,"leakyrelu_alpha":0},"force_earliest_schedule":false,"reification_cost":[]}
2025-10-23 03:53:32.362800: W external/local_xla/xla/service/gpu/autotuning/conv_algorithm_picker.cc:848] None of the algorithms provided by cuDNN heuristics worked; trying fallback algorithms.
2025-10-23 03:53:32.362827: W external/local_xla/xla/service/gpu/autotuning/conv_algorithm_picker.cc:851] Conv: %cudnn-conv-bias-activation.23 = (f32[8,64,256,320]{3,2,1,0}, u8[0]{0}) custom-call(%select.49, %bitcast.1122, %arg13.14), window={size=3x3 pad=1_1x1_1}, dim_labels=bf01_oi01->bf01, custom_call_target="__cudnn$convBiasActivationForward", metadata={op_type="Conv2D" op_name="functional_1/conv2d_2_1/convolution" source_file="/home/jordanw7/.conda/envs/ADSAenv/lib/python3.11/site-packages/tensorflow/python/framework/ops.py" source_line=1221}, backend_config={"operation_queue_id":"0","wait_on_operation_queues":[],"cudnn_conv_backend_config":{"activation_mode":"kNone","conv_result_scale":1,"side_input_scale":0,"leakyrelu_alpha":0},"force_earliest_schedule":false,"reification_cost":[]}
2025-10-23 03:53:32.366855: W external/local_xla/xla/service/gpu/autotuning/conv_algorithm_picker.cc:1077] Failed to determine best cudnn convolution algorithm for:
%cudnn-conv-bias-activation.23 = (f32[8,64,256,320]{3,2,1,0}, u8[0]{0}) custom-call(%select.49, %bitcast.1122, %arg13.14), window={size=3x3 pad=1_1x1_1}, dim_labels=bf01_oi01->bf01, custom_call_target="__cudnn$convBiasActivationForward", metadata={op_type="Conv2D" op_name="functional_1/conv2d_2_1/convolution" source_file="/home/jordanw7/.conda/envs/ADSAenv/lib/python3.11/site-packages/tensorflow/python/framework/ops.py" source_line=1221}, backend_config={"operation_queue_id":"0","wait_on_operation_queues":[],"cudnn_conv_backend_config":{"activation_mode":"kNone","conv_result_scale":1,"side_input_scale":0,"leakyrelu_alpha":0},"force_earliest_schedule":false,"reification_cost":[]}

Original error: INTERNAL: All algorithms tried for (f32[8,64,256,320]{3,2,1,0}, u8[0]{0}) custom-call(f32[8,32,256,320]{3,2,1,0}, f32[64,32,3,3]{3,2,1,0}, f32[64]{0}), window={size=3x3 pad=1_1x1_1}, dim_labels=bf01_oi01->bf01, custom_call_target="__cudnn$convBiasActivationForward", backend_config={"cudnn_conv_backend_config":{"activation_mode":"kNone","conv_result_scale":1,"leakyrelu_alpha":0,"side_input_scale":0},"force_earliest_schedule":false,"operation_queue_id":"0","reification_cost":[],"wait_on_operation_queues":[]} failed. Falling back to default algorithm.  Per-algorithm errors:
  Profiling failure on cuDNN engine eng13{}: UNKNOWN: CUDNN_STATUS_EXECUTION_FAILED
in external/local_xla/xla/stream_executor/cuda/cuda_dnn.cc(5308): 'status'
  Disqualified for being known-buggy.
  Profiling failure on cuDNN engine eng35{k2=4,k3=0}: UNKNOWN: CUDNN_STATUS_EXECUTION_FAILED
in external/local_xla/xla/stream_executor/cuda/cuda_dnn.cc(5308): 'status'
  Profiling failure on cuDNN engine eng11{k2=3,k3=0}: UNKNOWN: CUDNN_STATUS_EXECUTION_FAILED
in external/local_xla/xla/stream_executor/cuda/cuda_dnn.cc(5308): 'status'
  Profiling failure on cuDNN engine eng35{k2=0,k3=0}: UNKNOWN: CUDNN_STATUS_EXECUTION_FAILED
in external/local_xla/xla/stream_executor/cuda/cuda_dnn.cc(5308): 'status'
  Profiling failure on cuDNN engine eng11{k2=0,k3=0}: UNKNOWN: CUDNN_STATUS_EXECUTION_FAILED
in external/local_xla/xla/stream_executor/cuda/cuda_dnn.cc(5308): 'status'
  Profiling failure on cuDNN engine eng36{k2=4,k3=0}: UNKNOWN: CUDNN_STATUS_EXECUTION_FAILED
in external/local_xla/xla/stream_executor/cuda/cuda_dnn.cc(5308): 'status'
  Profiling failure on cuDNN engine eng35{k2=1,k3=0}: UNKNOWN: CUDNN_STATUS_EXECUTION_FAILED
in external/local_xla/xla/stream_executor/cuda/cuda_dnn.cc(5308): 'status'
  Profiling failure on cuDNN engine eng11{k2=1,k3=0}: UNKNOWN: CUDNN_STATUS_EXECUTION_FAILED
in external/local_xla/xla/stream_executor/cuda/cuda_dnn.cc(5308): 'status'
  Profiling failure on cuDNN engine eng36{k2=1,k3=0}: UNKNOWN: CUDNN_STATUS_EXECUTION_FAILED
in external/local_xla/xla/stream_executor/cuda/cuda_dnn.cc(5308): 'status'
  Profiling failure on cuDNN engine eng11{}: UNKNOWN: CUDNN_STATUS_EXECUTION_FAILED
in external/local_xla/xla/stream_executor/cuda/cuda_dnn.cc(5308): 'status'
  Profiling failure on cuDNN engine eng0{}: UNKNOWN: CUDNN_STATUS_EXECUTION_FAILED
in external/local_xla/xla/stream_executor/cuda/cuda_dnn.cc(5308): 'status'

As a result, convolution performance may be suboptimal.
2025-10-23 03:53:32.368524: I external/local_xla/xla/service/gpu/autotuning/conv_algorithm_picker.cc:546] Omitted potentially buggy algorithm eng14{k25=2} for conv (f32[8,64,256,320]{3,2,1,0}, u8[0]{0}) custom-call(f32[8,64,256,320]{3,2,1,0}, f32[64,64,3,3]{3,2,1,0}, f32[64]{0}), window={size=3x3 pad=1_1x1_1}, dim_labels=bf01_oi01->bf01, custom_call_target="__cudnn$convBiasActivationForward", backend_config={"operation_queue_id":"0","wait_on_operation_queues":[],"cudnn_conv_backend_config":{"activation_mode":"kNone","conv_result_scale":1,"side_input_scale":0,"leakyrelu_alpha":0},"force_earliest_schedule":false,"reification_cost":[]}
2025-10-23 03:53:32.369417: W external/local_xla/xla/service/gpu/autotuning/conv_algorithm_picker.cc:848] None of the algorithms provided by cuDNN heuristics worked; trying fallback algorithms.
2025-10-23 03:53:32.369443: W external/local_xla/xla/service/gpu/autotuning/conv_algorithm_picker.cc:851] Conv: %cudnn-conv-bias-activation.24 = (f32[8,64,256,320]{3,2,1,0}, u8[0]{0}) custom-call(%add.658, %bitcast.1124, %arg19.20), window={size=3x3 pad=1_1x1_1}, dim_labels=bf01_oi01->bf01, custom_call_target="__cudnn$convBiasActivationForward", metadata={op_type="Conv2D" op_name="functional_1/conv2d_3_1/convolution" source_file="/home/jordanw7/.conda/envs/ADSAenv/lib/python3.11/site-packages/tensorflow/python/framework/ops.py" source_line=1221}, backend_config={"operation_queue_id":"0","wait_on_operation_queues":[],"cudnn_conv_backend_config":{"activation_mode":"kNone","conv_result_scale":1,"side_input_scale":0,"leakyrelu_alpha":0},"force_earliest_schedule":false,"reification_cost":[]}
2025-10-23 03:53:32.372814: W external/local_xla/xla/service/gpu/autotuning/conv_algorithm_picker.cc:1077] Failed to determine best cudnn convolution algorithm for:
%cudnn-conv-bias-activation.24 = (f32[8,64,256,320]{3,2,1,0}, u8[0]{0}) custom-call(%add.658, %bitcast.1124, %arg19.20), window={size=3x3 pad=1_1x1_1}, dim_labels=bf01_oi01->bf01, custom_call_target="__cudnn$convBiasActivationForward", metadata={op_type="Conv2D" op_name="functional_1/conv2d_3_1/convolution" source_file="/home/jordanw7/.conda/envs/ADSAenv/lib/python3.11/site-packages/tensorflow/python/framework/ops.py" source_line=1221}, backend_config={"operation_queue_id":"0","wait_on_operation_queues":[],"cudnn_conv_backend_config":{"activation_mode":"kNone","conv_result_scale":1,"side_input_scale":0,"leakyrelu_alpha":0},"force_earliest_schedule":false,"reification_cost":[]}

Original error: INTERNAL: All algorithms tried for (f32[8,64,256,320]{3,2,1,0}, u8[0]{0}) custom-call(f32[8,64,256,320]{3,2,1,0}, f32[64,64,3,3]{3,2,1,0}, f32[64]{0}), window={size=3x3 pad=1_1x1_1}, dim_labels=bf01_oi01->bf01, custom_call_target="__cudnn$convBiasActivationForward", backend_config={"cudnn_conv_backend_config":{"activation_mode":"kNone","conv_result_scale":1,"leakyrelu_alpha":0,"side_input_scale":0},"force_earliest_schedule":false,"operation_queue_id":"0","reification_cost":[],"wait_on_operation_queues":[]} failed. Falling back to default algorithm.  Per-algorithm errors:
  Profiling failure on cuDNN engine eng13{}: UNKNOWN: CUDNN_STATUS_EXECUTION_FAILED
in external/local_xla/xla/stream_executor/cuda/cuda_dnn.cc(5308): 'status'
  Disqualified for being known-buggy.
  Profiling failure on cuDNN engine eng35{k2=4,k3=0}: UNKNOWN: CUDNN_STATUS_EXECUTION_FAILED
in external/local_xla/xla/stream_executor/cuda/cuda_dnn.cc(5308): 'status'
  Profiling failure on cuDNN engine eng11{k2=3,k3=0}: UNKNOWN: CUDNN_STATUS_EXECUTION_FAILED
in external/local_xla/xla/stream_executor/cuda/cuda_dnn.cc(5308): 'status'
  Profiling failure on cuDNN engine eng35{k2=0,k3=0}: UNKNOWN: CUDNN_STATUS_EXECUTION_FAILED
in external/local_xla/xla/stream_executor/cuda/cuda_dnn.cc(5308): 'status'
  Profiling failure on cuDNN engine eng11{k2=0,k3=0}: UNKNOWN: CUDNN_STATUS_EXECUTION_FAILED
in external/local_xla/xla/stream_executor/cuda/cuda_dnn.cc(5308): 'status'
  Profiling failure on cuDNN engine eng36{k2=4,k3=0}: UNKNOWN: CUDNN_STATUS_EXECUTION_FAILED
in external/local_xla/xla/stream_executor/cuda/cuda_dnn.cc(5308): 'status'
  Profiling failure on cuDNN engine eng35{k2=1,k3=0}: UNKNOWN: CUDNN_STATUS_EXECUTION_FAILED
in external/local_xla/xla/stream_executor/cuda/cuda_dnn.cc(5308): 'status'
  Profiling failure on cuDNN engine eng11{k2=1,k3=0}: UNKNOWN: CUDNN_STATUS_EXECUTION_FAILED
in external/local_xla/xla/stream_executor/cuda/cuda_dnn.cc(5308): 'status'
  Profiling failure on cuDNN engine eng36{k2=1,k3=0}: UNKNOWN: CUDNN_STATUS_EXECUTION_FAILED
in external/local_xla/xla/stream_executor/cuda/cuda_dnn.cc(5308): 'status'
  Profiling failure on cuDNN engine eng11{}: UNKNOWN: CUDNN_STATUS_EXECUTION_FAILED
in external/local_xla/xla/stream_executor/cuda/cuda_dnn.cc(5308): 'status'
  Profiling failure on cuDNN engine eng0{}: UNKNOWN: CUDNN_STATUS_EXECUTION_FAILED
in external/local_xla/xla/stream_executor/cuda/cuda_dnn.cc(5308): 'status'

As a result, convolution performance may be suboptimal.
2025-10-23 03:53:32.374317: I external/local_xla/xla/service/gpu/autotuning/conv_algorithm_picker.cc:546] Omitted potentially buggy algorithm eng14{k25=2} for conv (f32[8,128,128,160]{3,2,1,0}, u8[0]{0}) custom-call(f32[8,64,128,160]{3,2,1,0}, f32[128,64,3,3]{3,2,1,0}, f32[128]{0}), window={size=3x3 pad=1_1x1_1}, dim_labels=bf01_oi01->bf01, custom_call_target="__cudnn$convBiasActivationForward", backend_config={"operation_queue_id":"0","wait_on_operation_queues":[],"cudnn_conv_backend_config":{"activation_mode":"kNone","conv_result_scale":1,"side_input_scale":0,"leakyrelu_alpha":0},"force_earliest_schedule":false,"reification_cost":[]}
2025-10-23 03:53:32.436306: W external/local_xla/xla/service/gpu/autotuning/conv_algorithm_picker.cc:848] None of the algorithms provided by cuDNN heuristics worked; trying fallback algorithms.
2025-10-23 03:53:32.436381: W external/local_xla/xla/service/gpu/autotuning/conv_algorithm_picker.cc:851] Conv: %cudnn-conv-bias-activation.25 = (f32[8,128,128,160]{3,2,1,0}, u8[0]{0}) custom-call(%select.50, %bitcast.1126, %arg22.23), window={size=3x3 pad=1_1x1_1}, dim_labels=bf01_oi01->bf01, custom_call_target="__cudnn$convBiasActivationForward", metadata={op_type="Conv2D" op_name="functional_1/conv2d_4_1/convolution" source_file="/home/jordanw7/.conda/envs/ADSAenv/lib/python3.11/site-packages/tensorflow/python/framework/ops.py" source_line=1221}, backend_config={"operation_queue_id":"0","wait_on_operation_queues":[],"cudnn_conv_backend_config":{"activation_mode":"kNone","conv_result_scale":1,"side_input_scale":0,"leakyrelu_alpha":0},"force_earliest_schedule":false,"reification_cost":[]}
2025-10-23 03:53:32.441282: W external/local_xla/xla/service/gpu/autotuning/conv_algorithm_picker.cc:1077] Failed to determine best cudnn convolution algorithm for:
%cudnn-conv-bias-activation.25 = (f32[8,128,128,160]{3,2,1,0}, u8[0]{0}) custom-call(%select.50, %bitcast.1126, %arg22.23), window={size=3x3 pad=1_1x1_1}, dim_labels=bf01_oi01->bf01, custom_call_target="__cudnn$convBiasActivationForward", metadata={op_type="Conv2D" op_name="functional_1/conv2d_4_1/convolution" source_file="/home/jordanw7/.conda/envs/ADSAenv/lib/python3.11/site-packages/tensorflow/python/framework/ops.py" source_line=1221}, backend_config={"operation_queue_id":"0","wait_on_operation_queues":[],"cudnn_conv_backend_config":{"activation_mode":"kNone","conv_result_scale":1,"side_input_scale":0,"leakyrelu_alpha":0},"force_earliest_schedule":false,"reification_cost":[]}

Original error: INTERNAL: All algorithms tried for (f32[8,128,128,160]{3,2,1,0}, u8[0]{0}) custom-call(f32[8,64,128,160]{3,2,1,0}, f32[128,64,3,3]{3,2,1,0}, f32[128]{0}), window={size=3x3 pad=1_1x1_1}, dim_labels=bf01_oi01->bf01, custom_call_target="__cudnn$convBiasActivationForward", backend_config={"cudnn_conv_backend_config":{"activation_mode":"kNone","conv_result_scale":1,"leakyrelu_alpha":0,"side_input_scale":0},"force_earliest_schedule":false,"operation_queue_id":"0","reification_cost":[],"wait_on_operation_queues":[]} failed. Falling back to default algorithm.  Per-algorithm errors:
  Disqualified for being known-buggy.
  Profiling failure on cuDNN engine eng13{}: UNKNOWN: CUDNN_STATUS_EXECUTION_FAILED
in external/local_xla/xla/stream_executor/cuda/cuda_dnn.cc(5308): 'status'
  Profiling failure on cuDNN engine eng35{k2=4,k3=0}: UNKNOWN: CUDNN_STATUS_EXECUTION_FAILED
in external/local_xla/xla/stream_executor/cuda/cuda_dnn.cc(5308): 'status'
  Profiling failure on cuDNN engine eng11{k2=3,k3=0}: UNKNOWN: CUDNN_STATUS_EXECUTION_FAILED
in external/local_xla/xla/stream_executor/cuda/cuda_dnn.cc(5308): 'status'
  Profiling failure on cuDNN engine eng35{k2=0,k3=0}: UNKNOWN: CUDNN_STATUS_EXECUTION_FAILED
in external/local_xla/xla/stream_executor/cuda/cuda_dnn.cc(5308): 'status'
  Profiling failure on cuDNN engine eng11{k2=0,k3=0}: UNKNOWN: CUDNN_STATUS_EXECUTION_FAILED
in external/local_xla/xla/stream_executor/cuda/cuda_dnn.cc(5308): 'status'
  Profiling failure on cuDNN engine eng36{k2=4,k3=0}: UNKNOWN: CUDNN_STATUS_EXECUTION_FAILED
in external/local_xla/xla/stream_executor/cuda/cuda_dnn.cc(5308): 'status'
  Profiling failure on cuDNN engine eng35{k2=1,k3=0}: UNKNOWN: CUDNN_STATUS_EXECUTION_FAILED
in external/local_xla/xla/stream_executor/cuda/cuda_dnn.cc(5308): 'status'
  Profiling failure on cuDNN engine eng11{k2=1,k3=0}: UNKNOWN: CUDNN_STATUS_EXECUTION_FAILED
in external/local_xla/xla/stream_executor/cuda/cuda_dnn.cc(5308): 'status'
  Profiling failure on cuDNN engine eng12{k11=2}: UNKNOWN: CUDNN_STATUS_EXECUTION_FAILED
in external/local_xla/xla/stream_executor/cuda/cuda_dnn.cc(5308): 'status'
  Profiling failure on cuDNN engine eng36{k2=1,k3=0}: UNKNOWN: CUDNN_STATUS_EXECUTION_FAILED
in external/local_xla/xla/stream_executor/cuda/cuda_dnn.cc(5308): 'status'
  Profiling failure on cuDNN engine eng11{}: UNKNOWN: CUDNN_STATUS_EXECUTION_FAILED
in external/local_xla/xla/stream_executor/cuda/cuda_dnn.cc(5308): 'status'
  Profiling failure on cuDNN engine eng0{}: UNKNOWN: CUDNN_STATUS_EXECUTION_FAILED
in external/local_xla/xla/stream_executor/cuda/cuda_dnn.cc(5308): 'status'

As a result, convolution performance may be suboptimal.
2025-10-23 03:53:32.443128: I external/local_xla/xla/service/gpu/autotuning/conv_algorithm_picker.cc:546] Omitted potentially buggy algorithm eng14{k25=2} for conv (f32[8,128,128,160]{3,2,1,0}, u8[0]{0}) custom-call(f32[8,128,128,160]{3,2,1,0}, f32[128,128,3,3]{3,2,1,0}, f32[128]{0}), window={size=3x3 pad=1_1x1_1}, dim_labels=bf01_oi01->bf01, custom_call_target="__cudnn$convBiasActivationForward", backend_config={"operation_queue_id":"0","wait_on_operation_queues":[],"cudnn_conv_backend_config":{"activation_mode":"kNone","conv_result_scale":1,"side_input_scale":0,"leakyrelu_alpha":0},"force_earliest_schedule":false,"reification_cost":[]}
2025-10-23 03:53:32.564775: W external/local_xla/xla/service/gpu/autotuning/conv_algorithm_picker.cc:848] None of the algorithms provided by cuDNN heuristics worked; trying fallback algorithms.
2025-10-23 03:53:32.564849: W external/local_xla/xla/service/gpu/autotuning/conv_algorithm_picker.cc:851] Conv: %cudnn-conv-bias-activation.26 = (f32[8,128,128,160]{3,2,1,0}, u8[0]{0}) custom-call(%add.659, %bitcast.1128, %arg28.29), window={size=3x3 pad=1_1x1_1}, dim_labels=bf01_oi01->bf01, custom_call_target="__cudnn$convBiasActivationForward", metadata={op_type="Conv2D" op_name="functional_1/conv2d_5_1/convolution" source_file="/home/jordanw7/.conda/envs/ADSAenv/lib/python3.11/site-packages/tensorflow/python/framework/ops.py" source_line=1221}, backend_config={"operation_queue_id":"0","wait_on_operation_queues":[],"cudnn_conv_backend_config":{"activation_mode":"kNone","conv_result_scale":1,"side_input_scale":0,"leakyrelu_alpha":0},"force_earliest_schedule":false,"reification_cost":[]}
2025-10-23 03:53:32.569791: W external/local_xla/xla/service/gpu/autotuning/conv_algorithm_picker.cc:1077] Failed to determine best cudnn convolution algorithm for:
%cudnn-conv-bias-activation.26 = (f32[8,128,128,160]{3,2,1,0}, u8[0]{0}) custom-call(%add.659, %bitcast.1128, %arg28.29), window={size=3x3 pad=1_1x1_1}, dim_labels=bf01_oi01->bf01, custom_call_target="__cudnn$convBiasActivationForward", metadata={op_type="Conv2D" op_name="functional_1/conv2d_5_1/convolution" source_file="/home/jordanw7/.conda/envs/ADSAenv/lib/python3.11/site-packages/tensorflow/python/framework/ops.py" source_line=1221}, backend_config={"operation_queue_id":"0","wait_on_operation_queues":[],"cudnn_conv_backend_config":{"activation_mode":"kNone","conv_result_scale":1,"side_input_scale":0,"leakyrelu_alpha":0},"force_earliest_schedule":false,"reification_cost":[]}

Original error: INTERNAL: All algorithms tried for (f32[8,128,128,160]{3,2,1,0}, u8[0]{0}) custom-call(f32[8,128,128,160]{3,2,1,0}, f32[128,128,3,3]{3,2,1,0}, f32[128]{0}), window={size=3x3 pad=1_1x1_1}, dim_labels=bf01_oi01->bf01, custom_call_target="__cudnn$convBiasActivationForward", backend_config={"cudnn_conv_backend_config":{"activation_mode":"kNone","conv_result_scale":1,"leakyrelu_alpha":0,"side_input_scale":0},"force_earliest_schedule":false,"operation_queue_id":"0","reification_cost":[],"wait_on_operation_queues":[]} failed. Falling back to default algorithm.  Per-algorithm errors:
  Disqualified for being known-buggy.
  Profiling failure on cuDNN engine eng13{}: UNKNOWN: CUDNN_STATUS_EXECUTION_FAILED
in external/local_xla/xla/stream_executor/cuda/cuda_dnn.cc(5308): 'status'
  Profiling failure on cuDNN engine eng35{k2=4,k3=0}: UNKNOWN: CUDNN_STATUS_EXECUTION_FAILED
in external/local_xla/xla/stream_executor/cuda/cuda_dnn.cc(5308): 'status'
  Profiling failure on cuDNN engine eng11{k2=3,k3=0}: UNKNOWN: CUDNN_STATUS_EXECUTION_FAILED
in external/local_xla/xla/stream_executor/cuda/cuda_dnn.cc(5308): 'status'
  Profiling failure on cuDNN engine eng35{k2=0,k3=0}: UNKNOWN: CUDNN_STATUS_EXECUTION_FAILED
in external/local_xla/xla/stream_executor/cuda/cuda_dnn.cc(5308): 'status'
  Profiling failure on cuDNN engine eng11{k2=0,k3=0}: UNKNOWN: CUDNN_STATUS_EXECUTION_FAILED
in external/local_xla/xla/stream_executor/cuda/cuda_dnn.cc(5308): 'status'
  Profiling failure on cuDNN engine eng36{k2=4,k3=0}: UNKNOWN: CUDNN_STATUS_EXECUTION_FAILED
in external/local_xla/xla/stream_executor/cuda/cuda_dnn.cc(5308): 'status'
  Profiling failure on cuDNN engine eng35{k2=1,k3=0}: UNKNOWN: CUDNN_STATUS_EXECUTION_FAILED
in external/local_xla/xla/stream_executor/cuda/cuda_dnn.cc(5308): 'status'
  Profiling failure on cuDNN engine eng11{k2=1,k3=0}: UNKNOWN: CUDNN_STATUS_EXECUTION_FAILED
in external/local_xla/xla/stream_executor/cuda/cuda_dnn.cc(5308): 'status'
  Profiling failure on cuDNN engine eng12{k11=2}: UNKNOWN: CUDNN_STATUS_EXECUTION_FAILED
in external/local_xla/xla/stream_executor/cuda/cuda_dnn.cc(5308): 'status'
  Profiling failure on cuDNN engine eng36{k2=1,k3=0}: UNKNOWN: CUDNN_STATUS_EXECUTION_FAILED
in external/local_xla/xla/stream_executor/cuda/cuda_dnn.cc(5308): 'status'
  Profiling failure on cuDNN engine eng11{}: UNKNOWN: CUDNN_STATUS_EXECUTION_FAILED
in external/local_xla/xla/stream_executor/cuda/cuda_dnn.cc(5308): 'status'
  Profiling failure on cuDNN engine eng0{}: UNKNOWN: CUDNN_STATUS_EXECUTION_FAILED
in external/local_xla/xla/stream_executor/cuda/cuda_dnn.cc(5308): 'status'

As a result, convolution performance may be suboptimal.
2025-10-23 03:53:32.572327: I external/local_xla/xla/service/gpu/autotuning/conv_algorithm_picker.cc:546] Omitted potentially buggy algorithm eng14{k25=2} for conv (f32[8,256,64,80]{3,2,1,0}, u8[0]{0}) custom-call(f32[8,128,64,80]{3,2,1,0}, f32[256,128,3,3]{3,2,1,0}, f32[256]{0}), window={size=3x3 pad=1_1x1_1}, dim_labels=bf01_oi01->bf01, custom_call_target="__cudnn$convBiasActivationForward", backend_config={"operation_queue_id":"0","wait_on_operation_queues":[],"cudnn_conv_backend_config":{"activation_mode":"kNone","conv_result_scale":1,"side_input_scale":0,"leakyrelu_alpha":0},"force_earliest_schedule":false,"reification_cost":[]}
2025-10-23 03:53:32.572867: W external/local_xla/xla/service/gpu/autotuning/conv_algorithm_picker.cc:848] None of the algorithms provided by cuDNN heuristics worked; trying fallback algorithms.
2025-10-23 03:53:32.572893: W external/local_xla/xla/service/gpu/autotuning/conv_algorithm_picker.cc:851] Conv: %cudnn-conv-bias-activation.27 = (f32[8,256,64,80]{3,2,1,0}, u8[0]{0}) custom-call(%select.51, %bitcast.1130, %arg31.32), window={size=3x3 pad=1_1x1_1}, dim_labels=bf01_oi01->bf01, custom_call_target="__cudnn$convBiasActivationForward", metadata={op_type="Conv2D" op_name="functional_1/conv2d_6_1/convolution" source_file="/home/jordanw7/.conda/envs/ADSAenv/lib/python3.11/site-packages/tensorflow/python/framework/ops.py" source_line=1221}, backend_config={"operation_queue_id":"0","wait_on_operation_queues":[],"cudnn_conv_backend_config":{"activation_mode":"kNone","conv_result_scale":1,"side_input_scale":0,"leakyrelu_alpha":0},"force_earliest_schedule":false,"reification_cost":[]}
2025-10-23 03:53:32.576638: W external/local_xla/xla/service/gpu/autotuning/conv_algorithm_picker.cc:1077] Failed to determine best cudnn convolution algorithm for:
%cudnn-conv-bias-activation.27 = (f32[8,256,64,80]{3,2,1,0}, u8[0]{0}) custom-call(%select.51, %bitcast.1130, %arg31.32), window={size=3x3 pad=1_1x1_1}, dim_labels=bf01_oi01->bf01, custom_call_target="__cudnn$convBiasActivationForward", metadata={op_type="Conv2D" op_name="functional_1/conv2d_6_1/convolution" source_file="/home/jordanw7/.conda/envs/ADSAenv/lib/python3.11/site-packages/tensorflow/python/framework/ops.py" source_line=1221}, backend_config={"operation_queue_id":"0","wait_on_operation_queues":[],"cudnn_conv_backend_config":{"activation_mode":"kNone","conv_result_scale":1,"side_input_scale":0,"leakyrelu_alpha":0},"force_earliest_schedule":false,"reification_cost":[]}

Original error: INTERNAL: All algorithms tried for (f32[8,256,64,80]{3,2,1,0}, u8[0]{0}) custom-call(f32[8,128,64,80]{3,2,1,0}, f32[256,128,3,3]{3,2,1,0}, f32[256]{0}), window={size=3x3 pad=1_1x1_1}, dim_labels=bf01_oi01->bf01, custom_call_target="__cudnn$convBiasActivationForward", backend_config={"cudnn_conv_backend_config":{"activation_mode":"kNone","conv_result_scale":1,"leakyrelu_alpha":0,"side_input_scale":0},"force_earliest_schedule":false,"operation_queue_id":"0","reification_cost":[],"wait_on_operation_queues":[]} failed. Falling back to default algorithm.  Per-algorithm errors:
  Profiling failure on cuDNN engine eng11{k2=0,k3=0}: UNKNOWN: CUDNN_STATUS_EXECUTION_FAILED
in external/local_xla/xla/stream_executor/cuda/cuda_dnn.cc(5308): 'status'
  Profiling failure on cuDNN engine eng35{k2=0,k3=0}: UNKNOWN: CUDNN_STATUS_EXECUTION_FAILED
in external/local_xla/xla/stream_executor/cuda/cuda_dnn.cc(5308): 'status'
  Profiling failure on cuDNN engine eng35{k2=1,k3=0}: UNKNOWN: CUDNN_STATUS_EXECUTION_FAILED
in external/local_xla/xla/stream_executor/cuda/cuda_dnn.cc(5308): 'status'
  Profiling failure on cuDNN engine eng35{k2=4,k3=0}: UNKNOWN: CUDNN_STATUS_EXECUTION_FAILED
in external/local_xla/xla/stream_executor/cuda/cuda_dnn.cc(5308): 'status'
  Profiling failure on cuDNN engine eng11{k2=3,k3=0}: UNKNOWN: CUDNN_STATUS_EXECUTION_FAILED
in external/local_xla/xla/stream_executor/cuda/cuda_dnn.cc(5308): 'status'
  Disqualified for being known-buggy.
  Profiling failure on cuDNN engine eng11{k2=1,k3=0}: UNKNOWN: CUDNN_STATUS_EXECUTION_FAILED
in external/local_xla/xla/stream_executor/cuda/cuda_dnn.cc(5308): 'status'
  Profiling failure on cuDNN engine eng36{k2=1,k3=0}: UNKNOWN: CUDNN_STATUS_EXECUTION_FAILED
in external/local_xla/xla/stream_executor/cuda/cuda_dnn.cc(5308): 'status'
  Profiling failure on cuDNN engine eng36{k2=4,k3=0}: UNKNOWN: CUDNN_STATUS_EXECUTION_FAILED
in external/local_xla/xla/stream_executor/cuda/cuda_dnn.cc(5308): 'status'
  Profiling failure on cuDNN engine eng13{}: UNKNOWN: CUDNN_STATUS_EXECUTION_FAILED
in external/local_xla/xla/stream_executor/cuda/cuda_dnn.cc(5308): 'status'
  Profiling failure on cuDNN engine eng12{k11=2}: UNKNOWN: CUDNN_STATUS_EXECUTION_FAILED
in external/local_xla/xla/stream_executor/cuda/cuda_dnn.cc(5308): 'status'
  Profiling failure on cuDNN engine eng11{}: UNKNOWN: CUDNN_STATUS_EXECUTION_FAILED
in external/local_xla/xla/stream_executor/cuda/cuda_dnn.cc(5308): 'status'
  Profiling failure on cuDNN engine eng0{}: UNKNOWN: CUDNN_STATUS_EXECUTION_FAILED
in external/local_xla/xla/stream_executor/cuda/cuda_dnn.cc(5308): 'status'

As a result, convolution performance may be suboptimal.
2025-10-23 03:53:32.578945: W external/local_xla/xla/service/gpu/autotuning/conv_algorithm_picker.cc:848] None of the algorithms provided by cuDNN heuristics worked; trying fallback algorithms.
2025-10-23 03:53:32.578972: W external/local_xla/xla/service/gpu/autotuning/conv_algorithm_picker.cc:851] Conv: %cudnn-conv-bw-input.6 = (f32[8,128,64,80]{3,2,1,0}, u8[0]{0}) custom-call(%select.52, %bitcast.1130), window={size=3x3 pad=1_1x1_1}, dim_labels=bf01_oi01->bf01, custom_call_target="__cudnn$convBackwardInput", metadata={op_type="Conv2DBackpropInput" op_name="gradient_tape/functional_1/conv2d_6_1/convolution/Conv2DBackpropInput" source_file="/home/jordanw7/.conda/envs/ADSAenv/lib/python3.11/site-packages/tensorflow/python/framework/ops.py" source_line=1221}, backend_config={"operation_queue_id":"0","wait_on_operation_queues":[],"cudnn_conv_backend_config":{"activation_mode":"kNone","conv_result_scale":1,"side_input_scale":0,"leakyrelu_alpha":0},"force_earliest_schedule":false,"reification_cost":[]}
2025-10-23 03:53:32.582328: W external/local_xla/xla/service/gpu/autotuning/conv_algorithm_picker.cc:1077] Failed to determine best cudnn convolution algorithm for:
%cudnn-conv-bw-input.6 = (f32[8,128,64,80]{3,2,1,0}, u8[0]{0}) custom-call(%select.52, %bitcast.1130), window={size=3x3 pad=1_1x1_1}, dim_labels=bf01_oi01->bf01, custom_call_target="__cudnn$convBackwardInput", metadata={op_type="Conv2DBackpropInput" op_name="gradient_tape/functional_1/conv2d_6_1/convolution/Conv2DBackpropInput" source_file="/home/jordanw7/.conda/envs/ADSAenv/lib/python3.11/site-packages/tensorflow/python/framework/ops.py" source_line=1221}, backend_config={"operation_queue_id":"0","wait_on_operation_queues":[],"cudnn_conv_backend_config":{"activation_mode":"kNone","conv_result_scale":1,"side_input_scale":0,"leakyrelu_alpha":0},"force_earliest_schedule":false,"reification_cost":[]}

Original error: INTERNAL: All algorithms tried for (f32[8,128,64,80]{3,2,1,0}, u8[0]{0}) custom-call(f32[8,256,64,80]{3,2,1,0}, f32[256,128,3,3]{3,2,1,0}), window={size=3x3 pad=1_1x1_1}, dim_labels=bf01_oi01->bf01, custom_call_target="__cudnn$convBackwardInput", backend_config={"cudnn_conv_backend_config":{"activation_mode":"kNone","conv_result_scale":1,"leakyrelu_alpha":0,"side_input_scale":0},"force_earliest_schedule":false,"operation_queue_id":"0","reification_cost":[],"wait_on_operation_queues":[]} failed. Falling back to default algorithm.  Per-algorithm errors:
  Profiling failure on cuDNN engine eng50{}: UNKNOWN: CUDNN_STATUS_EXECUTION_FAILED
in external/local_xla/xla/stream_executor/cuda/cuda_dnn.cc(5308): 'status'
  Profiling failure on cuDNN engine eng5{}: UNKNOWN: CUDNN_STATUS_EXECUTION_FAILED
in external/local_xla/xla/stream_executor/cuda/cuda_dnn.cc(5308): 'status'
  Profiling failure on cuDNN engine eng4{k11=2}: UNKNOWN: CUDNN_STATUS_EXECUTION_FAILED
in external/local_xla/xla/stream_executor/cuda/cuda_dnn.cc(5308): 'status'
  Profiling failure on cuDNN engine eng1{k2=3,k3=0}: UNKNOWN: CUDNN_STATUS_INTERNAL_ERROR
in external/local_xla/xla/stream_executor/cuda/cuda_dnn.cc(5308): 'status'
  Profiling failure on cuDNN engine eng25{k2=0,k3=0}: UNKNOWN: CUDNN_STATUS_INTERNAL_ERROR
in external/local_xla/xla/stream_executor/cuda/cuda_dnn.cc(5308): 'status'
  Profiling failure on cuDNN engine eng25{k2=2,k3=0}: UNKNOWN: CUDNN_STATUS_INTERNAL_ERROR
in external/local_xla/xla/stream_executor/cuda/cuda_dnn.cc(5308): 'status'
  Profiling failure on cuDNN engine eng1{k2=1,k3=0}: UNKNOWN: CUDNN_STATUS_INTERNAL_ERROR
in external/local_xla/xla/stream_executor/cuda/cuda_dnn.cc(5308): 'status'
  Profiling failure on cuDNN engine eng2{k2=2,k3=0}: UNKNOWN: CUDNN_STATUS_INTERNAL_ERROR
in external/local_xla/xla/stream_executor/cuda/cuda_dnn.cc(5308): 'status'
  Profiling failure on cuDNN engine eng1{}: UNKNOWN: CUDNN_STATUS_INTERNAL_ERROR
in external/local_xla/xla/stream_executor/cuda/cuda_dnn.cc(5308): 'status'
  Profiling failure on cuDNN engine eng25{}: UNKNOWN: CUDNN_STATUS_INTERNAL_ERROR
in external/local_xla/xla/stream_executor/cuda/cuda_dnn.cc(5308): 'status'
  Profiling failure on cuDNN engine eng0{}: UNKNOWN: CUDNN_STATUS_EXECUTION_FAILED
in external/local_xla/xla/stream_executor/cuda/cuda_dnn.cc(5308): 'status'

As a result, convolution performance may be suboptimal.
2025-10-23 03:53:32.584302: W external/local_xla/xla/service/gpu/autotuning/conv_algorithm_picker.cc:848] None of the algorithms provided by cuDNN heuristics worked; trying fallback algorithms.
2025-10-23 03:53:32.584337: W external/local_xla/xla/service/gpu/autotuning/conv_algorithm_picker.cc:851] Conv: %cudnn-conv-bw-input.7 = (f32[8,128,128,160]{3,2,1,0}, u8[0]{0}) custom-call(%select.54, %bitcast.1128), window={size=3x3 pad=1_1x1_1}, dim_labels=bf01_oi01->bf01, custom_call_target="__cudnn$convBackwardInput", metadata={op_type="Conv2DBackpropInput" op_name="gradient_tape/functional_1/conv2d_5_1/convolution/Conv2DBackpropInput" source_file="/home/jordanw7/.conda/envs/ADSAenv/lib/python3.11/site-packages/tensorflow/python/framework/ops.py" source_line=1221}, backend_config={"operation_queue_id":"0","wait_on_operation_queues":[],"cudnn_conv_backend_config":{"activation_mode":"kNone","conv_result_scale":1,"side_input_scale":0,"leakyrelu_alpha":0},"force_earliest_schedule":false,"reification_cost":[]}
2025-10-23 03:53:32.587411: W external/local_xla/xla/service/gpu/autotuning/conv_algorithm_picker.cc:1077] Failed to determine best cudnn convolution algorithm for:
%cudnn-conv-bw-input.7 = (f32[8,128,128,160]{3,2,1,0}, u8[0]{0}) custom-call(%select.54, %bitcast.1128), window={size=3x3 pad=1_1x1_1}, dim_labels=bf01_oi01->bf01, custom_call_target="__cudnn$convBackwardInput", metadata={op_type="Conv2DBackpropInput" op_name="gradient_tape/functional_1/conv2d_5_1/convolution/Conv2DBackpropInput" source_file="/home/jordanw7/.conda/envs/ADSAenv/lib/python3.11/site-packages/tensorflow/python/framework/ops.py" source_line=1221}, backend_config={"operation_queue_id":"0","wait_on_operation_queues":[],"cudnn_conv_backend_config":{"activation_mode":"kNone","conv_result_scale":1,"side_input_scale":0,"leakyrelu_alpha":0},"force_earliest_schedule":false,"reification_cost":[]}

Original error: INTERNAL: All algorithms tried for (f32[8,128,128,160]{3,2,1,0}, u8[0]{0}) custom-call(f32[8,128,128,160]{3,2,1,0}, f32[128,128,3,3]{3,2,1,0}), window={size=3x3 pad=1_1x1_1}, dim_labels=bf01_oi01->bf01, custom_call_target="__cudnn$convBackwardInput", backend_config={"cudnn_conv_backend_config":{"activation_mode":"kNone","conv_result_scale":1,"leakyrelu_alpha":0,"side_input_scale":0},"force_earliest_schedule":false,"operation_queue_id":"0","reification_cost":[],"wait_on_operation_queues":[]} failed. Falling back to default algorithm.  Per-algorithm errors:
  Profiling failure on cuDNN engine eng1{k2=3,k3=0}: UNKNOWN: CUDNN_STATUS_INTERNAL_ERROR
in external/local_xla/xla/stream_executor/cuda/cuda_dnn.cc(5308): 'status'
  Profiling failure on cuDNN engine eng25{k2=0,k3=0}: UNKNOWN: CUDNN_STATUS_INTERNAL_ERROR
in external/local_xla/xla/stream_executor/cuda/cuda_dnn.cc(5308): 'status'
  Profiling failure on cuDNN engine eng25{k2=2,k3=0}: UNKNOWN: CUDNN_STATUS_INTERNAL_ERROR
in external/local_xla/xla/stream_executor/cuda/cuda_dnn.cc(5308): 'status'
  Profiling failure on cuDNN engine eng1{k2=1,k3=0}: UNKNOWN: CUDNN_STATUS_INTERNAL_ERROR
in external/local_xla/xla/stream_executor/cuda/cuda_dnn.cc(5308): 'status'
  Profiling failure on cuDNN engine eng5{}: UNKNOWN: CUDNN_STATUS_EXECUTION_FAILED
in external/local_xla/xla/stream_executor/cuda/cuda_dnn.cc(5308): 'status'
  Profiling failure on cuDNN engine eng50{}: UNKNOWN: CUDNN_STATUS_EXECUTION_FAILED
in external/local_xla/xla/stream_executor/cuda/cuda_dnn.cc(5308): 'status'
  Profiling failure on cuDNN engine eng2{k2=2,k3=0}: UNKNOWN: CUDNN_STATUS_INTERNAL_ERROR
in external/local_xla/xla/stream_executor/cuda/cuda_dnn.cc(5308): 'status'
  Profiling failure on cuDNN engine eng4{k11=2}: UNKNOWN: CUDNN_STATUS_EXECUTION_FAILED
in external/local_xla/xla/stream_executor/cuda/cuda_dnn.cc(5308): 'status'
  Profiling failure on cuDNN engine eng1{}: UNKNOWN: CUDNN_STATUS_INTERNAL_ERROR
in external/local_xla/xla/stream_executor/cuda/cuda_dnn.cc(5308): 'status'
  Profiling failure on cuDNN engine eng25{}: UNKNOWN: CUDNN_STATUS_INTERNAL_ERROR
in external/local_xla/xla/stream_executor/cuda/cuda_dnn.cc(5308): 'status'
  Profiling failure on cuDNN engine eng0{}: UNKNOWN: CUDNN_STATUS_EXECUTION_FAILED
in external/local_xla/xla/stream_executor/cuda/cuda_dnn.cc(5308): 'status'

As a result, convolution performance may be suboptimal.
2025-10-23 03:53:32.589494: W external/local_xla/xla/service/gpu/autotuning/conv_algorithm_picker.cc:848] None of the algorithms provided by cuDNN heuristics worked; trying fallback algorithms.
2025-10-23 03:53:32.589521: W external/local_xla/xla/service/gpu/autotuning/conv_algorithm_picker.cc:851] Conv: %cudnn-conv-bw-input.8 = (f32[8,64,128,160]{3,2,1,0}, u8[0]{0}) custom-call(%select.55, %bitcast.1126), window={size=3x3 pad=1_1x1_1}, dim_labels=bf01_oi01->bf01, custom_call_target="__cudnn$convBackwardInput", metadata={op_type="Conv2DBackpropInput" op_name="gradient_tape/functional_1/conv2d_4_1/convolution/Conv2DBackpropInput" source_file="/home/jordanw7/.conda/envs/ADSAenv/lib/python3.11/site-packages/tensorflow/python/framework/ops.py" source_line=1221}, backend_config={"operation_queue_id":"0","wait_on_operation_queues":[],"cudnn_conv_backend_config":{"activation_mode":"kNone","conv_result_scale":1,"side_input_scale":0,"leakyrelu_alpha":0},"force_earliest_schedule":false,"reification_cost":[]}
2025-10-23 03:53:32.592650: W external/local_xla/xla/service/gpu/autotuning/conv_algorithm_picker.cc:1077] Failed to determine best cudnn convolution algorithm for:
%cudnn-conv-bw-input.8 = (f32[8,64,128,160]{3,2,1,0}, u8[0]{0}) custom-call(%select.55, %bitcast.1126), window={size=3x3 pad=1_1x1_1}, dim_labels=bf01_oi01->bf01, custom_call_target="__cudnn$convBackwardInput", metadata={op_type="Conv2DBackpropInput" op_name="gradient_tape/functional_1/conv2d_4_1/convolution/Conv2DBackpropInput" source_file="/home/jordanw7/.conda/envs/ADSAenv/lib/python3.11/site-packages/tensorflow/python/framework/ops.py" source_line=1221}, backend_config={"operation_queue_id":"0","wait_on_operation_queues":[],"cudnn_conv_backend_config":{"activation_mode":"kNone","conv_result_scale":1,"side_input_scale":0,"leakyrelu_alpha":0},"force_earliest_schedule":false,"reification_cost":[]}

Original error: INTERNAL: All algorithms tried for (f32[8,64,128,160]{3,2,1,0}, u8[0]{0}) custom-call(f32[8,128,128,160]{3,2,1,0}, f32[128,64,3,3]{3,2,1,0}), window={size=3x3 pad=1_1x1_1}, dim_labels=bf01_oi01->bf01, custom_call_target="__cudnn$convBackwardInput", backend_config={"cudnn_conv_backend_config":{"activation_mode":"kNone","conv_result_scale":1,"leakyrelu_alpha":0,"side_input_scale":0},"force_earliest_schedule":false,"operation_queue_id":"0","reification_cost":[],"wait_on_operation_queues":[]} failed. Falling back to default algorithm.  Per-algorithm errors:
  Profiling failure on cuDNN engine eng1{k2=3,k3=0}: UNKNOWN: CUDNN_STATUS_INTERNAL_ERROR
in external/local_xla/xla/stream_executor/cuda/cuda_dnn.cc(5308): 'status'
  Profiling failure on cuDNN engine eng25{k2=0,k3=0}: UNKNOWN: CUDNN_STATUS_INTERNAL_ERROR
in external/local_xla/xla/stream_executor/cuda/cuda_dnn.cc(5308): 'status'
  Profiling failure on cuDNN engine eng25{k2=2,k3=0}: UNKNOWN: CUDNN_STATUS_INTERNAL_ERROR
in external/local_xla/xla/stream_executor/cuda/cuda_dnn.cc(5308): 'status'
  Profiling failure on cuDNN engine eng1{k2=1,k3=0}: UNKNOWN: CUDNN_STATUS_INTERNAL_ERROR
in external/local_xla/xla/stream_executor/cuda/cuda_dnn.cc(5308): 'status'
  Profiling failure on cuDNN engine eng5{}: UNKNOWN: CUDNN_STATUS_EXECUTION_FAILED
in external/local_xla/xla/stream_executor/cuda/cuda_dnn.cc(5308): 'status'
  Profiling failure on cuDNN engine eng50{}: UNKNOWN: CUDNN_STATUS_EXECUTION_FAILED
in external/local_xla/xla/stream_executor/cuda/cuda_dnn.cc(5308): 'status'
  Profiling failure on cuDNN engine eng2{k2=2,k3=0}: UNKNOWN: CUDNN_STATUS_INTERNAL_ERROR
in external/local_xla/xla/stream_executor/cuda/cuda_dnn.cc(5308): 'status'
  Profiling failure on cuDNN engine eng4{k11=2}: UNKNOWN: CUDNN_STATUS_EXECUTION_FAILED
in external/local_xla/xla/stream_executor/cuda/cuda_dnn.cc(5308): 'status'
  Profiling failure on cuDNN engine eng1{}: UNKNOWN: CUDNN_STATUS_INTERNAL_ERROR
in external/local_xla/xla/stream_executor/cuda/cuda_dnn.cc(5308): 'status'
  Profiling failure on cuDNN engine eng25{}: UNKNOWN: CUDNN_STATUS_INTERNAL_ERROR
in external/local_xla/xla/stream_executor/cuda/cuda_dnn.cc(5308): 'status'
  Profiling failure on cuDNN engine eng0{}: UNKNOWN: CUDNN_STATUS_EXECUTION_FAILED
in external/local_xla/xla/stream_executor/cuda/cuda_dnn.cc(5308): 'status'

As a result, convolution performance may be suboptimal.
2025-10-23 03:53:32.594648: W external/local_xla/xla/service/gpu/autotuning/conv_algorithm_picker.cc:848] None of the algorithms provided by cuDNN heuristics worked; trying fallback algorithms.
2025-10-23 03:53:32.594675: W external/local_xla/xla/service/gpu/autotuning/conv_algorithm_picker.cc:851] Conv: %cudnn-conv-bw-input.9 = (f32[8,64,256,320]{3,2,1,0}, u8[0]{0}) custom-call(%select.57, %bitcast.1124), window={size=3x3 pad=1_1x1_1}, dim_labels=bf01_oi01->bf01, custom_call_target="__cudnn$convBackwardInput", metadata={op_type="Conv2DBackpropInput" op_name="gradient_tape/functional_1/conv2d_3_1/convolution/Conv2DBackpropInput" source_file="/home/jordanw7/.conda/envs/ADSAenv/lib/python3.11/site-packages/tensorflow/python/framework/ops.py" source_line=1221}, backend_config={"operation_queue_id":"0","wait_on_operation_queues":[],"cudnn_conv_backend_config":{"activation_mode":"kNone","conv_result_scale":1,"side_input_scale":0,"leakyrelu_alpha":0},"force_earliest_schedule":false,"reification_cost":[]}
2025-10-23 03:53:32.597708: W external/local_xla/xla/service/gpu/autotuning/conv_algorithm_picker.cc:1077] Failed to determine best cudnn convolution algorithm for:
%cudnn-conv-bw-input.9 = (f32[8,64,256,320]{3,2,1,0}, u8[0]{0}) custom-call(%select.57, %bitcast.1124), window={size=3x3 pad=1_1x1_1}, dim_labels=bf01_oi01->bf01, custom_call_target="__cudnn$convBackwardInput", metadata={op_type="Conv2DBackpropInput" op_name="gradient_tape/functional_1/conv2d_3_1/convolution/Conv2DBackpropInput" source_file="/home/jordanw7/.conda/envs/ADSAenv/lib/python3.11/site-packages/tensorflow/python/framework/ops.py" source_line=1221}, backend_config={"operation_queue_id":"0","wait_on_operation_queues":[],"cudnn_conv_backend_config":{"activation_mode":"kNone","conv_result_scale":1,"side_input_scale":0,"leakyrelu_alpha":0},"force_earliest_schedule":false,"reification_cost":[]}

Original error: INTERNAL: All algorithms tried for (f32[8,64,256,320]{3,2,1,0}, u8[0]{0}) custom-call(f32[8,64,256,320]{3,2,1,0}, f32[64,64,3,3]{3,2,1,0}), window={size=3x3 pad=1_1x1_1}, dim_labels=bf01_oi01->bf01, custom_call_target="__cudnn$convBackwardInput", backend_config={"cudnn_conv_backend_config":{"activation_mode":"kNone","conv_result_scale":1,"leakyrelu_alpha":0,"side_input_scale":0},"force_earliest_schedule":false,"operation_queue_id":"0","reification_cost":[],"wait_on_operation_queues":[]} failed. Falling back to default algorithm.  Per-algorithm errors:
  Profiling failure on cuDNN engine eng1{k2=3,k3=0}: UNKNOWN: CUDNN_STATUS_INTERNAL_ERROR
in external/local_xla/xla/stream_executor/cuda/cuda_dnn.cc(5308): 'status'
  Profiling failure on cuDNN engine eng25{k2=0,k3=0}: UNKNOWN: CUDNN_STATUS_INTERNAL_ERROR
in external/local_xla/xla/stream_executor/cuda/cuda_dnn.cc(5308): 'status'
  Profiling failure on cuDNN engine eng25{k2=2,k3=0}: UNKNOWN: CUDNN_STATUS_INTERNAL_ERROR
in external/local_xla/xla/stream_executor/cuda/cuda_dnn.cc(5308): 'status'
  Profiling failure on cuDNN engine eng1{k2=1,k3=0}: UNKNOWN: CUDNN_STATUS_INTERNAL_ERROR
in external/local_xla/xla/stream_executor/cuda/cuda_dnn.cc(5308): 'status'
  Profiling failure on cuDNN engine eng5{}: UNKNOWN: CUDNN_STATUS_EXECUTION_FAILED
in external/local_xla/xla/stream_executor/cuda/cuda_dnn.cc(5308): 'status'
  Profiling failure on cuDNN engine eng50{}: UNKNOWN: CUDNN_STATUS_EXECUTION_FAILED
in external/local_xla/xla/stream_executor/cuda/cuda_dnn.cc(5308): 'status'
  Profiling failure on cuDNN engine eng2{k2=2,k3=0}: UNKNOWN: CUDNN_STATUS_INTERNAL_ERROR
in external/local_xla/xla/stream_executor/cuda/cuda_dnn.cc(5308): 'status'
  Profiling failure on cuDNN engine eng0{}: UNKNOWN: CUDNN_STATUS_EXECUTION_FAILED
in external/local_xla/xla/stream_executor/cuda/cuda_dnn.cc(5308): 'status'
  Profiling failure on cuDNN engine eng1{}: UNKNOWN: CUDNN_STATUS_INTERNAL_ERROR
in external/local_xla/xla/stream_executor/cuda/cuda_dnn.cc(5308): 'status'
  Profiling failure on cuDNN engine eng25{}: UNKNOWN: CUDNN_STATUS_INTERNAL_ERROR
in external/local_xla/xla/stream_executor/cuda/cuda_dnn.cc(5308): 'status'
  Profiling failure on cuDNN engine eng0{}: UNKNOWN: CUDNN_STATUS_EXECUTION_FAILED
in external/local_xla/xla/stream_executor/cuda/cuda_dnn.cc(5308): 'status'

As a result, convolution performance may be suboptimal.
2025-10-23 03:53:32.599713: W external/local_xla/xla/service/gpu/autotuning/conv_algorithm_picker.cc:848] None of the algorithms provided by cuDNN heuristics worked; trying fallback algorithms.
2025-10-23 03:53:32.599740: W external/local_xla/xla/service/gpu/autotuning/conv_algorithm_picker.cc:851] Conv: %cudnn-conv-bw-input.10 = (f32[8,32,256,320]{3,2,1,0}, u8[0]{0}) custom-call(%select.59, %bitcast.1122), window={size=3x3 pad=1_1x1_1}, dim_labels=bf01_oi01->bf01, custom_call_target="__cudnn$convBackwardInput", metadata={op_type="Conv2DBackpropInput" op_name="gradient_tape/functional_1/conv2d_2_1/convolution/Conv2DBackpropInput" source_file="/home/jordanw7/.conda/envs/ADSAenv/lib/python3.11/site-packages/tensorflow/python/framework/ops.py" source_line=1221}, backend_config={"operation_queue_id":"0","wait_on_operation_queues":[],"cudnn_conv_backend_config":{"activation_mode":"kNone","conv_result_scale":1,"side_input_scale":0,"leakyrelu_alpha":0},"force_earliest_schedule":false,"reification_cost":[]}
2025-10-23 03:53:32.602726: W external/local_xla/xla/service/gpu/autotuning/conv_algorithm_picker.cc:1077] Failed to determine best cudnn convolution algorithm for:
%cudnn-conv-bw-input.10 = (f32[8,32,256,320]{3,2,1,0}, u8[0]{0}) custom-call(%select.59, %bitcast.1122), window={size=3x3 pad=1_1x1_1}, dim_labels=bf01_oi01->bf01, custom_call_target="__cudnn$convBackwardInput", metadata={op_type="Conv2DBackpropInput" op_name="gradient_tape/functional_1/conv2d_2_1/convolution/Conv2DBackpropInput" source_file="/home/jordanw7/.conda/envs/ADSAenv/lib/python3.11/site-packages/tensorflow/python/framework/ops.py" source_line=1221}, backend_config={"operation_queue_id":"0","wait_on_operation_queues":[],"cudnn_conv_backend_config":{"activation_mode":"kNone","conv_result_scale":1,"side_input_scale":0,"leakyrelu_alpha":0},"force_earliest_schedule":false,"reification_cost":[]}

Original error: INTERNAL: All algorithms tried for (f32[8,32,256,320]{3,2,1,0}, u8[0]{0}) custom-call(f32[8,64,256,320]{3,2,1,0}, f32[64,32,3,3]{3,2,1,0}), window={size=3x3 pad=1_1x1_1}, dim_labels=bf01_oi01->bf01, custom_call_target="__cudnn$convBackwardInput", backend_config={"cudnn_conv_backend_config":{"activation_mode":"kNone","conv_result_scale":1,"leakyrelu_alpha":0,"side_input_scale":0},"force_earliest_schedule":false,"operation_queue_id":"0","reification_cost":[],"wait_on_operation_queues":[]} failed. Falling back to default algorithm.  Per-algorithm errors:
  Profiling failure on cuDNN engine eng25{k2=0,k3=0}: UNKNOWN: CUDNN_STATUS_INTERNAL_ERROR
in external/local_xla/xla/stream_executor/cuda/cuda_dnn.cc(5308): 'status'
  Profiling failure on cuDNN engine eng25{k2=2,k3=0}: UNKNOWN: CUDNN_STATUS_INTERNAL_ERROR
in external/local_xla/xla/stream_executor/cuda/cuda_dnn.cc(5308): 'status'
  Profiling failure on cuDNN engine eng5{}: UNKNOWN: CUDNN_STATUS_EXECUTION_FAILED
in external/local_xla/xla/stream_executor/cuda/cuda_dnn.cc(5308): 'status'
  Profiling failure on cuDNN engine eng50{}: UNKNOWN: CUDNN_STATUS_EXECUTION_FAILED
in external/local_xla/xla/stream_executor/cuda/cuda_dnn.cc(5308): 'status'
  Profiling failure on cuDNN engine eng1{k2=3,k3=0}: UNKNOWN: CUDNN_STATUS_INTERNAL_ERROR
in external/local_xla/xla/stream_executor/cuda/cuda_dnn.cc(5308): 'status'
  Profiling failure on cuDNN engine eng2{k2=2,k3=0}: UNKNOWN: CUDNN_STATUS_INTERNAL_ERROR
in external/local_xla/xla/stream_executor/cuda/cuda_dnn.cc(5308): 'status'
  Profiling failure on cuDNN engine eng0{}: UNKNOWN: CUDNN_STATUS_EXECUTION_FAILED
in external/local_xla/xla/stream_executor/cuda/cuda_dnn.cc(5308): 'status'
  Profiling failure on cuDNN engine eng1{k2=1,k3=0}: UNKNOWN: CUDNN_STATUS_INTERNAL_ERROR
in external/local_xla/xla/stream_executor/cuda/cuda_dnn.cc(5308): 'status'
  Profiling failure on cuDNN engine eng1{}: UNKNOWN: CUDNN_STATUS_INTERNAL_ERROR
in external/local_xla/xla/stream_executor/cuda/cuda_dnn.cc(5308): 'status'
  Profiling failure on cuDNN engine eng25{}: UNKNOWN: CUDNN_STATUS_INTERNAL_ERROR
in external/local_xla/xla/stream_executor/cuda/cuda_dnn.cc(5308): 'status'
  Profiling failure on cuDNN engine eng0{}: UNKNOWN: CUDNN_STATUS_EXECUTION_FAILED
in external/local_xla/xla/stream_executor/cuda/cuda_dnn.cc(5308): 'status'

As a result, convolution performance may be suboptimal.
2025-10-23 03:53:32.604710: W external/local_xla/xla/service/gpu/autotuning/conv_algorithm_picker.cc:848] None of the algorithms provided by cuDNN heuristics worked; trying fallback algorithms.
2025-10-23 03:53:32.604736: W external/local_xla/xla/service/gpu/autotuning/conv_algorithm_picker.cc:851] Conv: %cudnn-conv-bw-input.11 = (f32[8,32,512,640]{3,2,1,0}, u8[0]{0}) custom-call(%select.61, %bitcast.1120), window={size=3x3 pad=1_1x1_1}, dim_labels=bf01_oi01->bf01, custom_call_target="__cudnn$convBackwardInput", metadata={op_type="Conv2DBackpropInput" op_name="gradient_tape/functional_1/conv2d_1_2/convolution/Conv2DBackpropInput" source_file="/home/jordanw7/.conda/envs/ADSAenv/lib/python3.11/site-packages/tensorflow/python/framework/ops.py" source_line=1221}, backend_config={"operation_queue_id":"0","wait_on_operation_queues":[],"cudnn_conv_backend_config":{"activation_mode":"kNone","conv_result_scale":1,"side_input_scale":0,"leakyrelu_alpha":0},"force_earliest_schedule":false,"reification_cost":[]}
2025-10-23 03:53:32.607709: W external/local_xla/xla/service/gpu/autotuning/conv_algorithm_picker.cc:1077] Failed to determine best cudnn convolution algorithm for:
%cudnn-conv-bw-input.11 = (f32[8,32,512,640]{3,2,1,0}, u8[0]{0}) custom-call(%select.61, %bitcast.1120), window={size=3x3 pad=1_1x1_1}, dim_labels=bf01_oi01->bf01, custom_call_target="__cudnn$convBackwardInput", metadata={op_type="Conv2DBackpropInput" op_name="gradient_tape/functional_1/conv2d_1_2/convolution/Conv2DBackpropInput" source_file="/home/jordanw7/.conda/envs/ADSAenv/lib/python3.11/site-packages/tensorflow/python/framework/ops.py" source_line=1221}, backend_config={"operation_queue_id":"0","wait_on_operation_queues":[],"cudnn_conv_backend_config":{"activation_mode":"kNone","conv_result_scale":1,"side_input_scale":0,"leakyrelu_alpha":0},"force_earliest_schedule":false,"reification_cost":[]}

Original error: INTERNAL: All algorithms tried for (f32[8,32,512,640]{3,2,1,0}, u8[0]{0}) custom-call(f32[8,32,512,640]{3,2,1,0}, f32[32,32,3,3]{3,2,1,0}), window={size=3x3 pad=1_1x1_1}, dim_labels=bf01_oi01->bf01, custom_call_target="__cudnn$convBackwardInput", backend_config={"cudnn_conv_backend_config":{"activation_mode":"kNone","conv_result_scale":1,"leakyrelu_alpha":0,"side_input_scale":0},"force_earliest_schedule":false,"operation_queue_id":"0","reification_cost":[],"wait_on_operation_queues":[]} failed. Falling back to default algorithm.  Per-algorithm errors:
  Profiling failure on cuDNN engine eng50{}: UNKNOWN: CUDNN_STATUS_EXECUTION_FAILED
in external/local_xla/xla/stream_executor/cuda/cuda_dnn.cc(5308): 'status'
  Profiling failure on cuDNN engine eng5{}: UNKNOWN: CUDNN_STATUS_EXECUTION_FAILED
in external/local_xla/xla/stream_executor/cuda/cuda_dnn.cc(5308): 'status'
  Profiling failure on cuDNN engine eng1{k2=3,k3=0}: UNKNOWN: CUDNN_STATUS_INTERNAL_ERROR
in external/local_xla/xla/stream_executor/cuda/cuda_dnn.cc(5308): 'status'
  Profiling failure on cuDNN engine eng25{k2=0,k3=0}: UNKNOWN: CUDNN_STATUS_INTERNAL_ERROR
in external/local_xla/xla/stream_executor/cuda/cuda_dnn.cc(5308): 'status'
  Profiling failure on cuDNN engine eng25{k2=2,k3=0}: UNKNOWN: CUDNN_STATUS_INTERNAL_ERROR
in external/local_xla/xla/stream_executor/cuda/cuda_dnn.cc(5308): 'status'
  Profiling failure on cuDNN engine eng1{k2=1,k3=0}: UNKNOWN: CUDNN_STATUS_INTERNAL_ERROR
in external/local_xla/xla/stream_executor/cuda/cuda_dnn.cc(5308): 'status'
  Profiling failure on cuDNN engine eng2{k2=2,k3=0}: UNKNOWN: CUDNN_STATUS_INTERNAL_ERROR
in external/local_xla/xla/stream_executor/cuda/cuda_dnn.cc(5308): 'status'
  Profiling failure on cuDNN engine eng0{}: UNKNOWN: CUDNN_STATUS_EXECUTION_FAILED
in external/local_xla/xla/stream_executor/cuda/cuda_dnn.cc(5308): 'status'
  Profiling failure on cuDNN engine eng1{}: UNKNOWN: CUDNN_STATUS_INTERNAL_ERROR
in external/local_xla/xla/stream_executor/cuda/cuda_dnn.cc(5308): 'status'
  Profiling failure on cuDNN engine eng25{}: UNKNOWN: CUDNN_STATUS_INTERNAL_ERROR
in external/local_xla/xla/stream_executor/cuda/cuda_dnn.cc(5308): 'status'
  Profiling failure on cuDNN engine eng0{}: UNKNOWN: CUDNN_STATUS_EXECUTION_FAILED
in external/local_xla/xla/stream_executor/cuda/cuda_dnn.cc(5308): 'status'

As a result, convolution performance may be suboptimal.
2025-10-23 03:53:32.613271: W external/local_xla/xla/service/gpu/autotuning/conv_algorithm_picker.cc:848] None of the algorithms provided by cuDNN heuristics worked; trying fallback algorithms.
2025-10-23 03:53:32.613299: W external/local_xla/xla/service/gpu/autotuning/conv_algorithm_picker.cc:851] Conv: %cudnn-conv-bw-filter.7 = (f32[32,1,3,3]{3,2,1,0}, u8[0]{0}) custom-call(%bitcast.909, %select.62), window={size=3x3 pad=1_1x1_1}, dim_labels=bf01_oi01->bf01, custom_call_target="__cudnn$convBackwardFilter", metadata={op_type="Conv2DBackpropFilter" op_name="gradient_tape/functional_1/conv2d_1/convolution/Conv2DBackpropFilter" source_file="/home/jordanw7/.conda/envs/ADSAenv/lib/python3.11/site-packages/tensorflow/python/framework/ops.py" source_line=1221}, backend_config={"operation_queue_id":"0","wait_on_operation_queues":[],"cudnn_conv_backend_config":{"activation_mode":"kNone","conv_result_scale":1,"side_input_scale":0,"leakyrelu_alpha":0},"force_earliest_schedule":false,"reification_cost":[]}
2025-10-23 03:53:32.617069: W external/local_xla/xla/service/gpu/autotuning/conv_algorithm_picker.cc:1077] Failed to determine best cudnn convolution algorithm for:
%cudnn-conv-bw-filter.7 = (f32[32,1,3,3]{3,2,1,0}, u8[0]{0}) custom-call(%bitcast.909, %select.62), window={size=3x3 pad=1_1x1_1}, dim_labels=bf01_oi01->bf01, custom_call_target="__cudnn$convBackwardFilter", metadata={op_type="Conv2DBackpropFilter" op_name="gradient_tape/functional_1/conv2d_1/convolution/Conv2DBackpropFilter" source_file="/home/jordanw7/.conda/envs/ADSAenv/lib/python3.11/site-packages/tensorflow/python/framework/ops.py" source_line=1221}, backend_config={"operation_queue_id":"0","wait_on_operation_queues":[],"cudnn_conv_backend_config":{"activation_mode":"kNone","conv_result_scale":1,"side_input_scale":0,"leakyrelu_alpha":0},"force_earliest_schedule":false,"reification_cost":[]}

Original error: INTERNAL: All algorithms tried for (f32[32,1,3,3]{3,2,1,0}, u8[0]{0}) custom-call(f32[8,1,512,640]{3,2,1,0}, f32[8,32,512,640]{3,2,1,0}), window={size=3x3 pad=1_1x1_1}, dim_labels=bf01_oi01->bf01, custom_call_target="__cudnn$convBackwardFilter", backend_config={"cudnn_conv_backend_config":{"activation_mode":"kNone","conv_result_scale":1,"leakyrelu_alpha":0,"side_input_scale":0},"force_earliest_schedule":false,"operation_queue_id":"0","reification_cost":[],"wait_on_operation_queues":[]} failed. Falling back to default algorithm.  Per-algorithm errors:
  Profiling failure on cuDNN engine eng20{k2=6,k3=0}: UNKNOWN: CUDNN_STATUS_EXECUTION_FAILED
in external/local_xla/xla/stream_executor/cuda/cuda_dnn.cc(5308): 'status'
  Profiling failure on cuDNN engine eng20{k2=5,k3=0}: UNKNOWN: CUDNN_STATUS_EXECUTION_FAILED
in external/local_xla/xla/stream_executor/cuda/cuda_dnn.cc(5308): 'status'
  Profiling failure on cuDNN engine eng20{k2=7,k3=0}: UNKNOWN: CUDNN_STATUS_EXECUTION_FAILED
in external/local_xla/xla/stream_executor/cuda/cuda_dnn.cc(5308): 'status'
  Profiling failure on cuDNN engine eng0{}: UNKNOWN: CUDNN_STATUS_EXECUTION_FAILED
in external/local_xla/xla/stream_executor/cuda/cuda_dnn.cc(5308): 'status'
  Profiling failure on cuDNN engine eng1{k2=6,k3=0}: UNKNOWN: CUDNN_STATUS_EXECUTION_FAILED
in external/local_xla/xla/stream_executor/cuda/cuda_dnn.cc(5308): 'status'
  Profiling failure on cuDNN engine eng1{}: UNKNOWN: CUDNN_STATUS_EXECUTION_FAILED
in external/local_xla/xla/stream_executor/cuda/cuda_dnn.cc(5308): 'status'
  Profiling failure on cuDNN engine eng20{}: UNKNOWN: CUDNN_STATUS_EXECUTION_FAILED
in external/local_xla/xla/stream_executor/cuda/cuda_dnn.cc(5308): 'status'
  Profiling failure on cuDNN engine eng0{}: UNKNOWN: CUDNN_STATUS_EXECUTION_FAILED
in external/local_xla/xla/stream_executor/cuda/cuda_dnn.cc(5308): 'status'
  Profiling failure on cuDNN engine eng20{k2=2,k3=0}: UNKNOWN: CUDNN_STATUS_EXECUTION_FAILED
in external/local_xla/xla/stream_executor/cuda/cuda_dnn.cc(5308): 'status'
  Profiling failure on cuDNN engine eng1{k2=1,k3=0}: UNKNOWN: CUDNN_STATUS_EXECUTION_FAILED
in external/local_xla/xla/stream_executor/cuda/cuda_dnn.cc(5308): 'status'

As a result, convolution performance may be suboptimal.
2025-10-23 03:53:32.619088: W external/local_xla/xla/service/gpu/autotuning/conv_algorithm_picker.cc:848] None of the algorithms provided by cuDNN heuristics worked; trying fallback algorithms.
2025-10-23 03:53:32.619114: W external/local_xla/xla/service/gpu/autotuning/conv_algorithm_picker.cc:851] Conv: %cudnn-conv-bw-filter.8 = (f32[32,32,3,3]{3,2,1,0}, u8[0]{0}) custom-call(%add.657, %select.61), window={size=3x3 pad=1_1x1_1}, dim_labels=bf01_oi01->bf01, custom_call_target="__cudnn$convBackwardFilter", metadata={op_type="Conv2DBackpropFilter" op_name="gradient_tape/functional_1/conv2d_1_2/convolution/Conv2DBackpropFilter" source_file="/home/jordanw7/.conda/envs/ADSAenv/lib/python3.11/site-packages/tensorflow/python/framework/ops.py" source_line=1221}, backend_config={"operation_queue_id":"0","wait_on_operation_queues":[],"cudnn_conv_backend_config":{"activation_mode":"kNone","conv_result_scale":1,"side_input_scale":0,"leakyrelu_alpha":0},"force_earliest_schedule":false,"reification_cost":[]}
2025-10-23 03:53:32.622359: W external/local_xla/xla/service/gpu/autotuning/conv_algorithm_picker.cc:1077] Failed to determine best cudnn convolution algorithm for:
%cudnn-conv-bw-filter.8 = (f32[32,32,3,3]{3,2,1,0}, u8[0]{0}) custom-call(%add.657, %select.61), window={size=3x3 pad=1_1x1_1}, dim_labels=bf01_oi01->bf01, custom_call_target="__cudnn$convBackwardFilter", metadata={op_type="Conv2DBackpropFilter" op_name="gradient_tape/functional_1/conv2d_1_2/convolution/Conv2DBackpropFilter" source_file="/home/jordanw7/.conda/envs/ADSAenv/lib/python3.11/site-packages/tensorflow/python/framework/ops.py" source_line=1221}, backend_config={"operation_queue_id":"0","wait_on_operation_queues":[],"cudnn_conv_backend_config":{"activation_mode":"kNone","conv_result_scale":1,"side_input_scale":0,"leakyrelu_alpha":0},"force_earliest_schedule":false,"reification_cost":[]}

Original error: INTERNAL: All algorithms tried for (f32[32,32,3,3]{3,2,1,0}, u8[0]{0}) custom-call(f32[8,32,512,640]{3,2,1,0}, f32[8,32,512,640]{3,2,1,0}), window={size=3x3 pad=1_1x1_1}, dim_labels=bf01_oi01->bf01, custom_call_target="__cudnn$convBackwardFilter", backend_config={"cudnn_conv_backend_config":{"activation_mode":"kNone","conv_result_scale":1,"leakyrelu_alpha":0,"side_input_scale":0},"force_earliest_schedule":false,"operation_queue_id":"0","reification_cost":[],"wait_on_operation_queues":[]} failed. Falling back to default algorithm.  Per-algorithm errors:
  Profiling failure on cuDNN engine eng20{k2=7,k3=0}: UNKNOWN: CUDNN_STATUS_EXECUTION_FAILED
in external/local_xla/xla/stream_executor/cuda/cuda_dnn.cc(5308): 'status'
  Profiling failure on cuDNN engine eng20{k2=6,k3=0}: UNKNOWN: CUDNN_STATUS_EXECUTION_FAILED
in external/local_xla/xla/stream_executor/cuda/cuda_dnn.cc(5308): 'status'
  Profiling failure on cuDNN engine eng20{k2=5,k3=0}: UNKNOWN: CUDNN_STATUS_EXECUTION_FAILED
in external/local_xla/xla/stream_executor/cuda/cuda_dnn.cc(5308): 'status'
  Profiling failure on cuDNN engine eng1{k2=6,k3=0}: UNKNOWN: CUDNN_STATUS_EXECUTION_FAILED
in external/local_xla/xla/stream_executor/cuda/cuda_dnn.cc(5308): 'status'
  Profiling failure on cuDNN engine eng20{k2=2,k3=0}: UNKNOWN: CUDNN_STATUS_EXECUTION_FAILED
in external/local_xla/xla/stream_executor/cuda/cuda_dnn.cc(5308): 'status'
  Profiling failure on cuDNN engine eng1{k2=1,k3=0}: UNKNOWN: CUDNN_STATUS_EXECUTION_FAILED
in external/local_xla/xla/stream_executor/cuda/cuda_dnn.cc(5308): 'status'
  Profiling failure on cuDNN engine eng1{}: UNKNOWN: CUDNN_STATUS_EXECUTION_FAILED
in external/local_xla/xla/stream_executor/cuda/cuda_dnn.cc(5308): 'status'
  Profiling failure on cuDNN engine eng20{}: UNKNOWN: CUDNN_STATUS_EXECUTION_FAILED
in external/local_xla/xla/stream_executor/cuda/cuda_dnn.cc(5308): 'status'
  Profiling failure on cuDNN engine eng0{}: UNKNOWN: CUDNN_STATUS_EXECUTION_FAILED
in external/local_xla/xla/stream_executor/cuda/cuda_dnn.cc(5308): 'status'

As a result, convolution performance may be suboptimal.
2025-10-23 03:53:32.627010: W external/local_xla/xla/service/gpu/autotuning/conv_algorithm_picker.cc:848] None of the algorithms provided by cuDNN heuristics worked; trying fallback algorithms.
2025-10-23 03:53:32.627036: W external/local_xla/xla/service/gpu/autotuning/conv_algorithm_picker.cc:851] Conv: %cudnn-conv-bw-filter.9 = (f32[64,32,3,3]{3,2,1,0}, u8[0]{0}) custom-call(%select.49, %select.59), window={size=3x3 pad=1_1x1_1}, dim_labels=bf01_oi01->bf01, custom_call_target="__cudnn$convBackwardFilter", metadata={op_type="Conv2DBackpropFilter" op_name="gradient_tape/functional_1/conv2d_2_1/convolution/Conv2DBackpropFilter" source_file="/home/jordanw7/.conda/envs/ADSAenv/lib/python3.11/site-packages/tensorflow/python/framework/ops.py" source_line=1221}, backend_config={"operation_queue_id":"0","wait_on_operation_queues":[],"cudnn_conv_backend_config":{"activation_mode":"kNone","conv_result_scale":1,"side_input_scale":0,"leakyrelu_alpha":0},"force_earliest_schedule":false,"reification_cost":[]}
2025-10-23 03:53:32.630293: W external/local_xla/xla/service/gpu/autotuning/conv_algorithm_picker.cc:1077] Failed to determine best cudnn convolution algorithm for:
%cudnn-conv-bw-filter.9 = (f32[64,32,3,3]{3,2,1,0}, u8[0]{0}) custom-call(%select.49, %select.59), window={size=3x3 pad=1_1x1_1}, dim_labels=bf01_oi01->bf01, custom_call_target="__cudnn$convBackwardFilter", metadata={op_type="Conv2DBackpropFilter" op_name="gradient_tape/functional_1/conv2d_2_1/convolution/Conv2DBackpropFilter" source_file="/home/jordanw7/.conda/envs/ADSAenv/lib/python3.11/site-packages/tensorflow/python/framework/ops.py" source_line=1221}, backend_config={"operation_queue_id":"0","wait_on_operation_queues":[],"cudnn_conv_backend_config":{"activation_mode":"kNone","conv_result_scale":1,"side_input_scale":0,"leakyrelu_alpha":0},"force_earliest_schedule":false,"reification_cost":[]}

Original error: INTERNAL: All algorithms tried for (f32[64,32,3,3]{3,2,1,0}, u8[0]{0}) custom-call(f32[8,32,256,320]{3,2,1,0}, f32[8,64,256,320]{3,2,1,0}), window={size=3x3 pad=1_1x1_1}, dim_labels=bf01_oi01->bf01, custom_call_target="__cudnn$convBackwardFilter", backend_config={"cudnn_conv_backend_config":{"activation_mode":"kNone","conv_result_scale":1,"leakyrelu_alpha":0,"side_input_scale":0},"force_earliest_schedule":false,"operation_queue_id":"0","reification_cost":[],"wait_on_operation_queues":[]} failed. Falling back to default algorithm.  Per-algorithm errors:
  Profiling failure on cuDNN engine eng20{k2=7,k3=0}: UNKNOWN: CUDNN_STATUS_EXECUTION_FAILED
in external/local_xla/xla/stream_executor/cuda/cuda_dnn.cc(5308): 'status'
  Profiling failure on cuDNN engine eng20{k2=6,k3=0}: UNKNOWN: CUDNN_STATUS_EXECUTION_FAILED
in external/local_xla/xla/stream_executor/cuda/cuda_dnn.cc(5308): 'status'
  Profiling failure on cuDNN engine eng20{k2=5,k3=0}: UNKNOWN: CUDNN_STATUS_EXECUTION_FAILED
in external/local_xla/xla/stream_executor/cuda/cuda_dnn.cc(5308): 'status'
  Profiling failure on cuDNN engine eng1{k2=6,k3=0}: UNKNOWN: CUDNN_STATUS_EXECUTION_FAILED
in external/local_xla/xla/stream_executor/cuda/cuda_dnn.cc(5308): 'status'
  Profiling failure on cuDNN engine eng20{k2=2,k3=0}: UNKNOWN: CUDNN_STATUS_EXECUTION_FAILED
in external/local_xla/xla/stream_executor/cuda/cuda_dnn.cc(5308): 'status'
  Profiling failure on cuDNN engine eng1{k2=1,k3=0}: UNKNOWN: CUDNN_STATUS_EXECUTION_FAILED
in external/local_xla/xla/stream_executor/cuda/cuda_dnn.cc(5308): 'status'
  Profiling failure on cuDNN engine eng1{}: UNKNOWN: CUDNN_STATUS_EXECUTION_FAILED
in external/local_xla/xla/stream_executor/cuda/cuda_dnn.cc(5308): 'status'
  Profiling failure on cuDNN engine eng20{}: UNKNOWN: CUDNN_STATUS_EXECUTION_FAILED
in external/local_xla/xla/stream_executor/cuda/cuda_dnn.cc(5308): 'status'
  Profiling failure on cuDNN engine eng0{}: UNKNOWN: CUDNN_STATUS_EXECUTION_FAILED
in external/local_xla/xla/stream_executor/cuda/cuda_dnn.cc(5308): 'status'

As a result, convolution performance may be suboptimal.
2025-10-23 03:53:32.632310: W external/local_xla/xla/service/gpu/autotuning/conv_algorithm_picker.cc:848] None of the algorithms provided by cuDNN heuristics worked; trying fallback algorithms.
2025-10-23 03:53:32.632337: W external/local_xla/xla/service/gpu/autotuning/conv_algorithm_picker.cc:851] Conv: %cudnn-conv-bw-filter.10 = (f32[64,64,3,3]{3,2,1,0}, u8[0]{0}) custom-call(%add.658, %select.57), window={size=3x3 pad=1_1x1_1}, dim_labels=bf01_oi01->bf01, custom_call_target="__cudnn$convBackwardFilter", metadata={op_type="Conv2DBackpropFilter" op_name="gradient_tape/functional_1/conv2d_3_1/convolution/Conv2DBackpropFilter" source_file="/home/jordanw7/.conda/envs/ADSAenv/lib/python3.11/site-packages/tensorflow/python/framework/ops.py" source_line=1221}, backend_config={"operation_queue_id":"0","wait_on_operation_queues":[],"cudnn_conv_backend_config":{"activation_mode":"kNone","conv_result_scale":1,"side_input_scale":0,"leakyrelu_alpha":0},"force_earliest_schedule":false,"reification_cost":[]}
2025-10-23 03:53:32.635605: W external/local_xla/xla/service/gpu/autotuning/conv_algorithm_picker.cc:1077] Failed to determine best cudnn convolution algorithm for:
%cudnn-conv-bw-filter.10 = (f32[64,64,3,3]{3,2,1,0}, u8[0]{0}) custom-call(%add.658, %select.57), window={size=3x3 pad=1_1x1_1}, dim_labels=bf01_oi01->bf01, custom_call_target="__cudnn$convBackwardFilter", metadata={op_type="Conv2DBackpropFilter" op_name="gradient_tape/functional_1/conv2d_3_1/convolution/Conv2DBackpropFilter" source_file="/home/jordanw7/.conda/envs/ADSAenv/lib/python3.11/site-packages/tensorflow/python/framework/ops.py" source_line=1221}, backend_config={"operation_queue_id":"0","wait_on_operation_queues":[],"cudnn_conv_backend_config":{"activation_mode":"kNone","conv_result_scale":1,"side_input_scale":0,"leakyrelu_alpha":0},"force_earliest_schedule":false,"reification_cost":[]}

Original error: INTERNAL: All algorithms tried for (f32[64,64,3,3]{3,2,1,0}, u8[0]{0}) custom-call(f32[8,64,256,320]{3,2,1,0}, f32[8,64,256,320]{3,2,1,0}), window={size=3x3 pad=1_1x1_1}, dim_labels=bf01_oi01->bf01, custom_call_target="__cudnn$convBackwardFilter", backend_config={"cudnn_conv_backend_config":{"activation_mode":"kNone","conv_result_scale":1,"leakyrelu_alpha":0,"side_input_scale":0},"force_earliest_schedule":false,"operation_queue_id":"0","reification_cost":[],"wait_on_operation_queues":[]} failed. Falling back to default algorithm.  Per-algorithm errors:
  Profiling failure on cuDNN engine eng20{k2=7,k3=0}: UNKNOWN: CUDNN_STATUS_EXECUTION_FAILED
in external/local_xla/xla/stream_executor/cuda/cuda_dnn.cc(5308): 'status'
  Profiling failure on cuDNN engine eng20{k2=6,k3=0}: UNKNOWN: CUDNN_STATUS_EXECUTION_FAILED
in external/local_xla/xla/stream_executor/cuda/cuda_dnn.cc(5308): 'status'
  Profiling failure on cuDNN engine eng20{k2=5,k3=0}: UNKNOWN: CUDNN_STATUS_EXECUTION_FAILED
in external/local_xla/xla/stream_executor/cuda/cuda_dnn.cc(5308): 'status'
  Profiling failure on cuDNN engine eng1{k2=6,k3=0}: UNKNOWN: CUDNN_STATUS_EXECUTION_FAILED
in external/local_xla/xla/stream_executor/cuda/cuda_dnn.cc(5308): 'status'
  Profiling failure on cuDNN engine eng20{k2=2,k3=0}: UNKNOWN: CUDNN_STATUS_EXECUTION_FAILED
in external/local_xla/xla/stream_executor/cuda/cuda_dnn.cc(5308): 'status'
  Profiling failure on cuDNN engine eng1{k2=1,k3=0}: UNKNOWN: CUDNN_STATUS_EXECUTION_FAILED
in external/local_xla/xla/stream_executor/cuda/cuda_dnn.cc(5308): 'status'
  Profiling failure on cuDNN engine eng1{}: UNKNOWN: CUDNN_STATUS_EXECUTION_FAILED
in external/local_xla/xla/stream_executor/cuda/cuda_dnn.cc(5308): 'status'
  Profiling failure on cuDNN engine eng20{}: UNKNOWN: CUDNN_STATUS_EXECUTION_FAILED
in external/local_xla/xla/stream_executor/cuda/cuda_dnn.cc(5308): 'status'
  Profiling failure on cuDNN engine eng0{}: UNKNOWN: CUDNN_STATUS_EXECUTION_FAILED
in external/local_xla/xla/stream_executor/cuda/cuda_dnn.cc(5308): 'status'

As a result, convolution performance may be suboptimal.
2025-10-23 03:53:32.637851: W external/local_xla/xla/service/gpu/autotuning/conv_algorithm_picker.cc:848] None of the algorithms provided by cuDNN heuristics worked; trying fallback algorithms.
2025-10-23 03:53:32.637877: W external/local_xla/xla/service/gpu/autotuning/conv_algorithm_picker.cc:851] Conv: %cudnn-conv-bw-filter.11 = (f32[128,64,3,3]{3,2,1,0}, u8[0]{0}) custom-call(%select.50, %select.55), window={size=3x3 pad=1_1x1_1}, dim_labels=bf01_oi01->bf01, custom_call_target="__cudnn$convBackwardFilter", metadata={op_type="Conv2DBackpropFilter" op_name="gradient_tape/functional_1/conv2d_4_1/convolution/Conv2DBackpropFilter" source_file="/home/jordanw7/.conda/envs/ADSAenv/lib/python3.11/site-packages/tensorflow/python/framework/ops.py" source_line=1221}, backend_config={"operation_queue_id":"0","wait_on_operation_queues":[],"cudnn_conv_backend_config":{"activation_mode":"kNone","conv_result_scale":1,"side_input_scale":0,"leakyrelu_alpha":0},"force_earliest_schedule":false,"reification_cost":[]}
2025-10-23 03:53:32.641146: W external/local_xla/xla/service/gpu/autotuning/conv_algorithm_picker.cc:1077] Failed to determine best cudnn convolution algorithm for:
%cudnn-conv-bw-filter.11 = (f32[128,64,3,3]{3,2,1,0}, u8[0]{0}) custom-call(%select.50, %select.55), window={size=3x3 pad=1_1x1_1}, dim_labels=bf01_oi01->bf01, custom_call_target="__cudnn$convBackwardFilter", metadata={op_type="Conv2DBackpropFilter" op_name="gradient_tape/functional_1/conv2d_4_1/convolution/Conv2DBackpropFilter" source_file="/home/jordanw7/.conda/envs/ADSAenv/lib/python3.11/site-packages/tensorflow/python/framework/ops.py" source_line=1221}, backend_config={"operation_queue_id":"0","wait_on_operation_queues":[],"cudnn_conv_backend_config":{"activation_mode":"kNone","conv_result_scale":1,"side_input_scale":0,"leakyrelu_alpha":0},"force_earliest_schedule":false,"reification_cost":[]}

Original error: INTERNAL: All algorithms tried for (f32[128,64,3,3]{3,2,1,0}, u8[0]{0}) custom-call(f32[8,64,128,160]{3,2,1,0}, f32[8,128,128,160]{3,2,1,0}), window={size=3x3 pad=1_1x1_1}, dim_labels=bf01_oi01->bf01, custom_call_target="__cudnn$convBackwardFilter", backend_config={"cudnn_conv_backend_config":{"activation_mode":"kNone","conv_result_scale":1,"leakyrelu_alpha":0,"side_input_scale":0},"force_earliest_schedule":false,"operation_queue_id":"0","reification_cost":[],"wait_on_operation_queues":[]} failed. Falling back to default algorithm.  Per-algorithm errors:
  Profiling failure on cuDNN engine eng20{k2=5,k3=0}: UNKNOWN: CUDNN_STATUS_EXECUTION_FAILED
in external/local_xla/xla/stream_executor/cuda/cuda_dnn.cc(5308): 'status'
  Profiling failure on cuDNN engine eng20{k2=7,k3=0}: UNKNOWN: CUDNN_STATUS_EXECUTION_FAILED
in external/local_xla/xla/stream_executor/cuda/cuda_dnn.cc(5308): 'status'
  Profiling failure on cuDNN engine eng20{k2=6,k3=0}: UNKNOWN: CUDNN_STATUS_EXECUTION_FAILED
in external/local_xla/xla/stream_executor/cuda/cuda_dnn.cc(5308): 'status'
  Profiling failure on cuDNN engine eng20{k2=2,k3=0}: UNKNOWN: CUDNN_STATUS_EXECUTION_FAILED
in external/local_xla/xla/stream_executor/cuda/cuda_dnn.cc(5308): 'status'
  Profiling failure on cuDNN engine eng1{k2=6,k3=0}: UNKNOWN: CUDNN_STATUS_EXECUTION_FAILED
in external/local_xla/xla/stream_executor/cuda/cuda_dnn.cc(5308): 'status'
  Profiling failure on cuDNN engine eng1{k2=1,k3=0}: UNKNOWN: CUDNN_STATUS_EXECUTION_FAILED
in external/local_xla/xla/stream_executor/cuda/cuda_dnn.cc(5308): 'status'
  Profiling failure on cuDNN engine eng18{k11=2}: UNKNOWN: CUDNN_STATUS_EXECUTION_FAILED
in external/local_xla/xla/stream_executor/cuda/cuda_dnn.cc(5308): 'status'
  Profiling failure on cuDNN engine eng1{}: UNKNOWN: CUDNN_STATUS_EXECUTION_FAILED
in external/local_xla/xla/stream_executor/cuda/cuda_dnn.cc(5308): 'status'
  Profiling failure on cuDNN engine eng20{}: UNKNOWN: CUDNN_STATUS_EXECUTION_FAILED
in external/local_xla/xla/stream_executor/cuda/cuda_dnn.cc(5308): 'status'
  Profiling failure on cuDNN engine eng0{}: UNKNOWN: CUDNN_STATUS_EXECUTION_FAILED
in external/local_xla/xla/stream_executor/cuda/cuda_dnn.cc(5308): 'status'

As a result, convolution performance may be suboptimal.
2025-10-23 03:53:32.643369: W external/local_xla/xla/service/gpu/autotuning/conv_algorithm_picker.cc:848] None of the algorithms provided by cuDNN heuristics worked; trying fallback algorithms.
2025-10-23 03:53:32.643396: W external/local_xla/xla/service/gpu/autotuning/conv_algorithm_picker.cc:851] Conv: %cudnn-conv-bw-filter.12 = (f32[128,128,3,3]{3,2,1,0}, u8[0]{0}) custom-call(%add.659, %select.54), window={size=3x3 pad=1_1x1_1}, dim_labels=bf01_oi01->bf01, custom_call_target="__cudnn$convBackwardFilter", metadata={op_type="Conv2DBackpropFilter" op_name="gradient_tape/functional_1/conv2d_5_1/convolution/Conv2DBackpropFilter" source_file="/home/jordanw7/.conda/envs/ADSAenv/lib/python3.11/site-packages/tensorflow/python/framework/ops.py" source_line=1221}, backend_config={"operation_queue_id":"0","wait_on_operation_queues":[],"cudnn_conv_backend_config":{"activation_mode":"kNone","conv_result_scale":1,"side_input_scale":0,"leakyrelu_alpha":0},"force_earliest_schedule":false,"reification_cost":[]}
2025-10-23 03:53:32.646648: W external/local_xla/xla/service/gpu/autotuning/conv_algorithm_picker.cc:1077] Failed to determine best cudnn convolution algorithm for:
%cudnn-conv-bw-filter.12 = (f32[128,128,3,3]{3,2,1,0}, u8[0]{0}) custom-call(%add.659, %select.54), window={size=3x3 pad=1_1x1_1}, dim_labels=bf01_oi01->bf01, custom_call_target="__cudnn$convBackwardFilter", metadata={op_type="Conv2DBackpropFilter" op_name="gradient_tape/functional_1/conv2d_5_1/convolution/Conv2DBackpropFilter" source_file="/home/jordanw7/.conda/envs/ADSAenv/lib/python3.11/site-packages/tensorflow/python/framework/ops.py" source_line=1221}, backend_config={"operation_queue_id":"0","wait_on_operation_queues":[],"cudnn_conv_backend_config":{"activation_mode":"kNone","conv_result_scale":1,"side_input_scale":0,"leakyrelu_alpha":0},"force_earliest_schedule":false,"reification_cost":[]}

Original error: INTERNAL: All algorithms tried for (f32[128,128,3,3]{3,2,1,0}, u8[0]{0}) custom-call(f32[8,128,128,160]{3,2,1,0}, f32[8,128,128,160]{3,2,1,0}), window={size=3x3 pad=1_1x1_1}, dim_labels=bf01_oi01->bf01, custom_call_target="__cudnn$convBackwardFilter", backend_config={"cudnn_conv_backend_config":{"activation_mode":"kNone","conv_result_scale":1,"leakyrelu_alpha":0,"side_input_scale":0},"force_earliest_schedule":false,"operation_queue_id":"0","reification_cost":[],"wait_on_operation_queues":[]} failed. Falling back to default algorithm.  Per-algorithm errors:
  Profiling failure on cuDNN engine eng20{k2=5,k3=0}: UNKNOWN: CUDNN_STATUS_EXECUTION_FAILED
in external/local_xla/xla/stream_executor/cuda/cuda_dnn.cc(5308): 'status'
  Profiling failure on cuDNN engine eng20{k2=7,k3=0}: UNKNOWN: CUDNN_STATUS_EXECUTION_FAILED
in external/local_xla/xla/stream_executor/cuda/cuda_dnn.cc(5308): 'status'
  Profiling failure on cuDNN engine eng20{k2=6,k3=0}: UNKNOWN: CUDNN_STATUS_EXECUTION_FAILED
in external/local_xla/xla/stream_executor/cuda/cuda_dnn.cc(5308): 'status'
  Profiling failure on cuDNN engine eng20{k2=2,k3=0}: UNKNOWN: CUDNN_STATUS_EXECUTION_FAILED
in external/local_xla/xla/stream_executor/cuda/cuda_dnn.cc(5308): 'status'
  Profiling failure on cuDNN engine eng1{k2=6,k3=0}: UNKNOWN: CUDNN_STATUS_EXECUTION_FAILED
in external/local_xla/xla/stream_executor/cuda/cuda_dnn.cc(5308): 'status'
  Profiling failure on cuDNN engine eng1{k2=1,k3=0}: UNKNOWN: CUDNN_STATUS_EXECUTION_FAILED
in external/local_xla/xla/stream_executor/cuda/cuda_dnn.cc(5308): 'status'
  Profiling failure on cuDNN engine eng18{k11=2}: UNKNOWN: CUDNN_STATUS_EXECUTION_FAILED
in external/local_xla/xla/stream_executor/cuda/cuda_dnn.cc(5308): 'status'
  Profiling failure on cuDNN engine eng1{}: UNKNOWN: CUDNN_STATUS_EXECUTION_FAILED
in external/local_xla/xla/stream_executor/cuda/cuda_dnn.cc(5308): 'status'
  Profiling failure on cuDNN engine eng20{}: UNKNOWN: CUDNN_STATUS_EXECUTION_FAILED
in external/local_xla/xla/stream_executor/cuda/cuda_dnn.cc(5308): 'status'
  Profiling failure on cuDNN engine eng0{}: UNKNOWN: CUDNN_STATUS_EXECUTION_FAILED
in external/local_xla/xla/stream_executor/cuda/cuda_dnn.cc(5308): 'status'

As a result, convolution performance may be suboptimal.
2025-10-23 03:53:32.648883: W external/local_xla/xla/service/gpu/autotuning/conv_algorithm_picker.cc:848] None of the algorithms provided by cuDNN heuristics worked; trying fallback algorithms.
2025-10-23 03:53:32.648910: W external/local_xla/xla/service/gpu/autotuning/conv_algorithm_picker.cc:851] Conv: %cudnn-conv-bw-filter.13 = (f32[256,128,3,3]{3,2,1,0}, u8[0]{0}) custom-call(%select.51, %select.52), window={size=3x3 pad=1_1x1_1}, dim_labels=bf01_oi01->bf01, custom_call_target="__cudnn$convBackwardFilter", metadata={op_type="Conv2DBackpropFilter" op_name="gradient_tape/functional_1/conv2d_6_1/convolution/Conv2DBackpropFilter" source_file="/home/jordanw7/.conda/envs/ADSAenv/lib/python3.11/site-packages/tensorflow/python/framework/ops.py" source_line=1221}, backend_config={"operation_queue_id":"0","wait_on_operation_queues":[],"cudnn_conv_backend_config":{"activation_mode":"kNone","conv_result_scale":1,"side_input_scale":0,"leakyrelu_alpha":0},"force_earliest_schedule":false,"reification_cost":[]}
2025-10-23 03:53:32.652143: W external/local_xla/xla/service/gpu/autotuning/conv_algorithm_picker.cc:1077] Failed to determine best cudnn convolution algorithm for:
%cudnn-conv-bw-filter.13 = (f32[256,128,3,3]{3,2,1,0}, u8[0]{0}) custom-call(%select.51, %select.52), window={size=3x3 pad=1_1x1_1}, dim_labels=bf01_oi01->bf01, custom_call_target="__cudnn$convBackwardFilter", metadata={op_type="Conv2DBackpropFilter" op_name="gradient_tape/functional_1/conv2d_6_1/convolution/Conv2DBackpropFilter" source_file="/home/jordanw7/.conda/envs/ADSAenv/lib/python3.11/site-packages/tensorflow/python/framework/ops.py" source_line=1221}, backend_config={"operation_queue_id":"0","wait_on_operation_queues":[],"cudnn_conv_backend_config":{"activation_mode":"kNone","conv_result_scale":1,"side_input_scale":0,"leakyrelu_alpha":0},"force_earliest_schedule":false,"reification_cost":[]}

Original error: INTERNAL: All algorithms tried for (f32[256,128,3,3]{3,2,1,0}, u8[0]{0}) custom-call(f32[8,128,64,80]{3,2,1,0}, f32[8,256,64,80]{3,2,1,0}), window={size=3x3 pad=1_1x1_1}, dim_labels=bf01_oi01->bf01, custom_call_target="__cudnn$convBackwardFilter", backend_config={"cudnn_conv_backend_config":{"activation_mode":"kNone","conv_result_scale":1,"leakyrelu_alpha":0,"side_input_scale":0},"force_earliest_schedule":false,"operation_queue_id":"0","reification_cost":[],"wait_on_operation_queues":[]} failed. Falling back to default algorithm.  Per-algorithm errors:
  Profiling failure on cuDNN engine eng20{k2=5,k3=0}: UNKNOWN: CUDNN_STATUS_EXECUTION_FAILED
in external/local_xla/xla/stream_executor/cuda/cuda_dnn.cc(5308): 'status'
  Profiling failure on cuDNN engine eng20{k2=2,k3=0}: UNKNOWN: CUDNN_STATUS_EXECUTION_FAILED
in external/local_xla/xla/stream_executor/cuda/cuda_dnn.cc(5308): 'status'
  Profiling failure on cuDNN engine eng1{k2=1,k3=0}: UNKNOWN: CUDNN_STATUS_EXECUTION_FAILED
in external/local_xla/xla/stream_executor/cuda/cuda_dnn.cc(5308): 'status'
  Profiling failure on cuDNN engine eng20{k2=7,k3=0}: UNKNOWN: CUDNN_STATUS_EXECUTION_FAILED
in external/local_xla/xla/stream_executor/cuda/cuda_dnn.cc(5308): 'status'
  Profiling failure on cuDNN engine eng20{k2=6,k3=0}: UNKNOWN: CUDNN_STATUS_EXECUTION_FAILED
in external/local_xla/xla/stream_executor/cuda/cuda_dnn.cc(5308): 'status'
  Profiling failure on cuDNN engine eng1{k2=6,k3=0}: UNKNOWN: CUDNN_STATUS_EXECUTION_FAILED
in external/local_xla/xla/stream_executor/cuda/cuda_dnn.cc(5308): 'status'
  Profiling failure on cuDNN engine eng18{k11=2}: UNKNOWN: CUDNN_STATUS_EXECUTION_FAILED
in external/local_xla/xla/stream_executor/cuda/cuda_dnn.cc(5308): 'status'
  Profiling failure on cuDNN engine eng1{}: UNKNOWN: CUDNN_STATUS_EXECUTION_FAILED
in external/local_xla/xla/stream_executor/cuda/cuda_dnn.cc(5308): 'status'
  Profiling failure on cuDNN engine eng20{}: UNKNOWN: CUDNN_STATUS_EXECUTION_FAILED
in external/local_xla/xla/stream_executor/cuda/cuda_dnn.cc(5308): 'status'
  Profiling failure on cuDNN engine eng0{}: UNKNOWN: CUDNN_STATUS_EXECUTION_FAILED
in external/local_xla/xla/stream_executor/cuda/cuda_dnn.cc(5308): 'status'

As a result, convolution performance may be suboptimal.
I0000 00:00:1761191616.574872 2801896 device_compiler.h:196] Compiled cluster using XLA!  This line is logged at most once for the lifetime of the process.
2025-10-23 03:53:36.582748: I tensorflow/core/framework/local_rendezvous.cc:407] Local rendezvous is aborting with status: UNKNOWN: CUDNN_STATUS_EXECUTION_FAILED
in external/local_xla/xla/stream_executor/cuda/cuda_dnn.cc(5308): 'status'
	 [[{{node StatefulPartitionedCall}}]]
Traceback (most recent call last):
  File "/home/jordanw7/koa_scratch/ADSA-AI/ADSA-AI-JordanWang/ModelScripts/customCNN/SurfaceTension/ModelSurfaceTensionCust.py", line 227, in <module>
    main()
  File "/home/jordanw7/koa_scratch/ADSA-AI/ADSA-AI-JordanWang/ModelScripts/customCNN/SurfaceTension/ModelSurfaceTensionCust.py", line 130, in main
    history = model.fit(train_gen,
              ^^^^^^^^^^^^^^^^^^^^
  File "/home/jordanw7/.local/lib/python3.11/site-packages/keras/src/utils/traceback_utils.py", line 122, in error_handler
    raise e.with_traceback(filtered_tb) from None
  File "/home/jordanw7/.conda/envs/ADSAenv/lib/python3.11/site-packages/tensorflow/python/eager/execute.py", line 53, in quick_execute
    tensors = pywrap_tfe.TFE_Py_Execute(ctx._handle, device_name, op_name,
  ^^^^^^^^^^^^^^^^^^^^^^^^^^^^^^^^^^^^^^^^^^^^^^^^^^^^^^^^^^^^^^^^^^^^^^^^
tensorflow.python.framework.errors_impl.UnknownError: Graph execution error:

Detected at node StatefulPartitionedCall defined at (most recent call last):
  File "/home/jordanw7/koa_scratch/ADSA-AI/ADSA-AI-JordanWang/ModelScripts/customCNN/SurfaceTension/ModelSurfaceTensionCust.py", line 227, in <module>

  File "/home/jordanw7/koa_scratch/ADSA-AI/ADSA-AI-JordanWang/ModelScripts/customCNN/SurfaceTension/ModelSurfaceTensionCust.py", line 130, in main

  File "/home/jordanw7/.local/lib/python3.11/site-packages/keras/src/utils/traceback_utils.py", line 117, in error_handler

  File "/home/jordanw7/.local/lib/python3.11/site-packages/keras/src/backend/tensorflow/trainer.py", line 377, in fit

  File "/home/jordanw7/.local/lib/python3.11/site-packages/keras/src/backend/tensorflow/trainer.py", line 220, in function

  File "/home/jordanw7/.local/lib/python3.11/site-packages/keras/src/backend/tensorflow/trainer.py", line 133, in multi_step_on_iterator

CUDNN_STATUS_EXECUTION_FAILED
in external/local_xla/xla/stream_executor/cuda/cuda_dnn.cc(5308): 'status'
	 [[{{node StatefulPartitionedCall}}]] [Op:__inference_multi_step_on_iterator_6850]
2025-10-23 03:53:36.969789: W tensorflow/core/kernels/data/generator_dataset_op.cc:110] Error occurred when finalizing GeneratorDataset iterator: FAILED_PRECONDITION: Python interpreter state is not initialized. The process may be terminated.
	 [[{{node PyFunc}}]]
To github.com:JordanT-MWang/ADSA-AI-JordanWang.git
   408eaec..bd8cc34  main -> main
