Identity added: /home/jordanw7/.ssh/id_ed25519 (cluster_key)
2025-10-23 03:00:56.640857: I tensorflow/core/util/port.cc:153] oneDNN custom operations are on. You may see slightly different numerical results due to floating-point round-off errors from different computation orders. To turn them off, set the environment variable `TF_ENABLE_ONEDNN_OPTS=0`.
2025-10-23 03:00:56.687892: I tensorflow/core/platform/cpu_feature_guard.cc:210] This TensorFlow binary is optimized to use available CPU instructions in performance-critical operations.
To enable the following instructions: AVX2 AVX512F AVX512_VNNI FMA, in other operations, rebuild TensorFlow with the appropriate compiler flags.
2025-10-23 03:01:02.976756: I tensorflow/core/util/port.cc:153] oneDNN custom operations are on. You may see slightly different numerical results due to floating-point round-off errors from different computation orders. To turn them off, set the environment variable `TF_ENABLE_ONEDNN_OPTS=0`.
WARNING: All log messages before absl::InitializeLog() is called are written to STDERR
I0000 00:00:1761188827.386947 2800479 gpu_device.cc:2020] Created device /job:localhost/replica:0/task:0/device:GPU:0 with 31134 MB memory:  -> device: 0, name: Tesla V100-SXM2-32GB, pci bus id: 0000:15:00.0, compute capability: 7.0
Traceback (most recent call last):
  File "/home/jordanw7/koa_scratch/ADSA-AI/ADSA-AI-JordanWang/ModelScripts/customCNN/SurfaceTension/ModelSurfaceTensionCust.py", line 227, in <module>
    main()
  File "/home/jordanw7/koa_scratch/ADSA-AI/ADSA-AI-JordanWang/ModelScripts/customCNN/SurfaceTension/ModelSurfaceTensionCust.py", line 130, in main
    history = model.fit(train_gen,
              ^^^^^^^^^^^^^^^^^^^^
  File "/home/jordanw7/.local/lib/python3.11/site-packages/keras/src/utils/traceback_utils.py", line 122, in error_handler
    raise e.with_traceback(filtered_tb) from None
  File "/home/jordanw7/.local/lib/python3.11/site-packages/keras/src/layers/input_spec.py", line 227, in assert_input_compatibility
    raise ValueError(
ValueError: Exception encountered when calling Functional.call().

[1mInput 0 of layer "conv2d" is incompatible with the layer: expected axis -1 of input shape to have value 3, but received input with shape (None, 512, 640, 1)[0m

Arguments received by Functional.call():
  • inputs=('tf.Tensor(shape=(None, 512, 640, 1), dtype=float32)', 'tf.Tensor(shape=(None, 2), dtype=float32)')
  • training=True
  • mask=('None', 'None')
  • kwargs=<class 'inspect._empty'>
To github.com:JordanT-MWang/ADSA-AI-JordanWang.git
   39696f3..ce6f961  main -> main
