Identity added: /home/jordanw7/.ssh/id_ed25519 (cluster_key)
From github.com:JordanT-MWang/ADSA-AI-JordanWang
   e878638..ecb0be5  main       -> origin/main
2025-10-23 22:14:09.824831: I tensorflow/core/util/port.cc:153] oneDNN custom operations are on. You may see slightly different numerical results due to floating-point round-off errors from different computation orders. To turn them off, set the environment variable `TF_ENABLE_ONEDNN_OPTS=0`.
2025-10-23 22:14:09.868572: I tensorflow/core/platform/cpu_feature_guard.cc:210] This TensorFlow binary is optimized to use available CPU instructions in performance-critical operations.
To enable the following instructions: AVX2 AVX512F AVX512_VNNI FMA, in other operations, rebuild TensorFlow with the appropriate compiler flags.
2025-10-23 22:14:14.855645: I tensorflow/core/util/port.cc:153] oneDNN custom operations are on. You may see slightly different numerical results due to floating-point round-off errors from different computation orders. To turn them off, set the environment variable `TF_ENABLE_ONEDNN_OPTS=0`.
WARNING: All log messages before absl::InitializeLog() is called are written to STDERR
I0000 00:00:1761257982.204627 2040869 gpu_device.cc:2020] Created device /job:localhost/replica:0/task:0/device:GPU:0 with 10293 MB memory:  -> device: 0, name: NVIDIA A30 MIG 2g.12gb, pci bus id: 0000:98:00.0, compute capability: 8.0
2025-10-23 22:19:45.619616: I external/local_xla/xla/service/service.cc:163] XLA service 0x14d5b40172b0 initialized for platform CUDA (this does not guarantee that XLA will be used). Devices:
2025-10-23 22:19:45.619690: I external/local_xla/xla/service/service.cc:171]   StreamExecutor device (0): NVIDIA A30 MIG 2g.12gb, Compute Capability 8.0
2025-10-23 22:19:45.681870: I tensorflow/compiler/mlir/tensorflow/utils/dump_mlir_util.cc:269] disabling MLIR crash reproducer, set env var `MLIR_CRASH_REPRODUCER_DIRECTORY` to enable.
2025-10-23 22:19:46.111975: I external/local_xla/xla/stream_executor/cuda/cuda_dnn.cc:473] Loaded cuDNN version 91301
E0000 00:00:1761257993.106872 2052280 buffer_comparator.cc:147] Difference at 0: 2.63398e+06, expected 2.3113e+06
E0000 00:00:1761257993.106965 2052280 buffer_comparator.cc:147] Difference at 1: 2.64007e+06, expected 2.31584e+06
E0000 00:00:1761257993.106975 2052280 buffer_comparator.cc:147] Difference at 2: 2.63522e+06, expected 2.31201e+06
E0000 00:00:1761257993.106982 2052280 buffer_comparator.cc:147] Difference at 3: 2.64147e+06, expected 2.31673e+06
E0000 00:00:1761257993.106989 2052280 buffer_comparator.cc:147] Difference at 4: 2.64433e+06, expected 2.31869e+06
E0000 00:00:1761257993.106995 2052280 buffer_comparator.cc:147] Difference at 5: 2.64014e+06, expected 2.31541e+06
E0000 00:00:1761257993.107002 2052280 buffer_comparator.cc:147] Difference at 6: 2.6345e+06, expected 2.31142e+06
E0000 00:00:1761257993.107008 2052280 buffer_comparator.cc:147] Difference at 7: 2.64175e+06, expected 2.31756e+06
E0000 00:00:1761257993.107014 2052280 buffer_comparator.cc:147] Difference at 8: 2.63379e+06, expected 2.31085e+06
E0000 00:00:1761257993.107021 2052280 buffer_comparator.cc:147] Difference at 9: 2.63563e+06, expected 2.3121e+06
2025-10-23 22:19:53.107042: E external/local_xla/xla/service/gpu/autotuning/conv_algorithm_picker.cc:753] Results mismatch between different convolution algorithms. This is likely a bug/unexpected loss of precision in cudnn.
(f32[16,1,3,3]{3,2,1,0}, u8[0]{0}) custom-call(f32[32,1,512,640]{3,2,1,0}, f32[32,16,512,640]{3,2,1,0}), window={size=3x3 pad=1_1x1_1}, dim_labels=bf01_oi01->bf01, custom_call_target="__cudnn$convBackwardFilter", backend_config={"operation_queue_id":"0","wait_on_operation_queues":[],"cudnn_conv_backend_config":{"activation_mode":"kNone","conv_result_scale":1,"side_input_scale":0,"leakyrelu_alpha":0},"force_earliest_schedule":false,"reification_cost":[]} for eng20{k2=6,k3=0} vs eng23{k2=8,k13=1,k14=4,k18=1,k23=0}
2025-10-23 22:19:53.107054: E external/local_xla/xla/service/gpu/autotuning/conv_algorithm_picker.cc:314] Device: NVIDIA A30 MIG 2g.12gb
2025-10-23 22:19:53.107060: E external/local_xla/xla/service/gpu/autotuning/conv_algorithm_picker.cc:315] Platform: Compute Capability 8.0
2025-10-23 22:19:53.107083: E external/local_xla/xla/service/gpu/autotuning/conv_algorithm_picker.cc:316] Driver: 12.9.0
2025-10-23 22:19:53.107089: E external/local_xla/xla/service/gpu/autotuning/conv_algorithm_picker.cc:317] Runtime: 12.2.0
2025-10-23 22:19:53.107099: E external/local_xla/xla/service/gpu/autotuning/conv_algorithm_picker.cc:322] cudnn version: 9.13.1
I0000 00:00:1761257998.618938 2052280 device_compiler.h:196] Compiled cluster using XLA!  This line is logged at most once for the lifetime of the process.
