Identity added: /home/jordanw7/.ssh/id_ed25519 (cluster_key)
2025-11-17 22:44:15.482835: I tensorflow/core/util/port.cc:153] oneDNN custom operations are on. You may see slightly different numerical results due to floating-point round-off errors from different computation orders. To turn them off, set the environment variable `TF_ENABLE_ONEDNN_OPTS=0`.
2025-11-17 22:44:15.497468: E external/local_xla/xla/stream_executor/cuda/cuda_fft.cc:477] Unable to register cuFFT factory: Attempting to register factory for plugin cuFFT when one has already been registered
WARNING: All log messages before absl::InitializeLog() is called are written to STDERR
E0000 00:00:1763419455.514664 2085323 cuda_dnn.cc:8310] Unable to register cuDNN factory: Attempting to register factory for plugin cuDNN when one has already been registered
E0000 00:00:1763419455.519671 2085323 cuda_blas.cc:1418] Unable to register cuBLAS factory: Attempting to register factory for plugin cuBLAS when one has already been registered
2025-11-17 22:44:15.537182: I tensorflow/core/platform/cpu_feature_guard.cc:210] This TensorFlow binary is optimized to use available CPU instructions in performance-critical operations.
To enable the following instructions: AVX2 AVX512F AVX512_VNNI FMA, in other operations, rebuild TensorFlow with the appropriate compiler flags.
I0000 00:00:1763419462.908605 2085323 gpu_device.cc:2022] Created device /job:localhost/replica:0/task:0/device:GPU:0 with 10293 MB memory:  -> device: 0, name: NVIDIA A30 MIG 2g.12gb, pci bus id: 0000:98:00.0, compute capability: 8.0
2025-11-17 22:44:31.114239: E tensorflow/core/util/util.cc:131] oneDNN supports DT_HALF only on platforms with AVX-512. Falling back to the default Eigen-based implementation if present.
WARNING: All log messages before absl::InitializeLog() is called are written to STDERR
I0000 00:00:1763419494.633058 2085375 service.cc:148] XLA service 0x146ddc002090 initialized for platform CUDA (this does not guarantee that XLA will be used). Devices:
I0000 00:00:1763419494.633201 2085375 service.cc:156]   StreamExecutor device (0): NVIDIA A30 MIG 2g.12gb, Compute Capability 8.0
I0000 00:00:1763419494.692892 2085375 cuda_dnn.cc:529] Loaded cuDNN version 91301
I0000 00:00:1763419494.745334 2085375 device_compiler.h:188] Compiled cluster using XLA!  This line is logged at most once for the lifetime of the process.
2025-11-17 22:45:14.771747: I tensorflow/compiler/mlir/tensorflow/utils/dump_mlir_util.cc:268] disabling MLIR crash reproducer, set env var `MLIR_CRASH_REPRODUCER_DIRECTORY` to enable.
2025-11-17 22:45:39.646999: E external/local_xla/xla/service/slow_operation_alarm.cc:65] Trying algorithm eng45{k2=6,k5=4,k14=2} for conv (f16[64,250,250,16]{3,2,1,0}, u8[0]{0}) custom-call(f16[64,250,250,16]{3,2,1,0}, f16[16,3,3,1]{3,2,1,0}), window={size=3x3 pad=1_1x1_1}, dim_labels=b01f_o01i->b01f, feature_group_count=16, custom_call_target="__cudnn$convForward", backend_config={"cudnn_conv_backend_config":{"activation_mode":"kNone","conv_result_scale":1,"leakyrelu_alpha":0,"side_input_scale":0},"force_earliest_schedule":false,"operation_queue_id":"0","wait_on_operation_queues":[]} is taking a while...
2025-11-17 22:45:39.854192: E external/local_xla/xla/service/slow_operation_alarm.cc:133] The operation took 1.207329352s
Trying algorithm eng45{k2=6,k5=4,k14=2} for conv (f16[64,250,250,16]{3,2,1,0}, u8[0]{0}) custom-call(f16[64,250,250,16]{3,2,1,0}, f16[16,3,3,1]{3,2,1,0}), window={size=3x3 pad=1_1x1_1}, dim_labels=b01f_o01i->b01f, feature_group_count=16, custom_call_target="__cudnn$convForward", backend_config={"cudnn_conv_backend_config":{"activation_mode":"kNone","conv_result_scale":1,"leakyrelu_alpha":0,"side_input_scale":0},"force_earliest_schedule":false,"operation_queue_id":"0","wait_on_operation_queues":[]} is taking a while...
2025-11-17 22:47:12.161985: I external/local_xla/xla/stream_executor/cuda/cuda_asm_compiler.cc:397] ptxas warning : Registers are spilled to local memory in function 'input_reduce_fusion_228', 4 bytes spill stores, 4 bytes spill loads
ptxas warning : Registers are spilled to local memory in function 'input_reduce_fusion_231', 4 bytes spill stores, 4 bytes spill loads

2025-11-17 22:51:05.431412: I external/local_xla/xla/stream_executor/cuda/cuda_asm_compiler.cc:397] ptxas warning : Registers are spilled to local memory in function 'gemm_fusion_dot_22711', 8 bytes spill stores, 8 bytes spill loads

2025-11-17 22:52:46.103031: I external/local_xla/xla/stream_executor/cuda/cuda_asm_compiler.cc:397] ptxas warning : Registers are spilled to local memory in function 'gemm_fusion_dot_3230_0', 4 bytes spill stores, 4 bytes spill loads

2025-11-17 22:52:46.801734: I external/local_xla/xla/stream_executor/cuda/cuda_asm_compiler.cc:397] ptxas warning : Registers are spilled to local memory in function 'gemm_fusion_dot_3230', 4 bytes spill stores, 4 bytes spill loads

2025-11-17 22:52:51.831913: I external/local_xla/xla/stream_executor/cuda/cuda_asm_compiler.cc:397] ptxas warning : Registers are spilled to local memory in function 'input_reduce_fusion_7', 4 bytes spill stores, 4 bytes spill loads
ptxas warning : Registers are spilled to local memory in function 'input_reduce_fusion_10', 4 bytes spill stores, 4 bytes spill loads

2025-11-17 22:53:02.662877: I external/local_xla/xla/stream_executor/cuda/cuda_asm_compiler.cc:397] ptxas warning : Registers are spilled to local memory in function 'gemm_fusion_dot_3230', 4 bytes spill stores, 4 bytes spill loads

2025-11-17 22:53:03.104383: I external/local_xla/xla/stream_executor/cuda/cuda_asm_compiler.cc:397] ptxas warning : Registers are spilled to local memory in function 'gemm_fusion_dot_3237', 12 bytes spill stores, 12 bytes spill loads

2025-11-17 22:53:31.488886: I external/local_xla/xla/stream_executor/cuda/cuda_asm_compiler.cc:397] ptxas warning : Registers are spilled to local memory in function 'input_reduce_fusion_7', 4 bytes spill stores, 4 bytes spill loads
ptxas warning : Registers are spilled to local memory in function 'input_reduce_fusion_10', 4 bytes spill stores, 4 bytes spill loads

2025-11-18 00:51:33.800865: I external/local_xla/xla/stream_executor/cuda/cuda_asm_compiler.cc:397] ptxas warning : Registers are spilled to local memory in function 'gemm_fusion_dot_3230', 4 bytes spill stores, 4 bytes spill loads

2025-11-18 00:51:34.351273: I external/local_xla/xla/stream_executor/cuda/cuda_asm_compiler.cc:397] ptxas warning : Registers are spilled to local memory in function 'gemm_fusion_dot_3237', 12 bytes spill stores, 12 bytes spill loads

2025-11-18 00:51:55.979839: I external/local_xla/xla/stream_executor/cuda/cuda_asm_compiler.cc:397] ptxas warning : Registers are spilled to local memory in function 'input_reduce_fusion_7', 4 bytes spill stores, 4 bytes spill loads
ptxas warning : Registers are spilled to local memory in function 'input_reduce_fusion_10', 4 bytes spill stores, 4 bytes spill loads

2025-11-18 00:52:16.986344: I external/local_xla/xla/stream_executor/cuda/cuda_asm_compiler.cc:397] ptxas warning : Registers are spilled to local memory in function 'gemm_fusion_dot_3222_0', 4 bytes spill stores, 4 bytes spill loads

2025-11-18 00:52:44.865936: I external/local_xla/xla/stream_executor/cuda/cuda_asm_compiler.cc:397] ptxas warning : Registers are spilled to local memory in function 'input_reduce_fusion_7', 4 bytes spill stores, 4 bytes spill loads
ptxas warning : Registers are spilled to local memory in function 'input_reduce_fusion_10', 4 bytes spill stores, 4 bytes spill loads

2025-11-18 00:53:04.970715: I external/local_xla/xla/stream_executor/cuda/cuda_asm_compiler.cc:397] ptxas warning : Registers are spilled to local memory in function 'input_reduce_fusion_7', 4 bytes spill stores, 4 bytes spill loads
ptxas warning : Registers are spilled to local memory in function 'input_reduce_fusion_10', 4 bytes spill stores, 4 bytes spill loads

2025-11-18 00:53:13.984523: I tensorflow/core/framework/local_rendezvous.cc:405] Local rendezvous is aborting with status: OUT_OF_RANGE: End of sequence
