Agent pid 3387773
Already up to date.
Image directory path: /home/jordanw7/koa_scratch/ADSA-AI/DataSetCombined/Edges
Output CSV path: /home/jordanw7/koa_scratch/ADSA-AI/DataSetCombined/output_params.csv
[INFO] Computed normalization stats: mean=[9.9271584e-01 6.0119742e-04], std=[0.00061441 0.00056276]
Image batch shape: (32, 256, 256, 3)
Parameter batch shape: (32, 2)
Output batch shape: (32,)
(256, 256, 3)
Base model input shape: (None, 256, 256, 3)
[(None, 256, 256, 3), (None, 2)]
[main 9211a91] Predictions saved for job 8748627
 Committer: Jordan Wang <jordanw7@gn-15-35-00.mana.ci.its.hawaii.edu>
Your name and email address were configured automatically based
on your username and hostname. Please check that they are accurate.
You can suppress this message by setting them explicitly. Run the
following command and follow the instructions in your editor to edit
your configuration file:

    git config --global --edit

After doing this, you may fix the identity used for this commit with:

    git commit --amend --reset-author

 4 files changed, 42 insertions(+)
