Identity added: /home/jordanw7/.ssh/id_ed25519 (cluster_key)
error: cannot lock ref 'refs/remotes/origin/main': is at 13bc5ec1a78f9df9b517aa822eaa80dae7f0546e but expected 65129327e4540eed382ce31de5ea8d4108aeb174
From github.com:JordanT-MWang/ADSA-AI-JordanWang
 ! 6512932..13bc5ec  main       -> origin/main  (unable to update local ref)
2025-10-24 21:55:39.722916: I tensorflow/core/util/port.cc:153] oneDNN custom operations are on. You may see slightly different numerical results due to floating-point round-off errors from different computation orders. To turn them off, set the environment variable `TF_ENABLE_ONEDNN_OPTS=0`.
2025-10-24 21:55:39.764027: I tensorflow/core/platform/cpu_feature_guard.cc:210] This TensorFlow binary is optimized to use available CPU instructions in performance-critical operations.
To enable the following instructions: AVX2 AVX512F AVX512_VNNI FMA, in other operations, rebuild TensorFlow with the appropriate compiler flags.
2025-10-24 21:55:42.861766: I tensorflow/core/util/port.cc:153] oneDNN custom operations are on. You may see slightly different numerical results due to floating-point round-off errors from different computation orders. To turn them off, set the environment variable `TF_ENABLE_ONEDNN_OPTS=0`.
Traceback (most recent call last):
  File "/home/jordanw7/koa_scratch/ADSA-AI/ADSA-AI-JordanWang/ModelScripts/customCNN/SurfaceTension/v3/ModelSurfaceTensionCustV3.py", line 230, in <module>
    main()
  File "/home/jordanw7/koa_scratch/ADSA-AI/ADSA-AI-JordanWang/ModelScripts/customCNN/SurfaceTension/v3/ModelSurfaceTensionCustV3.py", line 123, in main
    assert X_batch.ndim == 4 and X_batch.shape[-1] in (1,3), "Image batch must be (B,H,W,C) with C=1 or 3"
           ^^^^^^^^^^^^^^^^^^^^^^^^^^^^^^^^^^^^^^^^^^^^^^^^
AssertionError: Image batch must be (B,H,W,C) with C=1 or 3
To github.com:JordanT-MWang/ADSA-AI-JordanWang.git
 ! [rejected]        main -> main (non-fast-forward)
error: failed to push some refs to 'github.com:JordanT-MWang/ADSA-AI-JordanWang.git'
hint: Updates were rejected because the tip of your current branch is behind
hint: its remote counterpart. If you want to integrate the remote changes,
hint: use 'git pull' before pushing again.
hint: See the 'Note about fast-forwards' in 'git push --help' for details.
