Identity added: /home/jordanw7/.ssh/id_ed25519 (cluster_key)
2025-10-29 02:53:36.126584: I tensorflow/core/util/port.cc:153] oneDNN custom operations are on. You may see slightly different numerical results due to floating-point round-off errors from different computation orders. To turn them off, set the environment variable `TF_ENABLE_ONEDNN_OPTS=0`.
2025-10-29 02:53:36.139584: E external/local_xla/xla/stream_executor/cuda/cuda_fft.cc:477] Unable to register cuFFT factory: Attempting to register factory for plugin cuFFT when one has already been registered
WARNING: All log messages before absl::InitializeLog() is called are written to STDERR
E0000 00:00:1761706416.154012 3415017 cuda_dnn.cc:8310] Unable to register cuDNN factory: Attempting to register factory for plugin cuDNN when one has already been registered
E0000 00:00:1761706416.158209 3415017 cuda_blas.cc:1418] Unable to register cuBLAS factory: Attempting to register factory for plugin cuBLAS when one has already been registered
2025-10-29 02:53:36.172731: I tensorflow/core/platform/cpu_feature_guard.cc:210] This TensorFlow binary is optimized to use available CPU instructions in performance-critical operations.
To enable the following instructions: AVX2 AVX512F AVX512_VNNI FMA, in other operations, rebuild TensorFlow with the appropriate compiler flags.
Traceback (most recent call last):
  File "/home/jordanw7/.conda/envs/ADSAenv/lib/python3.11/site-packages/keras/src/dtype_policies/dtype_policy.py", line 87, in _parse_name
    dtype = backend.standardize_dtype(name)
            ^^^^^^^^^^^^^^^^^^^^^^^^^^^^^^^
  File "/home/jordanw7/.conda/envs/ADSAenv/lib/python3.11/site-packages/keras/src/backend/common/variables.py", line 553, in standardize_dtype
    raise ValueError(f"Invalid dtype: {dtype}")
ValueError: Invalid dtype: mixed_float32

During handling of the above exception, another exception occurred:

Traceback (most recent call last):
  File "/home/jordanw7/koa_scratch/ADSA-AI/ADSA-AI-JordanWang/ModelScripts/EfficientNetFamily/SurfaceArea/v2/ModelSurfaceAreaENFv2.py", line 17, in <module>
    mixed_precision.set_global_policy("mixed_float32")
  File "/home/jordanw7/.conda/envs/ADSAenv/lib/python3.11/site-packages/keras/src/dtype_policies/dtype_policy.py", line 310, in set_dtype_policy
    policy = DTypePolicy(policy)
             ^^^^^^^^^^^^^^^^^^^
  File "/home/jordanw7/.conda/envs/ADSAenv/lib/python3.11/site-packages/keras/src/dtype_policies/dtype_policy.py", line 65, in __init__
    self._compute_dtype, self._variable_dtype = self._parse_name(name)
                                                ^^^^^^^^^^^^^^^^^^^^^^
  File "/home/jordanw7/.conda/envs/ADSAenv/lib/python3.11/site-packages/keras/src/dtype_policies/dtype_policy.py", line 90, in _parse_name
    raise ValueError(
ValueError: Cannot convert 'mixed_float32' to a mixed precision DTypePolicy. Valid policies include 'mixed_float16', 'mixed_bfloat16', and the name of any float dtype such as 'float32'.
