Identity added: /home/jordanw7/.ssh/id_ed25519 (cluster_key)
2025-10-21 01:59:56.014748: I tensorflow/core/util/port.cc:153] oneDNN custom operations are on. You may see slightly different numerical results due to floating-point round-off errors from different computation orders. To turn them off, set the environment variable `TF_ENABLE_ONEDNN_OPTS=0`.
2025-10-21 02:00:00.170324: I tensorflow/core/platform/cpu_feature_guard.cc:210] This TensorFlow binary is optimized to use available CPU instructions in performance-critical operations.
To enable the following instructions: AVX2 AVX512F AVX512_VNNI FMA, in other operations, rebuild TensorFlow with the appropriate compiler flags.
2025-10-21 02:00:19.666555: I tensorflow/core/util/port.cc:153] oneDNN custom operations are on. You may see slightly different numerical results due to floating-point round-off errors from different computation orders. To turn them off, set the environment variable `TF_ENABLE_ONEDNN_OPTS=0`.
/home/jordanw7/koa_scratch/ADSA-AI/ADSA-AI-JordanWang/ModelScripts/ModelSurfaceTension.py:76: UserWarning: `input_shape` is undefined or non-square, or `rows` is not in [96, 128, 160, 192, 224]. Weights for input shape (224, 224) will be loaded as the default.
  base_model = MobileNetV2(input_shape=input_image_shape, include_top=False, weights='imagenet')
WARNING: All log messages before absl::InitializeLog() is called are written to STDERR
I0000 00:00:1761012376.187142 1623774 gpu_device.cc:2020] Created device /job:localhost/replica:0/task:0/device:GPU:0 with 14271 MB memory:  -> device: 0, name: NVIDIA RTX A4000, pci bus id: 0000:22:00.0, compute capability: 8.6
2025-10-21 02:06:32.471652: I external/local_xla/xla/service/service.cc:163] XLA service 0x14704c0032a0 initialized for platform CUDA (this does not guarantee that XLA will be used). Devices:
2025-10-21 02:06:32.471735: I external/local_xla/xla/service/service.cc:171]   StreamExecutor device (0): NVIDIA RTX A4000, Compute Capability 8.6
2025-10-21 02:06:32.793925: I tensorflow/compiler/mlir/tensorflow/utils/dump_mlir_util.cc:269] disabling MLIR crash reproducer, set env var `MLIR_CRASH_REPRODUCER_DIRECTORY` to enable.
2025-10-21 02:06:34.859915: I external/local_xla/xla/stream_executor/cuda/cuda_dnn.cc:473] Loaded cuDNN version 91301
2025-10-21 02:06:35.543465: I external/local_xla/xla/service/gpu/autotuning/dot_search_space.cc:208] All configs were filtered out because none of them sufficiently match the hints. Maybe the hints set does not contain a good representative set of valid configs? Working around this by using the full hints set instead.
2025-10-21 02:06:35.543619: I external/local_xla/xla/service/gpu/autotuning/dot_search_space.cc:208] All configs were filtered out because none of them sufficiently match the hints. Maybe the hints set does not contain a good representative set of valid configs? Working around this by using the full hints set instead.
2025-10-21 02:06:35.543645: I external/local_xla/xla/service/gpu/autotuning/dot_search_space.cc:208] All configs were filtered out because none of them sufficiently match the hints. Maybe the hints set does not contain a good representative set of valid configs? Working around this by using the full hints set instead.
2025-10-21 02:06:40.944604: E external/local_xla/xla/service/slow_operation_alarm.cc:73] Trying algorithm eng51{k2=2,k13=0,k14=2,k18=1,k23=0} for conv (f16[32,256,320,32]{3,2,1,0}, u8[0]{0}) custom-call(f16[32,513,641,4]{3,2,1,0}, f16[32,3,3,4]{3,2,1,0}), window={size=3x3 stride=2x2}, dim_labels=b01f_o01i->b01f, custom_call_target="__cudnn$convForward", backend_config={"operation_queue_id":"0","wait_on_operation_queues":[],"cudnn_conv_backend_config":{"activation_mode":"kNone","conv_result_scale":1,"side_input_scale":0,"leakyrelu_alpha":0},"force_earliest_schedule":false,"reification_cost":[]} is taking a while...
2025-10-21 02:06:43.311991: E external/local_xla/xla/service/slow_operation_alarm.cc:140] The operation took 3.367473115s
Trying algorithm eng51{k2=2,k13=0,k14=2,k18=1,k23=0} for conv (f16[32,256,320,32]{3,2,1,0}, u8[0]{0}) custom-call(f16[32,513,641,4]{3,2,1,0}, f16[32,3,3,4]{3,2,1,0}), window={size=3x3 stride=2x2}, dim_labels=b01f_o01i->b01f, custom_call_target="__cudnn$convForward", backend_config={"operation_queue_id":"0","wait_on_operation_queues":[],"cudnn_conv_backend_config":{"activation_mode":"kNone","conv_result_scale":1,"side_input_scale":0,"leakyrelu_alpha":0},"force_earliest_schedule":false,"reification_cost":[]} is taking a while...
2025-10-21 02:06:44.500057: E external/local_xla/xla/service/slow_operation_alarm.cc:73] Trying algorithm eng21{k2=1,k4=3,k5=4,k6=3,k7=2,k14=7,k19=1} for conv (f16[32,256,320,32]{3,2,1,0}, u8[0]{0}) custom-call(f16[32,513,641,4]{3,2,1,0}, f16[32,3,3,4]{3,2,1,0}), window={size=3x3 stride=2x2}, dim_labels=b01f_o01i->b01f, custom_call_target="__cudnn$convForward", backend_config={"operation_queue_id":"0","wait_on_operation_queues":[],"cudnn_conv_backend_config":{"activation_mode":"kNone","conv_result_scale":1,"side_input_scale":0,"leakyrelu_alpha":0},"force_earliest_schedule":false,"reification_cost":[]} is taking a while...
2025-10-21 02:06:47.186496: E external/local_xla/xla/service/slow_operation_alarm.cc:140] The operation took 3.686544663s
Trying algorithm eng21{k2=1,k4=3,k5=4,k6=3,k7=2,k14=7,k19=1} for conv (f16[32,256,320,32]{3,2,1,0}, u8[0]{0}) custom-call(f16[32,513,641,4]{3,2,1,0}, f16[32,3,3,4]{3,2,1,0}), window={size=3x3 stride=2x2}, dim_labels=b01f_o01i->b01f, custom_call_target="__cudnn$convForward", backend_config={"operation_queue_id":"0","wait_on_operation_queues":[],"cudnn_conv_backend_config":{"activation_mode":"kNone","conv_result_scale":1,"side_input_scale":0,"leakyrelu_alpha":0},"force_earliest_schedule":false,"reification_cost":[]} is taking a while...
2025-10-21 02:06:49.757128: E external/local_xla/xla/stream_executor/cuda/cuda_timer.cc:86] Delay kernel timed out: measured time has sub-optimal accuracy. There may be a missing warmup execution, please investigate in Nsight Systems.
2025-10-21 02:06:49.922843: E external/local_xla/xla/stream_executor/cuda/cuda_timer.cc:86] Delay kernel timed out: measured time has sub-optimal accuracy. There may be a missing warmup execution, please investigate in Nsight Systems.
2025-10-21 02:06:56.823284: E external/local_xla/xla/stream_executor/cuda/cuda_timer.cc:86] Delay kernel timed out: measured time has sub-optimal accuracy. There may be a missing warmup execution, please investigate in Nsight Systems.
2025-10-21 02:06:57.087125: E external/local_xla/xla/stream_executor/cuda/cuda_timer.cc:86] Delay kernel timed out: measured time has sub-optimal accuracy. There may be a missing warmup execution, please investigate in Nsight Systems.
I0000 00:00:1761012456.128299 1624824 device_compiler.h:196] Compiled cluster using XLA!  This line is logged at most once for the lifetime of the process.
2025-10-21 02:20:21.122743: I external/local_xla/xla/service/gpu/autotuning/dot_search_space.cc:208] All configs were filtered out because none of them sufficiently match the hints. Maybe the hints set does not contain a good representative set of valid configs? Working around this by using the full hints set instead.
2025-10-21 03:47:30.375141: E tensorflow/core/util/util.cc:131] oneDNN supports DT_HALF only on platforms with AVX-512. Falling back to the default Eigen-based implementation if present.
To github.com:JordanT-MWang/ADSA-AI-JordanWang.git
   d840775..6cdc3eb  main -> main
