Identity added: /home/jordanw7/.ssh/id_ed25519 (cluster_key)
2025-10-21 00:15:04.750581: I tensorflow/core/util/port.cc:153] oneDNN custom operations are on. You may see slightly different numerical results due to floating-point round-off errors from different computation orders. To turn them off, set the environment variable `TF_ENABLE_ONEDNN_OPTS=0`.
2025-10-21 00:15:08.149807: I tensorflow/core/platform/cpu_feature_guard.cc:210] This TensorFlow binary is optimized to use available CPU instructions in performance-critical operations.
To enable the following instructions: AVX2 AVX512F AVX512_VNNI FMA, in other operations, rebuild TensorFlow with the appropriate compiler flags.
2025-10-21 00:15:32.369947: I tensorflow/core/util/port.cc:153] oneDNN custom operations are on. You may see slightly different numerical results due to floating-point round-off errors from different computation orders. To turn them off, set the environment variable `TF_ENABLE_ONEDNN_OPTS=0`.
/home/jordanw7/koa_scratch/ADSA-AI/ADSA-AI-JordanWang/ModelScripts/ModelSurfaceTension.py:73: UserWarning: `input_shape` is undefined or non-square, or `rows` is not in [96, 128, 160, 192, 224]. Weights for input shape (224, 224) will be loaded as the default.
  base_model = MobileNetV2(input_shape=input_image_shape, include_top=False, weights='imagenet')
WARNING: All log messages before absl::InitializeLog() is called are written to STDERR
I0000 00:00:1761006127.625190 1497342 gpu_device.cc:2020] Created device /job:localhost/replica:0/task:0/device:GPU:0 with 22395 MB memory:  -> device: 0, name: NVIDIA A30, pci bus id: 0000:98:00.0, compute capability: 8.0
Traceback (most recent call last):
  File "/home/jordanw7/koa_scratch/ADSA-AI/ADSA-AI-JordanWang/ModelScripts/ModelSurfaceTension.py", line 230, in <module>
    main()
  File "/home/jordanw7/koa_scratch/ADSA-AI/ADSA-AI-JordanWang/ModelScripts/ModelSurfaceTension.py", line 133, in main
    history = model.fit(train_gen,
              ^^^^^^^^^^^^^^^^^^^^
  File "/home/jordanw7/.local/lib/python3.11/site-packages/keras/src/utils/traceback_utils.py", line 122, in error_handler
    raise e.with_traceback(filtered_tb) from None
  File "/home/jordanw7/.local/lib/python3.11/site-packages/keras/src/layers/input_spec.py", line 227, in assert_input_compatibility
    raise ValueError(
ValueError: Exception encountered when calling Functional.call().

[1mInput 0 of layer "Conv1" is incompatible with the layer: expected axis -1 of input shape to have value 3, but received input with shape (None, 512, 640, 1)[0m

Arguments received by Functional.call():
  • inputs=tf.Tensor(shape=(None, 512, 640, 1), dtype=float32)
  • training=True
  • mask=None
  • kwargs=<class 'inspect._empty'>
To github.com:JordanT-MWang/ADSA-AI-JordanWang.git
   64f375c..6ee387c  main -> main
