Agent pid 1546160
Updating 07f4925..b1ea610
Fast-forward
 ModelScripts/ModelCurvature.py | 6 +++---
 1 file changed, 3 insertions(+), 3 deletions(-)
Image directory path: /home/jordanw7/koa_scratch/ADSA-AI/DataSetCombined/Edges
Output CSV path: /home/jordanw7/koa_scratch/ADSA-AI/DataSetCombined/output_params.csv
[INFO] Computed normalization stats: mean=[9.9271584e-01 6.0119742e-04], std=[0.00061441 0.00056276]
[main 5ae6562] Predictions saved for job 8721951
 Committer: Jordan Wang <jordanw7@gn-09-13-00.mana.ci.its.hawaii.edu>
Your name and email address were configured automatically based
on your username and hostname. Please check that they are accurate.
You can suppress this message by setting them explicitly. Run the
following command and follow the instructions in your editor to edit
your configuration file:

    git config --global --edit

After doing this, you may fix the identity used for this commit with:

    git commit --amend --reset-author

 4 files changed, 51 insertions(+)
 create mode 100644 ModelScripts/model-8721951.err
 create mode 100644 ModelScripts/model-8721951.out
