Identity added: /home/jordanw7/.ssh/id_ed25519 (cluster_key)
2025-10-29 00:46:09.883588: I tensorflow/core/util/port.cc:153] oneDNN custom operations are on. You may see slightly different numerical results due to floating-point round-off errors from different computation orders. To turn them off, set the environment variable `TF_ENABLE_ONEDNN_OPTS=0`.
2025-10-29 00:46:09.897028: E external/local_xla/xla/stream_executor/cuda/cuda_fft.cc:477] Unable to register cuFFT factory: Attempting to register factory for plugin cuFFT when one has already been registered
WARNING: All log messages before absl::InitializeLog() is called are written to STDERR
E0000 00:00:1761698769.911452 3404804 cuda_dnn.cc:8310] Unable to register cuDNN factory: Attempting to register factory for plugin cuDNN when one has already been registered
E0000 00:00:1761698769.915662 3404804 cuda_blas.cc:1418] Unable to register cuBLAS factory: Attempting to register factory for plugin cuBLAS when one has already been registered
2025-10-29 00:46:09.930290: I tensorflow/core/platform/cpu_feature_guard.cc:210] This TensorFlow binary is optimized to use available CPU instructions in performance-critical operations.
To enable the following instructions: AVX2 AVX512F AVX512_VNNI FMA, in other operations, rebuild TensorFlow with the appropriate compiler flags.
I0000 00:00:1761699111.218522 3404804 gpu_device.cc:2022] Created device /job:localhost/replica:0/task:0/device:GPU:0 with 14271 MB memory:  -> device: 0, name: NVIDIA RTX A4000, pci bus id: 0000:1e:00.0, compute capability: 8.6
WARNING: All log messages before absl::InitializeLog() is called are written to STDERR
I0000 00:00:1761699147.962371 3405211 service.cc:148] XLA service 0x151c28004cc0 initialized for platform CUDA (this does not guarantee that XLA will be used). Devices:
I0000 00:00:1761699147.962644 3405211 service.cc:156]   StreamExecutor device (0): NVIDIA RTX A4000, Compute Capability 8.6
2025-10-29 00:52:29.152665: I tensorflow/compiler/mlir/tensorflow/utils/dump_mlir_util.cc:268] disabling MLIR crash reproducer, set env var `MLIR_CRASH_REPRODUCER_DIRECTORY` to enable.
I0000 00:00:1761699153.128408 3405211 cuda_dnn.cc:529] Loaded cuDNN version 91301
2025-10-29 00:52:37.762792: I external/local_xla/xla/stream_executor/cuda/cuda_asm_compiler.cc:397] ptxas warning : Registers are spilled to local memory in function 'gemm_fusion_dot_29105_0', 428 bytes spill stores, 684 bytes spill loads

2025-10-29 00:52:37.782948: I external/local_xla/xla/stream_executor/cuda/cuda_asm_compiler.cc:397] ptxas warning : Registers are spilled to local memory in function 'gemm_fusion_dot_29105', 228 bytes spill stores, 228 bytes spill loads

2025-10-29 00:52:38.535318: I external/local_xla/xla/stream_executor/cuda/cuda_asm_compiler.cc:397] ptxas warning : Registers are spilled to local memory in function 'gemm_fusion_dot_31761', 440 bytes spill stores, 440 bytes spill loads

2025-10-29 00:52:39.305700: I external/local_xla/xla/stream_executor/cuda/cuda_asm_compiler.cc:397] ptxas warning : Registers are spilled to local memory in function 'gemm_fusion_dot_31761', 496 bytes spill stores, 496 bytes spill loads

E0000 00:00:1761699172.648134 3405211 gpu_timer.cc:82] Delay kernel timed out: measured time has sub-optimal accuracy. There may be a missing warmup execution, please investigate in Nsight Systems.
E0000 00:00:1761699173.000173 3405211 gpu_timer.cc:82] Delay kernel timed out: measured time has sub-optimal accuracy. There may be a missing warmup execution, please investigate in Nsight Systems.
E0000 00:00:1761699174.438227 3405211 gpu_timer.cc:82] Delay kernel timed out: measured time has sub-optimal accuracy. There may be a missing warmup execution, please investigate in Nsight Systems.
E0000 00:00:1761699174.719599 3405211 gpu_timer.cc:82] Delay kernel timed out: measured time has sub-optimal accuracy. There may be a missing warmup execution, please investigate in Nsight Systems.
E0000 00:00:1761699177.607185 3405211 gpu_timer.cc:82] Delay kernel timed out: measured time has sub-optimal accuracy. There may be a missing warmup execution, please investigate in Nsight Systems.
E0000 00:00:1761699177.771468 3405211 gpu_timer.cc:82] Delay kernel timed out: measured time has sub-optimal accuracy. There may be a missing warmup execution, please investigate in Nsight Systems.
E0000 00:00:1761699178.298331 3405211 gpu_timer.cc:82] Delay kernel timed out: measured time has sub-optimal accuracy. There may be a missing warmup execution, please investigate in Nsight Systems.
E0000 00:00:1761699178.462942 3405211 gpu_timer.cc:82] Delay kernel timed out: measured time has sub-optimal accuracy. There may be a missing warmup execution, please investigate in Nsight Systems.
E0000 00:00:1761699179.271007 3405211 gpu_timer.cc:82] Delay kernel timed out: measured time has sub-optimal accuracy. There may be a missing warmup execution, please investigate in Nsight Systems.
E0000 00:00:1761699179.459028 3405211 gpu_timer.cc:82] Delay kernel timed out: measured time has sub-optimal accuracy. There may be a missing warmup execution, please investigate in Nsight Systems.
E0000 00:00:1761699180.260565 3405211 gpu_timer.cc:82] Delay kernel timed out: measured time has sub-optimal accuracy. There may be a missing warmup execution, please investigate in Nsight Systems.
E0000 00:00:1761699180.403919 3405211 gpu_timer.cc:82] Delay kernel timed out: measured time has sub-optimal accuracy. There may be a missing warmup execution, please investigate in Nsight Systems.
E0000 00:00:1761699181.313244 3405211 gpu_timer.cc:82] Delay kernel timed out: measured time has sub-optimal accuracy. There may be a missing warmup execution, please investigate in Nsight Systems.
E0000 00:00:1761699181.456825 3405211 gpu_timer.cc:82] Delay kernel timed out: measured time has sub-optimal accuracy. There may be a missing warmup execution, please investigate in Nsight Systems.
E0000 00:00:1761699182.735410 3405211 gpu_timer.cc:82] Delay kernel timed out: measured time has sub-optimal accuracy. There may be a missing warmup execution, please investigate in Nsight Systems.
E0000 00:00:1761699182.904583 3405211 gpu_timer.cc:82] Delay kernel timed out: measured time has sub-optimal accuracy. There may be a missing warmup execution, please investigate in Nsight Systems.
E0000 00:00:1761699184.635367 3405211 gpu_timer.cc:82] Delay kernel timed out: measured time has sub-optimal accuracy. There may be a missing warmup execution, please investigate in Nsight Systems.
E0000 00:00:1761699184.844720 3405211 gpu_timer.cc:82] Delay kernel timed out: measured time has sub-optimal accuracy. There may be a missing warmup execution, please investigate in Nsight Systems.
E0000 00:00:1761699210.178965 3405211 gpu_timer.cc:82] Delay kernel timed out: measured time has sub-optimal accuracy. There may be a missing warmup execution, please investigate in Nsight Systems.
E0000 00:00:1761699210.346090 3405211 gpu_timer.cc:82] Delay kernel timed out: measured time has sub-optimal accuracy. There may be a missing warmup execution, please investigate in Nsight Systems.
E0000 00:00:1761699211.122575 3405211 gpu_timer.cc:82] Delay kernel timed out: measured time has sub-optimal accuracy. There may be a missing warmup execution, please investigate in Nsight Systems.
E0000 00:00:1761699211.289879 3405211 gpu_timer.cc:82] Delay kernel timed out: measured time has sub-optimal accuracy. There may be a missing warmup execution, please investigate in Nsight Systems.
E0000 00:00:1761699212.334907 3405211 gpu_timer.cc:82] Delay kernel timed out: measured time has sub-optimal accuracy. There may be a missing warmup execution, please investigate in Nsight Systems.
E0000 00:00:1761699212.525917 3405211 gpu_timer.cc:82] Delay kernel timed out: measured time has sub-optimal accuracy. There may be a missing warmup execution, please investigate in Nsight Systems.
E0000 00:00:1761699213.589937 3405211 gpu_timer.cc:82] Delay kernel timed out: measured time has sub-optimal accuracy. There may be a missing warmup execution, please investigate in Nsight Systems.
E0000 00:00:1761699213.735815 3405211 gpu_timer.cc:82] Delay kernel timed out: measured time has sub-optimal accuracy. There may be a missing warmup execution, please investigate in Nsight Systems.
E0000 00:00:1761699214.174640 3405211 gpu_timer.cc:82] Delay kernel timed out: measured time has sub-optimal accuracy. There may be a missing warmup execution, please investigate in Nsight Systems.
E0000 00:00:1761699214.320516 3405211 gpu_timer.cc:82] Delay kernel timed out: measured time has sub-optimal accuracy. There may be a missing warmup execution, please investigate in Nsight Systems.
E0000 00:00:1761699215.063870 3405211 gpu_timer.cc:82] Delay kernel timed out: measured time has sub-optimal accuracy. There may be a missing warmup execution, please investigate in Nsight Systems.
E0000 00:00:1761699215.236224 3405211 gpu_timer.cc:82] Delay kernel timed out: measured time has sub-optimal accuracy. There may be a missing warmup execution, please investigate in Nsight Systems.
2025-10-29 00:53:43.239783: W external/local_xla/xla/service/hlo_rematerialization.cc:3005] Can't reduce memory use below 11.61GiB (12462369907 bytes) by rematerialization; only reduced to 12.97GiB (13928026324 bytes), down from 22.88GiB (24565029576 bytes) originally
I0000 00:00:1761699240.640124 3405211 device_compiler.h:188] Compiled cluster using XLA!  This line is logged at most once for the lifetime of the process.
2025-10-29 00:54:00.709458: W external/local_xla/xla/tsl/framework/bfc_allocator.cc:378] Garbage collection: deallocate free memory regions (i.e., allocations) so that we can re-allocate a larger region to avoid OOM due to memory fragmentation. If you see this message frequently, you are running near the threshold of the available device memory and re-allocation may incur great performance overhead. You may try smaller batch sizes to observe the performance impact. Set TF_ENABLE_GPU_GARBAGE_COLLECTION=false if you'd like to disable this feature.
2025-10-29 01:07:13.739976: I external/local_xla/xla/stream_executor/cuda/cuda_asm_compiler.cc:397] ptxas warning : Registers are spilled to local memory in function 'gemm_fusion_dot_29105', 56 bytes spill stores, 56 bytes spill loads

2025-10-29 01:07:13.766154: I external/local_xla/xla/stream_executor/cuda/cuda_asm_compiler.cc:397] ptxas warning : Registers are spilled to local memory in function 'gemm_fusion_dot_29105_0', 344 bytes spill stores, 520 bytes spill loads

2025-10-29 01:07:14.207425: I external/local_xla/xla/stream_executor/cuda/cuda_asm_compiler.cc:397] ptxas warning : Registers are spilled to local memory in function 'gemm_fusion_dot_29105', 16 bytes spill stores, 16 bytes spill loads

2025-10-29 01:07:14.719183: I external/local_xla/xla/stream_executor/cuda/cuda_asm_compiler.cc:397] ptxas warning : Registers are spilled to local memory in function 'gemm_fusion_dot_31761', 20 bytes spill stores, 24 bytes spill loads

2025-10-29 01:07:14.775081: I external/local_xla/xla/stream_executor/cuda/cuda_asm_compiler.cc:397] ptxas warning : Registers are spilled to local memory in function 'gemm_fusion_dot_31761', 24 bytes spill stores, 24 bytes spill loads

E0000 00:00:1761700041.294760 3405213 gpu_timer.cc:82] Delay kernel timed out: measured time has sub-optimal accuracy. There may be a missing warmup execution, please investigate in Nsight Systems.
E0000 00:00:1761700041.487823 3405213 gpu_timer.cc:82] Delay kernel timed out: measured time has sub-optimal accuracy. There may be a missing warmup execution, please investigate in Nsight Systems.
E0000 00:00:1761700043.371820 3405213 gpu_timer.cc:82] Delay kernel timed out: measured time has sub-optimal accuracy. There may be a missing warmup execution, please investigate in Nsight Systems.
E0000 00:00:1761700043.501447 3405213 gpu_timer.cc:82] Delay kernel timed out: measured time has sub-optimal accuracy. There may be a missing warmup execution, please investigate in Nsight Systems.
E0000 00:00:1761700043.828058 3405213 gpu_timer.cc:82] Delay kernel timed out: measured time has sub-optimal accuracy. There may be a missing warmup execution, please investigate in Nsight Systems.
E0000 00:00:1761700043.957167 3405213 gpu_timer.cc:82] Delay kernel timed out: measured time has sub-optimal accuracy. There may be a missing warmup execution, please investigate in Nsight Systems.
E0000 00:00:1761700044.369458 3405213 gpu_timer.cc:82] Delay kernel timed out: measured time has sub-optimal accuracy. There may be a missing warmup execution, please investigate in Nsight Systems.
E0000 00:00:1761700044.508469 3405213 gpu_timer.cc:82] Delay kernel timed out: measured time has sub-optimal accuracy. There may be a missing warmup execution, please investigate in Nsight Systems.
E0000 00:00:1761700045.015657 3405213 gpu_timer.cc:82] Delay kernel timed out: measured time has sub-optimal accuracy. There may be a missing warmup execution, please investigate in Nsight Systems.
E0000 00:00:1761700045.141726 3405213 gpu_timer.cc:82] Delay kernel timed out: measured time has sub-optimal accuracy. There may be a missing warmup execution, please investigate in Nsight Systems.
E0000 00:00:1761700045.930678 3405213 gpu_timer.cc:82] Delay kernel timed out: measured time has sub-optimal accuracy. There may be a missing warmup execution, please investigate in Nsight Systems.
E0000 00:00:1761700046.057796 3405213 gpu_timer.cc:82] Delay kernel timed out: measured time has sub-optimal accuracy. There may be a missing warmup execution, please investigate in Nsight Systems.
E0000 00:00:1761700046.974747 3405213 gpu_timer.cc:82] Delay kernel timed out: measured time has sub-optimal accuracy. There may be a missing warmup execution, please investigate in Nsight Systems.
E0000 00:00:1761700047.115225 3405213 gpu_timer.cc:82] Delay kernel timed out: measured time has sub-optimal accuracy. There may be a missing warmup execution, please investigate in Nsight Systems.
E0000 00:00:1761700048.063678 3405213 gpu_timer.cc:82] Delay kernel timed out: measured time has sub-optimal accuracy. There may be a missing warmup execution, please investigate in Nsight Systems.
E0000 00:00:1761700048.209410 3405213 gpu_timer.cc:82] Delay kernel timed out: measured time has sub-optimal accuracy. There may be a missing warmup execution, please investigate in Nsight Systems.
E0000 00:00:1761700058.740735 3405213 gpu_timer.cc:82] Delay kernel timed out: measured time has sub-optimal accuracy. There may be a missing warmup execution, please investigate in Nsight Systems.
E0000 00:00:1761700058.872547 3405213 gpu_timer.cc:82] Delay kernel timed out: measured time has sub-optimal accuracy. There may be a missing warmup execution, please investigate in Nsight Systems.
E0000 00:00:1761700059.278065 3405213 gpu_timer.cc:82] Delay kernel timed out: measured time has sub-optimal accuracy. There may be a missing warmup execution, please investigate in Nsight Systems.
E0000 00:00:1761700059.410097 3405213 gpu_timer.cc:82] Delay kernel timed out: measured time has sub-optimal accuracy. There may be a missing warmup execution, please investigate in Nsight Systems.
E0000 00:00:1761700059.895110 3405213 gpu_timer.cc:82] Delay kernel timed out: measured time has sub-optimal accuracy. There may be a missing warmup execution, please investigate in Nsight Systems.
E0000 00:00:1761700060.037555 3405213 gpu_timer.cc:82] Delay kernel timed out: measured time has sub-optimal accuracy. There may be a missing warmup execution, please investigate in Nsight Systems.
E0000 00:00:1761700060.627593 3405213 gpu_timer.cc:82] Delay kernel timed out: measured time has sub-optimal accuracy. There may be a missing warmup execution, please investigate in Nsight Systems.
E0000 00:00:1761700060.757128 3405213 gpu_timer.cc:82] Delay kernel timed out: measured time has sub-optimal accuracy. There may be a missing warmup execution, please investigate in Nsight Systems.
E0000 00:00:1761700061.074738 3405213 gpu_timer.cc:82] Delay kernel timed out: measured time has sub-optimal accuracy. There may be a missing warmup execution, please investigate in Nsight Systems.
E0000 00:00:1761700061.202614 3405213 gpu_timer.cc:82] Delay kernel timed out: measured time has sub-optimal accuracy. There may be a missing warmup execution, please investigate in Nsight Systems.
E0000 00:00:1761700061.617500 3405213 gpu_timer.cc:82] Delay kernel timed out: measured time has sub-optimal accuracy. There may be a missing warmup execution, please investigate in Nsight Systems.
E0000 00:00:1761700061.760348 3405213 gpu_timer.cc:82] Delay kernel timed out: measured time has sub-optimal accuracy. There may be a missing warmup execution, please investigate in Nsight Systems.
2025-10-29 01:41:14.682854: I external/local_xla/xla/stream_executor/cuda/cuda_asm_compiler.cc:397] ptxas warning : Registers are spilled to local memory in function 'gemm_fusion_dot_2880', 12 bytes spill stores, 12 bytes spill loads

2025-10-29 01:41:14.784970: I external/local_xla/xla/stream_executor/cuda/cuda_asm_compiler.cc:397] ptxas warning : Registers are spilled to local memory in function 'gemm_fusion_dot_2873', 252 bytes spill stores, 252 bytes spill loads

2025-10-29 01:41:15.194257: I external/local_xla/xla/stream_executor/cuda/cuda_asm_compiler.cc:397] ptxas warning : Registers are spilled to local memory in function 'gemm_fusion_dot_2873', 8 bytes spill stores, 8 bytes spill loads

2025-10-29 01:41:15.412145: I external/local_xla/xla/stream_executor/cuda/cuda_asm_compiler.cc:397] ptxas warning : Registers are spilled to local memory in function 'gemm_fusion_dot_2873_0', 8 bytes spill stores, 8 bytes spill loads

E0000 00:00:1761702084.096562 3405213 gpu_timer.cc:82] Delay kernel timed out: measured time has sub-optimal accuracy. There may be a missing warmup execution, please investigate in Nsight Systems.
E0000 00:00:1761702084.321372 3405213 gpu_timer.cc:82] Delay kernel timed out: measured time has sub-optimal accuracy. There may be a missing warmup execution, please investigate in Nsight Systems.
E0000 00:00:1761702086.453973 3405213 gpu_timer.cc:82] Delay kernel timed out: measured time has sub-optimal accuracy. There may be a missing warmup execution, please investigate in Nsight Systems.
E0000 00:00:1761702086.597853 3405213 gpu_timer.cc:82] Delay kernel timed out: measured time has sub-optimal accuracy. There may be a missing warmup execution, please investigate in Nsight Systems.
E0000 00:00:1761702086.994075 3405213 gpu_timer.cc:82] Delay kernel timed out: measured time has sub-optimal accuracy. There may be a missing warmup execution, please investigate in Nsight Systems.
E0000 00:00:1761702087.137818 3405213 gpu_timer.cc:82] Delay kernel timed out: measured time has sub-optimal accuracy. There may be a missing warmup execution, please investigate in Nsight Systems.
E0000 00:00:1761702087.686810 3405213 gpu_timer.cc:82] Delay kernel timed out: measured time has sub-optimal accuracy. There may be a missing warmup execution, please investigate in Nsight Systems.
E0000 00:00:1761702087.845308 3405213 gpu_timer.cc:82] Delay kernel timed out: measured time has sub-optimal accuracy. There may be a missing warmup execution, please investigate in Nsight Systems.
E0000 00:00:1761702088.451955 3405213 gpu_timer.cc:82] Delay kernel timed out: measured time has sub-optimal accuracy. There may be a missing warmup execution, please investigate in Nsight Systems.
E0000 00:00:1761702088.585117 3405213 gpu_timer.cc:82] Delay kernel timed out: measured time has sub-optimal accuracy. There may be a missing warmup execution, please investigate in Nsight Systems.
E0000 00:00:1761702089.388465 3405213 gpu_timer.cc:82] Delay kernel timed out: measured time has sub-optimal accuracy. There may be a missing warmup execution, please investigate in Nsight Systems.
E0000 00:00:1761702089.521849 3405213 gpu_timer.cc:82] Delay kernel timed out: measured time has sub-optimal accuracy. There may be a missing warmup execution, please investigate in Nsight Systems.
E0000 00:00:1761702090.519111 3405213 gpu_timer.cc:82] Delay kernel timed out: measured time has sub-optimal accuracy. There may be a missing warmup execution, please investigate in Nsight Systems.
E0000 00:00:1761702090.670096 3405213 gpu_timer.cc:82] Delay kernel timed out: measured time has sub-optimal accuracy. There may be a missing warmup execution, please investigate in Nsight Systems.
2025-10-29 07:15:29.237728: I external/local_xla/xla/stream_executor/cuda/cuda_asm_compiler.cc:397] ptxas warning : Registers are spilled to local memory in function 'gemm_fusion_dot_2865_0', 112 bytes spill stores, 144 bytes spill loads

2025-10-29 07:15:29.355951: I external/local_xla/xla/stream_executor/cuda/cuda_asm_compiler.cc:397] ptxas warning : Registers are spilled to local memory in function 'gemm_fusion_dot_2865', 16 bytes spill stores, 16 bytes spill loads

2025-10-29 07:15:29.715598: I external/local_xla/xla/stream_executor/cuda/cuda_asm_compiler.cc:397] ptxas warning : Registers are spilled to local memory in function 'gemm_fusion_dot_2865', 228 bytes spill stores, 228 bytes spill loads

E0000 00:00:1761722137.809132 3405214 gpu_timer.cc:82] Delay kernel timed out: measured time has sub-optimal accuracy. There may be a missing warmup execution, please investigate in Nsight Systems.
E0000 00:00:1761722138.023596 3405214 gpu_timer.cc:82] Delay kernel timed out: measured time has sub-optimal accuracy. There may be a missing warmup execution, please investigate in Nsight Systems.
E0000 00:00:1761722140.119152 3405214 gpu_timer.cc:82] Delay kernel timed out: measured time has sub-optimal accuracy. There may be a missing warmup execution, please investigate in Nsight Systems.
E0000 00:00:1761722140.257179 3405214 gpu_timer.cc:82] Delay kernel timed out: measured time has sub-optimal accuracy. There may be a missing warmup execution, please investigate in Nsight Systems.
E0000 00:00:1761722140.627792 3405214 gpu_timer.cc:82] Delay kernel timed out: measured time has sub-optimal accuracy. There may be a missing warmup execution, please investigate in Nsight Systems.
E0000 00:00:1761722140.767603 3405214 gpu_timer.cc:82] Delay kernel timed out: measured time has sub-optimal accuracy. There may be a missing warmup execution, please investigate in Nsight Systems.
E0000 00:00:1761722141.279630 3405214 gpu_timer.cc:82] Delay kernel timed out: measured time has sub-optimal accuracy. There may be a missing warmup execution, please investigate in Nsight Systems.
E0000 00:00:1761722141.430857 3405214 gpu_timer.cc:82] Delay kernel timed out: measured time has sub-optimal accuracy. There may be a missing warmup execution, please investigate in Nsight Systems.
E0000 00:00:1761722142.025726 3405214 gpu_timer.cc:82] Delay kernel timed out: measured time has sub-optimal accuracy. There may be a missing warmup execution, please investigate in Nsight Systems.
E0000 00:00:1761722142.155142 3405214 gpu_timer.cc:82] Delay kernel timed out: measured time has sub-optimal accuracy. There may be a missing warmup execution, please investigate in Nsight Systems.
E0000 00:00:1761722142.940500 3405214 gpu_timer.cc:82] Delay kernel timed out: measured time has sub-optimal accuracy. There may be a missing warmup execution, please investigate in Nsight Systems.
E0000 00:00:1761722143.070209 3405214 gpu_timer.cc:82] Delay kernel timed out: measured time has sub-optimal accuracy. There may be a missing warmup execution, please investigate in Nsight Systems.
E0000 00:00:1761722144.040193 3405214 gpu_timer.cc:82] Delay kernel timed out: measured time has sub-optimal accuracy. There may be a missing warmup execution, please investigate in Nsight Systems.
E0000 00:00:1761722144.184132 3405214 gpu_timer.cc:82] Delay kernel timed out: measured time has sub-optimal accuracy. There may be a missing warmup execution, please investigate in Nsight Systems.
E0000 00:00:1761722307.786147 3405210 gpu_timer.cc:82] Delay kernel timed out: measured time has sub-optimal accuracy. There may be a missing warmup execution, please investigate in Nsight Systems.
E0000 00:00:1761722307.902334 3405210 gpu_timer.cc:82] Delay kernel timed out: measured time has sub-optimal accuracy. There may be a missing warmup execution, please investigate in Nsight Systems.
E0000 00:00:1761722308.138705 3405210 gpu_timer.cc:82] Delay kernel timed out: measured time has sub-optimal accuracy. There may be a missing warmup execution, please investigate in Nsight Systems.
E0000 00:00:1761722308.255028 3405210 gpu_timer.cc:82] Delay kernel timed out: measured time has sub-optimal accuracy. There may be a missing warmup execution, please investigate in Nsight Systems.
E0000 00:00:1761722308.506014 3405210 gpu_timer.cc:82] Delay kernel timed out: measured time has sub-optimal accuracy. There may be a missing warmup execution, please investigate in Nsight Systems.
E0000 00:00:1761722308.626550 3405210 gpu_timer.cc:82] Delay kernel timed out: measured time has sub-optimal accuracy. There may be a missing warmup execution, please investigate in Nsight Systems.
E0000 00:00:1761722308.987011 3405210 gpu_timer.cc:82] Delay kernel timed out: measured time has sub-optimal accuracy. There may be a missing warmup execution, please investigate in Nsight Systems.
E0000 00:00:1761722309.104805 3405210 gpu_timer.cc:82] Delay kernel timed out: measured time has sub-optimal accuracy. There may be a missing warmup execution, please investigate in Nsight Systems.
E0000 00:00:1761722309.807094 3405210 gpu_timer.cc:82] Delay kernel timed out: measured time has sub-optimal accuracy. There may be a missing warmup execution, please investigate in Nsight Systems.
E0000 00:00:1761722309.924540 3405210 gpu_timer.cc:82] Delay kernel timed out: measured time has sub-optimal accuracy. There may be a missing warmup execution, please investigate in Nsight Systems.
E0000 00:00:1761722310.667545 3405210 gpu_timer.cc:82] Delay kernel timed out: measured time has sub-optimal accuracy. There may be a missing warmup execution, please investigate in Nsight Systems.
E0000 00:00:1761722310.799542 3405210 gpu_timer.cc:82] Delay kernel timed out: measured time has sub-optimal accuracy. There may be a missing warmup execution, please investigate in Nsight Systems.
2025-10-29 07:18:35.135634: I tensorflow/core/framework/local_rendezvous.cc:405] Local rendezvous is aborting with status: OUT_OF_RANGE: End of sequence
/home/jordanw7/.conda/envs/ADSAenv/lib/python3.11/site-packages/keras/src/trainers/epoch_iterator.py:151: UserWarning: Your input ran out of data; interrupting training. Make sure that your dataset or generator can generate at least `steps_per_epoch * epochs` batches. You may need to use the `.repeat()` function when building your dataset.
  self._interrupted_warning()
Traceback (most recent call last):
  File "/home/jordanw7/koa_scratch/ADSA-AI/ADSA-AI-JordanWang/ModelScripts/EfficientNetFamily/SurfaceTension/2v/ModelSurfaceTensionENFv2.py", line 209, in <module>
    main()
  File "/home/jordanw7/koa_scratch/ADSA-AI/ADSA-AI-JordanWang/ModelScripts/EfficientNetFamily/SurfaceTension/2v/ModelSurfaceTensionENFv2.py", line 150, in main
    preds_batch = model.predict([X_batch, params_batch], verbose=0)
                  ^^^^^^^^^^^^^^^^^^^^^^^^^^^^^^^^^^^^^^^^^^^^^^^^^
  File "/home/jordanw7/.conda/envs/ADSAenv/lib/python3.11/site-packages/keras/src/utils/traceback_utils.py", line 122, in error_handler
    raise e.with_traceback(filtered_tb) from None
  File "/home/jordanw7/.conda/envs/ADSAenv/lib/python3.11/site-packages/keras/src/backend/tensorflow/trainer.py", line 569, in predict
    batch_outputs, potentially_ragged_concat, outputs
    ^^^^^^^^^^^^^
UnboundLocalError: cannot access local variable 'batch_outputs' where it is not associated with a value
remote: warning: File ModelScripts/EfficientNetFamily/SurfaceTension/2v/SurfaceTensionENFv1.keras is 78.14 MB; this is larger than GitHub's recommended maximum file size of 50.00 MB        
remote: warning: File ModelScripts/EfficientNetFamily/SurfaceTension/5v/SurfaceTensionENFv5.keras is 75.81 MB; this is larger than GitHub's recommended maximum file size of 50.00 MB        
remote: error: Trace: f73e3801f38c0860a8aea6143c1ce3785f85837becf89fbb41a4c72681b63460        
remote: error: See https://gh.io/lfs for more information.        
remote: error: File ModelScripts/EfficientNetFamily/SurfaceTension/8v/best_SurfaceTensinoENFv8.keras is 128.09 MB; this exceeds GitHub's file size limit of 100.00 MB        
remote: error: File ModelScripts/EfficientNetFamily/SurfaceTension/6v/best_SurfaceTensinoENFv6.keras is 103.30 MB; this exceeds GitHub's file size limit of 100.00 MB        
remote: error: File ModelScripts/EfficientNetFamily/SurfaceTension/8v/best_SurfaceTensinoENFv8.keras is 128.09 MB; this exceeds GitHub's file size limit of 100.00 MB        
remote: error: File ModelScripts/EfficientNetFamily/SurfaceTension/6v/best_SurfaceTensinoENFv6.keras is 103.30 MB; this exceeds GitHub's file size limit of 100.00 MB        
remote: error: GH001: Large files detected. You may want to try Git Large File Storage - https://git-lfs.github.com.        
To github.com:JordanT-MWang/ADSA-AI-JordanWang.git
 ! [remote rejected] main -> main (pre-receive hook declined)
error: failed to push some refs to 'github.com:JordanT-MWang/ADSA-AI-JordanWang.git'
