Agent pid 3013721
Already up to date.
Image directory path: /home/jordanw7/koa_scratch/ADSA-AI/DataSetCombined/Edges
Output CSV path: /home/jordanw7/koa_scratch/ADSA-AI/DataSetCombined/output_params.csv
[INFO] Computed normalization stats: mean=[9.9271584e-01 6.0119742e-04], std=[0.00061441 0.00056276]
[main 8ba29b1] Predictions saved for job 8743317
 Committer: Jordan Wang <jordanw7@gn-15-35-00.mana.ci.its.hawaii.edu>
Your name and email address were configured automatically based
on your username and hostname. Please check that they are accurate.
You can suppress this message by setting them explicitly. Run the
following command and follow the instructions in your editor to edit
your configuration file:

    git config --global --edit

After doing this, you may fix the identity used for this commit with:

    git commit --amend --reset-author

 10 files changed, 160 insertions(+), 1 deletion(-)
 create mode 100644 ModelScripts/EfficientNetFamily/SurfaceTension/1v/SurfaceTension_Model_Large_Cust_V1_stats.json
 create mode 100644 ModelScripts/EfficientNetFamily/SurfaceTension/1v/model-8743302.err
 create mode 100644 ModelScripts/EfficientNetFamily/SurfaceTension/1v/model-8743302.out
 create mode 100644 ModelScripts/EfficientNetFamily/SurfaceTension/2v/model-8743317.err
 create mode 100644 ModelScripts/EfficientNetFamily/SurfaceTension/2v/model-8743317.out
 create mode 100644 ModelScripts/EfficientNetFamily/__pycache__/DataGeneratorv2.cpython-311.pyc
