Agent pid 3410901
Already up to date.
Image directory path: /home/jordanw7/koa_scratch/ADSA-AI/DataSetCombined/Edges
Output CSV path: /home/jordanw7/koa_scratch/ADSA-AI/DataSetCombined/output_params.csv
[INFO] Computed normalization stats: mean=[9.9271584e-01 6.0119742e-04], std=[0.00061441 0.00056276]
Base model input shape: (None, 512, 512, 3)
Epoch 1/50
[main d3d7afc] Predictions saved for job 8748907
 Committer: Jordan Wang <jordanw7@gn-15-35-00.mana.ci.its.hawaii.edu>
Your name and email address were configured automatically based
on your username and hostname. Please check that they are accurate.
You can suppress this message by setting them explicitly. Run the
following command and follow the instructions in your editor to edit
your configuration file:

    git config --global --edit

After doing this, you may fix the identity used for this commit with:

    git commit --amend --reset-author

 12 files changed, 471 insertions(+)
 create mode 100644 ModelScripts/EfficientNetFamily/SurfaceArea/1v/SurfaceArea_Model_Large_Cust_V1_stats.json
 create mode 100644 ModelScripts/EfficientNetFamily/SurfaceArea/1v/model-8748907.err
 create mode 100644 ModelScripts/EfficientNetFamily/SurfaceArea/1v/model-8748907.out
 create mode 100644 ModelScripts/EfficientNetFamily/SurfaceArea/v2/model-8749016.err
 create mode 100644 ModelScripts/EfficientNetFamily/SurfaceArea/v2/model-8749016.out
 create mode 100644 ModelScripts/EfficientNetFamily/SurfaceTension/2v/SurfaceTension_Model_Large_Cust_V1_stats.json
 create mode 100644 ModelScripts/EfficientNetFamily/SurfaceTension/2v/model-8748771.err
 create mode 100644 ModelScripts/EfficientNetFamily/SurfaceTension/2v/model-8748771.out
 create mode 100644 ModelScripts/EfficientNetFamily/SurfaceTension/3v/SurfaceTension_Model_Large_Cust_V1_stats.json
 create mode 100644 ModelScripts/EfficientNetFamily/SurfaceTension/3v/model-8748772.err
 create mode 100644 ModelScripts/EfficientNetFamily/SurfaceTension/3v/model-8748772.out
