Agent pid 1530711
Saved working directory and index state WIP on (no branch): cfb5989 push test and reoranization
Updating cfb5989..cfb79ce
Fast-forward
 .../EfficientNetFamily/SurfaceTension/10v/ModelSurfaceTensionENFV10.py  | 2 +-
 1 file changed, 1 insertion(+), 1 deletion(-)
interactive rebase in progress; onto cfb5989
Last command done (1 command done):
   pick 39ecc11 Predictions saved for job 8827104
No commands remaining.
You are currently editing a commit while rebasing branch 'main' on 'cfb5989'.
  (use "git commit --amend" to amend the current commit)
  (use "git rebase --continue" once you are satisfied with your changes)

Changes not staged for commit:
  (use "git add <file>..." to update what will be committed)
  (use "git restore <file>..." to discard changes in working directory)
	modified:   SurfaceTension_Model_Large_Cust_V10_stats.json
	modified:   ../../__pycache__/DataGeneratorv3.cpython-311.pyc

Untracked files:
  (use "git add <file>..." to include in what will be committed)
	model-8921039.err
	model-8921039.out
	model-8921064.err
	model-8921064.out

no changes added to commit (use "git add" and/or "git commit -a")
Dropped refs/stash@{0} (52eba43aa720643619080b89c023a2398f614337)
Image directory path: /tmp/DataSetCombined/Edges
Output CSV path: /tmp/DataSetCombined/output_params.csv
Base model input shape: (None, 800, 800, 3)
Epoch 1/50
