Agent pid 2485811
Saved working directory and index state WIP on (no branch): b13bdf8 batch size 1
Updating b13bdf8..ed84792
Fast-forward
 ModelScripts/EfficientNetFamily/DataGeneratorv3.py | 109 +++++++--------------
 .../10v/ModelSurfaceTensionENFV10.py               |   6 +-
 2 files changed, 40 insertions(+), 75 deletions(-)
interactive rebase in progress; onto cfb5989
Last command done (1 command done):
   pick 39ecc11 Predictions saved for job 8827104
No commands remaining.
You are currently editing a commit while rebasing branch 'main' on 'cfb5989'.
  (use "git commit --amend" to amend the current commit)
  (use "git rebase --continue" once you are satisfied with your changes)

Changes not staged for commit:
  (use "git add <file>..." to update what will be committed)
  (use "git restore <file>..." to discard changes in working directory)
	modified:   SurfaceTension_Model_Large_Cust_V10_stats.json
	modified:   ../8v/SurfaceTension_Model_Large_Cust_V8_stats.json
	modified:   ../../__pycache__/DataGeneratorv3.cpython-311.pyc

Untracked files:
  (use "git add <file>..." to include in what will be committed)
	model-8921039.err
	model-8921039.out
	model-8921064.err
	model-8921064.out
	model-8921077.err
	model-8921077.out
	model-8921655.err
	model-8921655.out
	model-8921689.err
	model-8921689.out
	model-8921691.err
	model-8921691.out
	model-8921710.err
	model-8921710.out
	model-8921715.err
	model-8921715.out
	model-8921725.err
	model-8921725.out
	model-8921744.err
	model-8921744.out
	../8v/model-8921088.err
	../8v/model-8921088.out
	../8v/model-8921654.err
	../8v/model-8921654.out

no changes added to commit (use "git add" and/or "git commit -a")
Dropped refs/stash@{0} (56309a108293fd9787ceaabc3ad05d4ab152763b)
Image directory path: /tmp/DataSetCombined/Edges
Output CSV path: /tmp/DataSetCombined/output_params.csv
Base model input shape: (None, 800, 800, 3)
Epoch 1/50
