Agent pid 3437935
Updating 4c14122..f40434d
Fast-forward
 .../EfficientNetFamily/SurfaceTension/5v/ModelSurfaceTensionENFV5.py   | 3 ++-
 1 file changed, 2 insertions(+), 1 deletion(-)
Image directory path: /tmp/DataSetCombined/Edges
Output CSV path: /tmp/DataSetCombined/output_params.csv
[main 738d55c] Predictions saved for job 8749238
 Committer: Jordan Wang <jordanw7@gn-15-35-00.mana.ci.its.hawaii.edu>
Your name and email address were configured automatically based
on your username and hostname. Please check that they are accurate.
You can suppress this message by setting them explicitly. Run the
following command and follow the instructions in your editor to edit
your configuration file:

    git config --global --edit

After doing this, you may fix the identity used for this commit with:

    git commit --amend --reset-author

 6 files changed, 49 insertions(+), 2 deletions(-)
 create mode 100644 ModelScripts/EfficientNetFamily/SurfaceTension/5v/model-8749238.err
 create mode 100644 ModelScripts/EfficientNetFamily/SurfaceTension/5v/model-8749238.out
