Agent pid 3433675
Already up to date.
Image directory path: /tmp/DataSetCombined/Edges
Output CSV path: /tmp/DataSetCombined/output_params.csv
Base model input shape: (None, 512, 512, 3)
Epoch 1/50
[main 4c14122] Predictions saved for job 8749237
 Committer: Jordan Wang <jordanw7@gn-15-35-00.mana.ci.its.hawaii.edu>
Your name and email address were configured automatically based
on your username and hostname. Please check that they are accurate.
You can suppress this message by setting them explicitly. Run the
following command and follow the instructions in your editor to edit
your configuration file:

    git config --global --edit

After doing this, you may fix the identity used for this commit with:

    git commit --amend --reset-author

 6 files changed, 48 insertions(+), 1 deletion(-)
 create mode 100644 ModelScripts/EfficientNetFamily/SurfaceTension/5v/SurfaceTension_Model_Large_Cust_V4_stats.json
 create mode 100644 ModelScripts/EfficientNetFamily/SurfaceTension/5v/model-8749237.err
 create mode 100644 ModelScripts/EfficientNetFamily/SurfaceTension/5v/model-8749237.out
